Archive member included to satisfy reference by file (symbol)

C:/Program Files/SEGGER/SEGGER Embedded Studio for ARM 4.12/lib/libm_v7em_fpv4_sp_d16_hard_t_le_eabi.a(libm_asm.o)
                              Output/ds_twr_init nrf52832_xxaa/Obj/ds_init_main.o (__aeabi_i2d)
C:/Program Files/SEGGER/SEGGER Embedded Studio for ARM 4.12/lib/libc_v7em_fpv4_sp_d16_hard_t_le_eabi.a(libc2.o)
                              Output/ds_twr_init nrf52832_xxaa/Obj/deca_device.o (abs)
C:/Program Files/SEGGER/SEGGER Embedded Studio for ARM 4.12/lib/libc_v7em_fpv4_sp_d16_hard_t_le_eabi.a(libc2_asm.o)
                              Output/ds_twr_init nrf52832_xxaa/Obj/nrf_memobj.o (memcpy)
C:/Program Files/SEGGER/SEGGER Embedded Studio for ARM 4.12/lib/libc_v7em_fpv4_sp_d16_hard_t_le_eabi.a(libc_asm.o)
                              C:/Program Files/SEGGER/SEGGER Embedded Studio for ARM 4.12/lib/libc_v7em_fpv4_sp_d16_hard_t_le_eabi.a(libc2.o) (__aeabi_uldivmod)
C:/Program Files/SEGGER/SEGGER Embedded Studio for ARM 4.12/lib/libdebugio_v7em_fpv4_sp_d16_hard_t_le_eabi.a(libdebugio.o)
                              Output/ds_twr_init nrf52832_xxaa/Obj/thumb_crt0.o (debug_fopen)
C:/Program Files/SEGGER/SEGGER Embedded Studio for ARM 4.12/lib/libdebugio_mempoll_v7em_fpv4_sp_d16_hard_t_le_eabi.a(mempoll_debug_operations.o)
                              C:/Program Files/SEGGER/SEGGER Embedded Studio for ARM 4.12/lib/libdebugio_v7em_fpv4_sp_d16_hard_t_le_eabi.a(libdebugio.o) (__do_debug_operation)
C:/Program Files/SEGGER/SEGGER Embedded Studio for ARM 4.12/lib/libdebugio_mempoll_v7em_fpv4_sp_d16_hard_t_le_eabi.a(do_nv_debug_operation.o)
                              C:/Program Files/SEGGER/SEGGER Embedded Studio for ARM 4.12/lib/libdebugio_v7em_fpv4_sp_d16_hard_t_le_eabi.a(libdebugio.o) (__do_nvdebug_operation)
C:/Program Files/SEGGER/SEGGER Embedded Studio for ARM 4.12/lib/libm_v7em_fpv4_sp_d16_hard_t_le_eabi.a(libm2.o)
                              C:/Program Files/SEGGER/SEGGER Embedded Studio for ARM 4.12/lib/libvfprintf_v7em_fpv4_sp_d16_hard_t_le_eabi.o (frexp)
C:/Program Files/SEGGER/SEGGER Embedded Studio for ARM 4.12/lib/libm_v7em_fpv4_sp_d16_hard_t_le_eabi.a(libm2_asm.o)
                              C:/Program Files/SEGGER/SEGGER Embedded Studio for ARM 4.12/lib/libm_v7em_fpv4_sp_d16_hard_t_le_eabi.a(libm2.o) (fabs)

Discarded input sections

 .text          0x0000000000000000        0x0 Output/ds_twr_init nrf52832_xxaa/Obj/thumb_crt0.o
 .data          0x0000000000000000        0x0 Output/ds_twr_init nrf52832_xxaa/Obj/thumb_crt0.o
 .bss           0x0000000000000000        0x0 Output/ds_twr_init nrf52832_xxaa/Obj/thumb_crt0.o
 .text.__heap_lock
                0x0000000000000000        0x2 Output/ds_twr_init nrf52832_xxaa/Obj/thumb_crt0.o
 .text.__heap_unlock
                0x0000000000000000        0x2 Output/ds_twr_init nrf52832_xxaa/Obj/thumb_crt0.o
 .text.__scanf_lock
                0x0000000000000000        0x2 Output/ds_twr_init nrf52832_xxaa/Obj/thumb_crt0.o
 .text.__scanf_unlock
                0x0000000000000000        0x2 Output/ds_twr_init nrf52832_xxaa/Obj/thumb_crt0.o
 .text.__debug_io_lock
                0x0000000000000000        0x2 Output/ds_twr_init nrf52832_xxaa/Obj/thumb_crt0.o
 .text.__debug_io_unlock
                0x0000000000000000        0x2 Output/ds_twr_init nrf52832_xxaa/Obj/thumb_crt0.o
 .text.abort    0x0000000000000000        0x2 Output/ds_twr_init nrf52832_xxaa/Obj/thumb_crt0.o
 .text.__assert
                0x0000000000000000        0x2 Output/ds_twr_init nrf52832_xxaa/Obj/thumb_crt0.o
 .text.__aeabi_assert
                0x0000000000000000        0x2 Output/ds_twr_init nrf52832_xxaa/Obj/thumb_crt0.o
 .text.__cxa_pure_virtual
                0x0000000000000000        0x2 Output/ds_twr_init nrf52832_xxaa/Obj/thumb_crt0.o
 .text.__cxa_guard_acquire
                0x0000000000000000       0x10 Output/ds_twr_init nrf52832_xxaa/Obj/thumb_crt0.o
 .text.__cxa_guard_release
                0x0000000000000000        0x6 Output/ds_twr_init nrf52832_xxaa/Obj/thumb_crt0.o
 .text.__cxa_guard_abort
                0x0000000000000000        0x2 Output/ds_twr_init nrf52832_xxaa/Obj/thumb_crt0.o
 .text.__sync_synchronize
                0x0000000000000000        0x2 Output/ds_twr_init nrf52832_xxaa/Obj/thumb_crt0.o
 .text.__open   0x0000000000000000        0x4 Output/ds_twr_init nrf52832_xxaa/Obj/thumb_crt0.o
 .text.__close  0x0000000000000000        0x4 Output/ds_twr_init nrf52832_xxaa/Obj/thumb_crt0.o
 .text.__write  0x0000000000000000        0xa Output/ds_twr_init nrf52832_xxaa/Obj/thumb_crt0.o
 .text.__read   0x0000000000000000        0xa Output/ds_twr_init nrf52832_xxaa/Obj/thumb_crt0.o
 .text.__seek   0x0000000000000000       0x1a Output/ds_twr_init nrf52832_xxaa/Obj/thumb_crt0.o
 .bss.__user_locale_name_buffer
                0x0000000000000000        0x4 Output/ds_twr_init nrf52832_xxaa/Obj/thumb_crt0.o
 .stack         0x0000000000000000        0x0 Output/ds_twr_init nrf52832_xxaa/Obj/thumb_crt0.o
[...]
Memory Configuration

Name             Origin             Length             Attributes
UNPLACED_SECTIONS 0x0000000100000000 0x0000000000000000 xw
FLASH            0x0000000000000000 0x0000000000080000 xr
SRAM             0x0000000020000000 0x0000000000010000 xw
*default*        0x0000000000000000 0xffffffffffffffff

Linker script and memory map

                0x0000000000007108                __vfprintf = __vfprintf_short_float_long
                0x0000000000000000                __vfscanf = __vfscanf_int
                0x0000000000000000                __FLASH_segment_start__ = 0x0
                0x0000000000080000                __FLASH_segment_end__ = 0x80000
                0x0000000000080000                __FLASH_segment_size__ = 0x80000
                0x0000000020000000                __SRAM_segment_start__ = 0x20000000
                0x0000000020010000                __SRAM_segment_end__ = 0x20010000
                0x0000000000010000                __SRAM_segment_size__ = 0x10000
                0x0000000000000400                __HEAPSIZE__ = 0x400
                0x0000000000000000                __STACKSIZE_PROCESS__ = 0x0
                0x0000000000000400                __STACKSIZE__ = 0x400
                0x0000000020000000                __vectors_ram_load_start__ = ALIGN (__SRAM_segment_start__, 0x100)

.vectors_ram    0x0000000020000000        0x0
                0x0000000020000000                __vectors_ram_start__ = .
 *(.vectors_ram .vectors_ram.*)
                0x0000000020000000                __vectors_ram_end__ = (__vectors_ram_start__ + SIZEOF (.vectors_ram))
                0x0000000000000000                __vectors_ram_size__ = SIZEOF (.vectors_ram)
                0x0000000020000000                __vectors_ram_load_end__ = __vectors_ram_end__
                0x0000000000000001                . = ASSERT (((__vectors_ram_start__ == __vectors_ram_end__) || ((__vectors_ram_end__ >= __SRAM_segment_start__) && (__vectors_ram_end__ <= __SRAM_segment_end__))), error: .vectors_ram is too large to fit in SRAM memory segment)
                0x0000000000000000                __vectors_load_start__ = ALIGN (__FLASH_segment_start__, 0x100)

.vectors        0x0000000000000000       0xd8
                0x0000000000000000                __vectors_start__ = .
 *(.vectors .vectors.*)
 .vectors       0x0000000000000000       0xd8 Output/ds_twr_init nrf52832_xxaa/Obj/ses_nrf52_startup.o
                0x0000000000000000                _vectors
                0x00000000000000d8                __vectors_end__ = (__vectors_start__ + SIZEOF (.vectors))
                0x00000000000000d8                __vectors_size__ = SIZEOF (.vectors)
                0x00000000000000d8                __vectors_load_end__ = __vectors_end__
                0x0000000000000001                . = ASSERT (((__vectors_start__ == __vectors_end__) || ((__vectors_end__ >= __FLASH_segment_start__) && (__vectors_end__ <= __FLASH_segment_end__))), error: .vectors is too large to fit in FLASH memory segment)
                0x00000000000000d8                __init_load_start__ = ALIGN (__vectors_end__, 0x4)

.init           0x00000000000000d8      0x1d8
                0x00000000000000d8                __init_start__ = .
 *(.init .init.*)
 .init          0x00000000000000d8      0x16c Output/ds_twr_init nrf52832_xxaa/Obj/thumb_crt0.o
                0x00000000000000d8                _start
                0x0000000000000194                exit
 .init          0x0000000000000244       0x6c Output/ds_twr_init nrf52832_xxaa/Obj/ses_nrf52_startup.o
                0x0000000000000244                NMI_Handler
                0x0000000000000246                HardFault_Handler
                0x0000000000000248                MemoryManagement_Handler
                0x000000000000024a                BusFault_Handler
                0x000000000000024c                UsageFault_Handler
                0x0000000000000250                DebugMon_Handler
                0x0000000000000254                SysTick_Handler
                0x0000000000000258                RADIO_IRQHandler
                0x000000000000025c                SPIM0_SPIS0_TWIM0_TWIS0_SPI0_TWI0_IRQHandler
                0x0000000000000260                NFCT_IRQHandler
                0x0000000000000264                SAADC_IRQHandler
                0x0000000000000266                TIMER0_IRQHandler
                0x0000000000000268                TIMER1_IRQHandler
                0x000000000000026a                TIMER2_IRQHandler
                0x000000000000026c                RTC0_IRQHandler
                0x000000000000026e                TEMP_IRQHandler
                0x0000000000000270                RNG_IRQHandler
                0x0000000000000272                ECB_IRQHandler
                0x0000000000000274                CCM_AAR_IRQHandler
                0x0000000000000276                WDT_IRQHandler
                0x000000000000027a                QDEC_IRQHandler
                0x000000000000027c                COMP_LPCOMP_IRQHandler
                0x000000000000027e                SWI0_EGU0_IRQHandler
                0x0000000000000280                SWI1_EGU1_IRQHandler
                0x0000000000000282                SWI2_EGU2_IRQHandler
                0x0000000000000284                SWI3_EGU3_IRQHandler
                0x0000000000000286                SWI4_EGU4_IRQHandler
                0x0000000000000288                SWI5_EGU5_IRQHandler
                0x000000000000028a                TIMER3_IRQHandler
                0x000000000000028c                TIMER4_IRQHandler
                0x000000000000028e                PWM0_IRQHandler
                0x0000000000000290                PDM_IRQHandler
                0x0000000000000292                MWU_IRQHandler
                0x0000000000000294                PWM1_IRQHandler
                0x0000000000000296                PWM2_IRQHandler
                0x0000000000000298                SPIM2_SPIS2_SPI2_IRQHandler
                0x000000000000029a                RTC2_IRQHandler
                0x000000000000029c                I2S_IRQHandler
                0x000000000000029e                reset_handler
                0x00000000000002b0                __init_end__ = (__init_start__ + SIZEOF (.init))
                0x00000000000001d8                __init_size__ = SIZEOF (.init)
                0x00000000000002b0                __init_load_end__ = __init_end__
                0x0000000000000001                . = ASSERT (((__init_start__ == __init_end__) || ((__init_end__ >= __FLASH_segment_start__) && (__init_end__ <= __FLASH_segment_end__))), error: .init is too large to fit in FLASH memory segment)
                0x00000000000002b0                __init_rodata_load_start__ = ALIGN (__init_end__, 0x4)

.init_rodata    0x00000000000002b0        0x0
                0x00000000000002b0                __init_rodata_start__ = .
 *(.init_rodata .init_rodata.*)
                0x00000000000002b0                __init_rodata_end__ = (__init_rodata_start__ + SIZEOF (.init_rodata))
                0x0000000000000000                __init_rodata_size__ = SIZEOF (.init_rodata)
                0x00000000000002b0                __init_rodata_load_end__ = __init_rodata_end__
                0x0000000000000001                . = ASSERT (((__init_rodata_start__ == __init_rodata_end__) || ((__init_rodata_end__ >= __FLASH_segment_start__) && (__init_rodata_end__ <= __FLASH_segment_end__))), error: .init_rodata is too large to fit in FLASH memory segment)
                0x00000000000002b0                __text_load_start__ = ALIGN (__init_rodata_end__, 0x4)

.text           0x00000000000002b0     0x7f64
                0x00000000000002b0                __text_start__ = .
 *(.text .text.* .glue_7t .glue_7 .gnu.linkonce.t.* .gcc_except_table .ARM.extab* .gnu.linkonce.armextab.*)
 .glue_7        0x00000000000002b0        0x0 linker stubs
 .glue_7t       0x00000000000002b0        0x0 linker stubs
 .text.__aeabi_read_tp
                0x00000000000002b0        0x8 Output/ds_twr_init nrf52832_xxaa/Obj/thumb_crt0.o
                0x00000000000002b0                __aeabi_read_tp
 .text.__printf_lock
                0x00000000000002b8        0x2 Output/ds_twr_init nrf52832_xxaa/Obj/thumb_crt0.o
                0x00000000000002b8                __printf_lock
 .text.__printf_unlock
                0x00000000000002ba        0x2 Output/ds_twr_init nrf52832_xxaa/Obj/thumb_crt0.o
                0x00000000000002ba                __printf_unlock
 .text.__NVIC_SystemReset
                0x00000000000002bc       0x24 Output/ds_twr_init nrf52832_xxaa/Obj/system_nrf52.o
 .text.SystemCoreClockUpdate
                0x00000000000002e0       0x14 Output/ds_twr_init nrf52832_xxaa/Obj/system_nrf52.o
                0x00000000000002e0                SystemCoreClockUpdate
 .text.SystemInit
                0x00000000000002f4      0x2bc Output/ds_twr_init nrf52832_xxaa/Obj/system_nrf52.o
                0x00000000000002f4                SystemInit
 .text.errata_12
                0x00000000000005b0       0x58 Output/ds_twr_init nrf52832_xxaa/Obj/system_nrf52.o
 .text.errata_16
                0x0000000000000608       0x38 Output/ds_twr_init nrf52832_xxaa/Obj/system_nrf52.o
 .text.errata_31
                0x0000000000000640       0x58 Output/ds_twr_init nrf52832_xxaa/Obj/system_nrf52.o
 .text.errata_32
                0x0000000000000698       0x38 Output/ds_twr_init nrf52832_xxaa/Obj/system_nrf52.o
 .text.errata_36
                0x00000000000006d0       0x58 Output/ds_twr_init nrf52832_xxaa/Obj/system_nrf52.o
 .text.errata_37
                0x0000000000000728       0x38 Output/ds_twr_init nrf52832_xxaa/Obj/system_nrf52.o
 .text.errata_57
                0x0000000000000760       0x38 Output/ds_twr_init nrf52832_xxaa/Obj/system_nrf52.o
 .text.errata_66
                0x0000000000000798       0x38 Output/ds_twr_init nrf52832_xxaa/Obj/system_nrf52.o
 .text.errata_108
                0x00000000000007d0       0x58 Output/ds_twr_init nrf52832_xxaa/Obj/system_nrf52.o
 .text.errata_136
                0x0000000000000828       0x58 Output/ds_twr_init nrf52832_xxaa/Obj/system_nrf52.o
 .text.nrf_gpio_pin_port_decode
                0x0000000000000880        0xe Output/ds_twr_init nrf52832_xxaa/Obj/main.o
 .text.nrf_gpio_cfg
                0x000000000000088e       0x62 Output/ds_twr_init nrf52832_xxaa/Obj/main.o
 .text.nrf_gpio_cfg_output
                0x00000000000008f0       0x22 Output/ds_twr_init nrf52832_xxaa/Obj/main.o
 .text.nrf_gpio_cfg_input
                0x0000000000000912       0x2c Output/ds_twr_init nrf52832_xxaa/Obj/main.o
 .text.led_toggle_task_function
                0x000000000000093e       0x36 Output/ds_twr_init nrf52832_xxaa/Obj/main.o
 .text.led_toggle_timer_callback
                0x0000000000000974       0x32 Output/ds_twr_init nrf52832_xxaa/Obj/main.o
 *fill*         0x00000000000009a6        0x2 
 .text.main     0x00000000000009a8      0x138 Output/ds_twr_init nrf52832_xxaa/Obj/main.o
                0x00000000000009a8                main
 .text.ds_init_run
                0x0000000000000ae0      0x230 Output/ds_twr_init nrf52832_xxaa/Obj/ds_init_main.o
                0x0000000000000ae0                ds_init_run
 .text.ds_resp_run
                0x0000000000000d10      0x1e4 Output/ds_twr_init nrf52832_xxaa/Obj/ds_init_main.o
                0x0000000000000d10                ds_resp_run
 .text.resp_msg_get_ts
                0x0000000000000ef4       0x40 Output/ds_twr_init nrf52832_xxaa/Obj/ds_init_main.o
 .text.get_rx_timestamp_u64
                0x0000000000000f34       0x72 Output/ds_twr_init nrf52832_xxaa/Obj/ds_init_main.o
 .text.resp_msg_set_ts
                0x0000000000000fa6       0x52 Output/ds_twr_init nrf52832_xxaa/Obj/ds_init_main.o
 .text.ds_initiator_task_function
                0x0000000000000ff8       0x54 Output/ds_twr_init nrf52832_xxaa/Obj/ds_init_main.o
                0x0000000000000ff8                ds_initiator_task_function
 .text.__NVIC_EnableIRQ
                0x000000000000104c       0x34 Output/ds_twr_init nrf52832_xxaa/Obj/nrf_drv_common.o
 .text.__NVIC_ClearPendingIRQ
                0x0000000000001080       0x38 Output/ds_twr_init nrf52832_xxaa/Obj/nrf_drv_common.o
 .text.__NVIC_SetPriority
                0x00000000000010b8       0x50 Output/ds_twr_init nrf52832_xxaa/Obj/nrf_drv_common.o
 .text.nrf_drv_common_irq_enable
                0x0000000000001108       0x3e Output/ds_twr_init nrf52832_xxaa/Obj/nrf_drv_common.o
                0x0000000000001108                nrf_drv_common_irq_enable
 .text.nrf_gpiote_event_is_set
                0x0000000000001146       0x2a Output/ds_twr_init nrf52832_xxaa/Obj/nrf_drv_gpiote.o
 .text.nrf_gpiote_event_clear
                0x0000000000001170       0x36 Output/ds_twr_init nrf52832_xxaa/Obj/nrf_drv_gpiote.o
 .text.nrf_gpiote_event_addr_get
                0x00000000000011a6       0x1a Output/ds_twr_init nrf52832_xxaa/Obj/nrf_drv_gpiote.o
 .text.nrf_gpiote_int_is_enabled
                0x00000000000011c0       0x18 Output/ds_twr_init nrf52832_xxaa/Obj/nrf_drv_gpiote.o
 .text.nrf_gpiote_event_pin_get
                0x00000000000011d8       0x20 Output/ds_twr_init nrf52832_xxaa/Obj/nrf_drv_gpiote.o
 .text.nrf_gpiote_event_polarity_get
                0x00000000000011f8       0x24 Output/ds_twr_init nrf52832_xxaa/Obj/nrf_drv_gpiote.o
 .text.nrf_gpio_pin_port_decode
                0x000000000000121c        0xe Output/ds_twr_init nrf52832_xxaa/Obj/nrf_drv_gpiote.o
 .text.nrf_gpio_cfg_sense_set
                0x000000000000122a       0x5c Output/ds_twr_init nrf52832_xxaa/Obj/nrf_drv_gpiote.o
 .text.nrf_gpio_pin_sense_get
                0x0000000000001286       0x2c Output/ds_twr_init nrf52832_xxaa/Obj/nrf_drv_gpiote.o
 .text.nrf_gpio_port_in_read
                0x00000000000012b2       0x10 Output/ds_twr_init nrf52832_xxaa/Obj/nrf_drv_gpiote.o
 .text.nrf_gpio_ports_read
                0x00000000000012c2       0x4e Output/ds_twr_init nrf52832_xxaa/Obj/nrf_drv_gpiote.o
 .text.nrf_bitmask_bit_is_set
                0x0000000000001310       0x30 Output/ds_twr_init nrf52832_xxaa/Obj/nrf_drv_gpiote.o
 .text.nrf_bitmask_bit_set
                0x0000000000001340       0x40 Output/ds_twr_init nrf52832_xxaa/Obj/nrf_drv_gpiote.o
 .text.channel_port_get
                0x0000000000001380       0x1c Output/ds_twr_init nrf52832_xxaa/Obj/nrf_drv_gpiote.o
 .text.channel_handler_get
                0x000000000000139c       0x18 Output/ds_twr_init nrf52832_xxaa/Obj/nrf_drv_gpiote.o
 .text.GPIOTE_IRQHandler
                0x00000000000013b4      0x2e0 Output/ds_twr_init nrf52832_xxaa/Obj/nrf_drv_gpiote.o
                0x00000000000013b4                GPIOTE_IRQHandler
 .text.__NVIC_DisableIRQ
                0x0000000000001694       0x40 Output/ds_twr_init nrf52832_xxaa/Obj/nrf_drv_spi.o
 .text.nrf_spi_event_clear
                0x00000000000016d4       0x2a Output/ds_twr_init nrf52832_xxaa/Obj/nrf_drv_spi.o
 .text.nrf_spi_event_check
                0x00000000000016fe       0x24 Output/ds_twr_init nrf52832_xxaa/Obj/nrf_drv_spi.o
 .text.nrf_spi_int_enable
                0x0000000000001722       0x14 Output/ds_twr_init nrf52832_xxaa/Obj/nrf_drv_spi.o
 .text.nrf_spi_int_disable
                0x0000000000001736       0x14 Output/ds_twr_init nrf52832_xxaa/Obj/nrf_drv_spi.o
 .text.nrf_spi_enable
                0x000000000000174a       0x12 Output/ds_twr_init nrf52832_xxaa/Obj/nrf_drv_spi.o
 .text.nrf_spi_disable
                0x000000000000175c       0x12 Output/ds_twr_init nrf52832_xxaa/Obj/nrf_drv_spi.o
 .text.nrf_spi_pins_set
                0x000000000000176e       0x28 Output/ds_twr_init nrf52832_xxaa/Obj/nrf_drv_spi.o
 .text.nrf_spi_txd_set
                0x0000000000001796       0x1a Output/ds_twr_init nrf52832_xxaa/Obj/nrf_drv_spi.o
 .text.nrf_spi_rxd_get
                0x00000000000017b0       0x12 Output/ds_twr_init nrf52832_xxaa/Obj/nrf_drv_spi.o
 .text.nrf_spi_frequency_set
                0x00000000000017c2       0x14 Output/ds_twr_init nrf52832_xxaa/Obj/nrf_drv_spi.o
 .text.nrf_spi_configure
                0x00000000000017d6       0x5e Output/ds_twr_init nrf52832_xxaa/Obj/nrf_drv_spi.o
 .text.nrf_drv_common_irq_disable
                0x0000000000001834       0x1c Output/ds_twr_init nrf52832_xxaa/Obj/nrf_drv_spi.o
 .text.nrf_gpio_pin_port_decode
                0x0000000000001850        0xe Output/ds_twr_init nrf52832_xxaa/Obj/nrf_drv_spi.o
 .text.nrf_gpio_cfg
                0x000000000000185e       0x62 Output/ds_twr_init nrf52832_xxaa/Obj/nrf_drv_spi.o
 .text.nrf_gpio_cfg_output
                0x00000000000018c0       0x22 Output/ds_twr_init nrf52832_xxaa/Obj/nrf_drv_spi.o
 .text.nrf_gpio_cfg_input
                0x00000000000018e2       0x2c Output/ds_twr_init nrf52832_xxaa/Obj/nrf_drv_spi.o
 .text.nrf_gpio_pin_set
                0x000000000000190e       0x28 Output/ds_twr_init nrf52832_xxaa/Obj/nrf_drv_spi.o
 .text.nrf_gpio_pin_clear
                0x0000000000001936       0x28 Output/ds_twr_init nrf52832_xxaa/Obj/nrf_drv_spi.o
 .text.nrf_gpio_port_out_set
                0x000000000000195e       0x14 Output/ds_twr_init nrf52832_xxaa/Obj/nrf_drv_spi.o
 .text.nrf_gpio_port_out_clear
                0x0000000000001972       0x14 Output/ds_twr_init nrf52832_xxaa/Obj/nrf_drv_spi.o
 *fill*         0x0000000000001986        0x2 
 .text.nrf_drv_spi_init
                0x0000000000001988      0x188 Output/ds_twr_init nrf52832_xxaa/Obj/nrf_drv_spi.o
                0x0000000000001988                nrf_drv_spi_init
 .text.nrf_drv_spi_uninit
                0x0000000000001b10       0x60 Output/ds_twr_init nrf52832_xxaa/Obj/nrf_drv_spi.o
                0x0000000000001b10                nrf_drv_spi_uninit
 .text.nrf_drv_spi_transfer
                0x0000000000001b70       0x3e Output/ds_twr_init nrf52832_xxaa/Obj/nrf_drv_spi.o
                0x0000000000001b70                nrf_drv_spi_transfer
 .text.finish_transfer
                0x0000000000001bae       0x3e Output/ds_twr_init nrf52832_xxaa/Obj/nrf_drv_spi.o
 .text.transfer_byte
                0x0000000000001bec      0x108 Output/ds_twr_init nrf52832_xxaa/Obj/nrf_drv_spi.o
 .text.spi_xfer
                0x0000000000001cf4       0xca Output/ds_twr_init nrf52832_xxaa/Obj/nrf_drv_spi.o
 *fill*         0x0000000000001dbe        0x2 
 .text.nrf_drv_spi_xfer
                0x0000000000001dc0       0xc4 Output/ds_twr_init nrf52832_xxaa/Obj/nrf_drv_spi.o
                0x0000000000001dc0                nrf_drv_spi_xfer
 .text.irq_handler_spi
                0x0000000000001e84       0x34 Output/ds_twr_init nrf52832_xxaa/Obj/nrf_drv_spi.o
 .text.SPIM1_SPIS1_TWIM1_TWIS1_SPI1_TWI1_IRQHandler
                0x0000000000001eb8       0x20 Output/ds_twr_init nrf52832_xxaa/Obj/nrf_drv_spi.o
                0x0000000000001eb8                SPIM1_SPIS1_TWIM1_TWIS1_SPI1_TWI1_IRQHandler
 .text.nrf_uart_event_clear
                0x0000000000001ed8       0x2a Output/ds_twr_init nrf52832_xxaa/Obj/nrf_drv_uart.o
 .text.nrf_uart_event_check
                0x0000000000001f02       0x24 Output/ds_twr_init nrf52832_xxaa/Obj/nrf_drv_uart.o
 .text.nrf_uart_int_enable
                0x0000000000001f26       0x14 Output/ds_twr_init nrf52832_xxaa/Obj/nrf_drv_uart.o
 .text.nrf_uart_int_enable_check
                0x0000000000001f3a       0x20 Output/ds_twr_init nrf52832_xxaa/Obj/nrf_drv_uart.o
 .text.nrf_uart_int_disable
                0x0000000000001f5a       0x14 Output/ds_twr_init nrf52832_xxaa/Obj/nrf_drv_uart.o
 .text.nrf_uart_errorsrc_get_and_clear
                0x0000000000001f6e       0x1c Output/ds_twr_init nrf52832_xxaa/Obj/nrf_drv_uart.o
 .text.nrf_uart_enable
                0x0000000000001f8a       0x12 Output/ds_twr_init nrf52832_xxaa/Obj/nrf_drv_uart.o
 .text.nrf_uart_txrx_pins_set
                0x0000000000001f9c       0x1e Output/ds_twr_init nrf52832_xxaa/Obj/nrf_drv_uart.o
 .text.nrf_uart_hwfc_pins_set
                0x0000000000001fba       0x1e Output/ds_twr_init nrf52832_xxaa/Obj/nrf_drv_uart.o
 .text.nrf_uart_rxd_get
                0x0000000000001fd8       0x12 Output/ds_twr_init nrf52832_xxaa/Obj/nrf_drv_uart.o
 .text.nrf_uart_txd_set
                0x0000000000001fea       0x1a Output/ds_twr_init nrf52832_xxaa/Obj/nrf_drv_uart.o
 .text.nrf_uart_task_trigger
                0x0000000000002004       0x1c Output/ds_twr_init nrf52832_xxaa/Obj/nrf_drv_uart.o
 .text.nrf_uart_configure
                0x0000000000002020       0x2a Output/ds_twr_init nrf52832_xxaa/Obj/nrf_drv_uart.o
 .text.nrf_uart_baudrate_set
                0x000000000000204a       0x14 Output/ds_twr_init nrf52832_xxaa/Obj/nrf_drv_uart.o
 .text.nrf_uarte_event_clear
                0x000000000000205e       0x2a Output/ds_twr_init nrf52832_xxaa/Obj/nrf_drv_uart.o
 .text.nrf_uarte_event_check
                0x0000000000002088       0x24 Output/ds_twr_init nrf52832_xxaa/Obj/nrf_drv_uart.o
 .text.nrf_uarte_shorts_enable
                0x00000000000020ac       0x1c Output/ds_twr_init nrf52832_xxaa/Obj/nrf_drv_uart.o
 .text.nrf_uarte_shorts_disable
                0x00000000000020c8       0x1e Output/ds_twr_init nrf52832_xxaa/Obj/nrf_drv_uart.o
 .text.nrf_uarte_int_enable
                0x00000000000020e6       0x14 Output/ds_twr_init nrf52832_xxaa/Obj/nrf_drv_uart.o
 .text.nrf_uarte_int_disable
                0x00000000000020fa       0x14 Output/ds_twr_init nrf52832_xxaa/Obj/nrf_drv_uart.o
 .text.nrf_uarte_errorsrc_get_and_clear
                0x000000000000210e       0x1c Output/ds_twr_init nrf52832_xxaa/Obj/nrf_drv_uart.o
 .text.nrf_uarte_enable
                0x000000000000212a       0x12 Output/ds_twr_init nrf52832_xxaa/Obj/nrf_drv_uart.o
 .text.nrf_uarte_txrx_pins_set
                0x000000000000213c       0x1e Output/ds_twr_init nrf52832_xxaa/Obj/nrf_drv_uart.o
 .text.nrf_uarte_hwfc_pins_set
                0x000000000000215a       0x1e Output/ds_twr_init nrf52832_xxaa/Obj/nrf_drv_uart.o
 .text.nrf_uarte_task_trigger
                0x0000000000002178       0x1c Output/ds_twr_init nrf52832_xxaa/Obj/nrf_drv_uart.o
 .text.nrf_uarte_configure
                0x0000000000002194       0x2a Output/ds_twr_init nrf52832_xxaa/Obj/nrf_drv_uart.o
 .text.nrf_uarte_baudrate_set
                0x00000000000021be       0x14 Output/ds_twr_init nrf52832_xxaa/Obj/nrf_drv_uart.o
 .text.nrf_uarte_tx_buffer_set
                0x00000000000021d2       0x24 Output/ds_twr_init nrf52832_xxaa/Obj/nrf_drv_uart.o
 .text.nrf_uarte_tx_amount_get
                0x00000000000021f6       0x10 Output/ds_twr_init nrf52832_xxaa/Obj/nrf_drv_uart.o
 .text.nrf_uarte_rx_buffer_set
                0x0000000000002206       0x24 Output/ds_twr_init nrf52832_xxaa/Obj/nrf_drv_uart.o
 .text.nrf_uarte_rx_amount_get
                0x000000000000222a       0x10 Output/ds_twr_init nrf52832_xxaa/Obj/nrf_drv_uart.o
 .text.nrf_drv_get_IRQn
                0x000000000000223a       0x16 Output/ds_twr_init nrf52832_xxaa/Obj/nrf_drv_uart.o
 .text.nrf_drv_is_in_RAM
                0x0000000000002250       0x1c Output/ds_twr_init nrf52832_xxaa/Obj/nrf_drv_uart.o
 .text.nrf_gpio_pin_port_decode
                0x000000000000226c        0xe Output/ds_twr_init nrf52832_xxaa/Obj/nrf_drv_uart.o
 .text.nrf_gpio_cfg
                0x000000000000227a       0x62 Output/ds_twr_init nrf52832_xxaa/Obj/nrf_drv_uart.o
 .text.nrf_gpio_cfg_output
                0x00000000000022dc       0x22 Output/ds_twr_init nrf52832_xxaa/Obj/nrf_drv_uart.o
 .text.nrf_gpio_cfg_input
                0x00000000000022fe       0x2c Output/ds_twr_init nrf52832_xxaa/Obj/nrf_drv_uart.o
 .text.nrf_gpio_pin_set
                0x000000000000232a       0x28 Output/ds_twr_init nrf52832_xxaa/Obj/nrf_drv_uart.o
 .text.nrf_gpio_port_out_set
                0x0000000000002352       0x14 Output/ds_twr_init nrf52832_xxaa/Obj/nrf_drv_uart.o
 *fill*         0x0000000000002366        0x2 
 .text.apply_config
                0x0000000000002368      0x160 Output/ds_twr_init nrf52832_xxaa/Obj/nrf_drv_uart.o
 .text.interrupts_enable
                0x00000000000024c8       0xd4 Output/ds_twr_init nrf52832_xxaa/Obj/nrf_drv_uart.o
 .text.uart_enable
                0x000000000000259c       0x3c Output/ds_twr_init nrf52832_xxaa/Obj/nrf_drv_uart.o
 .text.nrf_drv_uart_init
                0x00000000000025d8       0x90 Output/ds_twr_init nrf52832_xxaa/Obj/nrf_drv_uart.o
                0x00000000000025d8                nrf_drv_uart_init
 .text.tx_byte  0x0000000000002668       0x46 Output/ds_twr_init nrf52832_xxaa/Obj/nrf_drv_uart.o
 *fill*         0x00000000000026ae        0x2 
 .text.nrf_drv_uart_tx_for_uart
                0x00000000000026b0       0xe4 Output/ds_twr_init nrf52832_xxaa/Obj/nrf_drv_uart.o
 .text.nrf_drv_uart_tx_for_uarte
                0x0000000000002794       0xbc Output/ds_twr_init nrf52832_xxaa/Obj/nrf_drv_uart.o
 .text.nrf_drv_uart_tx
                0x0000000000002850       0xa0 Output/ds_twr_init nrf52832_xxaa/Obj/nrf_drv_uart.o
                0x0000000000002850                nrf_drv_uart_tx
 .text.nrf_drv_uart_tx_in_progress
                0x00000000000028f0       0x28 Output/ds_twr_init nrf52832_xxaa/Obj/nrf_drv_uart.o
                0x00000000000028f0                nrf_drv_uart_tx_in_progress
 .text.rx_enable
                0x0000000000002918       0x36 Output/ds_twr_init nrf52832_xxaa/Obj/nrf_drv_uart.o
 .text.rx_byte  0x000000000000294e       0x54 Output/ds_twr_init nrf52832_xxaa/Obj/nrf_drv_uart.o
 *fill*         0x00000000000029a2        0x2 
 .text.nrf_drv_uart_rx_for_uart
                0x00000000000029a4      0x158 Output/ds_twr_init nrf52832_xxaa/Obj/nrf_drv_uart.o
 .text.nrf_drv_uart_rx_for_uarte
                0x0000000000002afc      0x130 Output/ds_twr_init nrf52832_xxaa/Obj/nrf_drv_uart.o
 .text.nrf_drv_uart_rx
                0x0000000000002c2c      0x158 Output/ds_twr_init nrf52832_xxaa/Obj/nrf_drv_uart.o
                0x0000000000002c2c                nrf_drv_uart_rx
 .text.nrf_drv_uart_rx_enable
                0x0000000000002d84       0x54 Output/ds_twr_init nrf52832_xxaa/Obj/nrf_drv_uart.o
                0x0000000000002d84                nrf_drv_uart_rx_enable
 .text.rx_done_event
                0x0000000000002dd8       0x36 Output/ds_twr_init nrf52832_xxaa/Obj/nrf_drv_uart.o
 .text.tx_done_event
                0x0000000000002e0e       0x3c Output/ds_twr_init nrf52832_xxaa/Obj/nrf_drv_uart.o
 .text.uart_irq_handler
                0x0000000000002e4a      0x1d4 Output/ds_twr_init nrf52832_xxaa/Obj/nrf_drv_uart.o
 .text.uarte_irq_handler
                0x000000000000301e      0x160 Output/ds_twr_init nrf52832_xxaa/Obj/nrf_drv_uart.o
 *fill*         0x000000000000317e        0x2 
 .text.UARTE0_UART0_IRQHandler
                0x0000000000003180       0x28 Output/ds_twr_init nrf52832_xxaa/Obj/nrf_drv_uart.o
                0x0000000000003180                UARTE0_UART0_IRQHandler
 .text.nrf_clock_int_enable
                0x00000000000031a8       0x14 Output/ds_twr_init nrf52832_xxaa/Obj/nrf_drv_clock.o
 .text.nrf_clock_int_disable
                0x00000000000031bc       0x14 Output/ds_twr_init nrf52832_xxaa/Obj/nrf_drv_clock.o
 .text.nrf_clock_task_trigger
                0x00000000000031d0       0x1a Output/ds_twr_init nrf52832_xxaa/Obj/nrf_drv_clock.o
 .text.nrf_clock_event_clear
                0x00000000000031ea       0x28 Output/ds_twr_init nrf52832_xxaa/Obj/nrf_drv_clock.o
 .text.nrf_clock_event_check
                0x0000000000003212       0x22 Output/ds_twr_init nrf52832_xxaa/Obj/nrf_drv_clock.o
 .text.lfclk_start
                0x0000000000003234       0x1a Output/ds_twr_init nrf52832_xxaa/Obj/nrf_drv_clock.o
 .text.item_enqueue
                0x000000000000324e       0x38 Output/ds_twr_init nrf52832_xxaa/Obj/nrf_drv_clock.o
 .text.item_dequeue
                0x0000000000003286       0x20 Output/ds_twr_init nrf52832_xxaa/Obj/nrf_drv_clock.o
 *fill*         0x00000000000032a6        0x2 
 .text.nrf_drv_clock_lfclk_request
                0x00000000000032a8       0x78 Output/ds_twr_init nrf52832_xxaa/Obj/nrf_drv_clock.o
                0x00000000000032a8                nrf_drv_clock_lfclk_request
 .text.clock_clk_started_notify
                0x0000000000003320       0x4c Output/ds_twr_init nrf52832_xxaa/Obj/nrf_drv_clock.o
 .text.POWER_CLOCK_IRQHandler
                0x000000000000336c       0x5c Output/ds_twr_init nrf52832_xxaa/Obj/nrf_drv_clock.o
                0x000000000000336c                POWER_CLOCK_IRQHandler
 .text.app_error_handler_bare
                0x00000000000033c8       0x2a Output/ds_twr_init nrf52832_xxaa/Obj/app_error.o
                0x00000000000033c8                app_error_handler_bare
 *fill*         0x00000000000033f2        0x2 
 .text.__NVIC_SystemReset
                0x00000000000033f4       0x24 Output/ds_twr_init nrf52832_xxaa/Obj/app_error_weak.o
 .text.app_error_fault_handler
                0x0000000000003418       0x28 Output/ds_twr_init nrf52832_xxaa/Obj/app_error_weak.o
                0x0000000000003418                app_error_fault_handler
 .text.app_util_disable_irq
                0x0000000000003440       0x14 Output/ds_twr_init nrf52832_xxaa/Obj/app_util_platform.o
                0x0000000000003440                app_util_disable_irq
 .text.app_util_enable_irq
                0x0000000000003454       0x1c Output/ds_twr_init nrf52832_xxaa/Obj/app_util_platform.o
                0x0000000000003454                app_util_enable_irq
 .text.app_util_critical_region_enter
                0x0000000000003470       0x12 Output/ds_twr_init nrf52832_xxaa/Obj/app_util_platform.o
                0x0000000000003470                app_util_critical_region_enter
 .text.app_util_critical_region_exit
                0x0000000000003482       0x16 Output/ds_twr_init nrf52832_xxaa/Obj/app_util_platform.o
                0x0000000000003482                app_util_critical_region_exit
 .text.fifo_length
                0x0000000000003498       0x18 Output/ds_twr_init nrf52832_xxaa/Obj/app_fifo.o
 .text.fifo_put
                0x00000000000034b0       0x30 Output/ds_twr_init nrf52832_xxaa/Obj/app_fifo.o
 .text.fifo_peek
                0x00000000000034e0       0x2e Output/ds_twr_init nrf52832_xxaa/Obj/app_fifo.o
 .text.fifo_get
                0x000000000000350e       0x24 Output/ds_twr_init nrf52832_xxaa/Obj/app_fifo.o
 .text.app_fifo_init
                0x0000000000003532       0x58 Output/ds_twr_init nrf52832_xxaa/Obj/app_fifo.o
                0x0000000000003532                app_fifo_init
 .text.app_fifo_put
                0x000000000000358a       0x36 Output/ds_twr_init nrf52832_xxaa/Obj/app_fifo.o
                0x000000000000358a                app_fifo_put
 .text.app_fifo_get
                0x00000000000035c0       0x2a Output/ds_twr_init nrf52832_xxaa/Obj/app_fifo.o
                0x00000000000035c0                app_fifo_get
 .text.fifo_length
                0x00000000000035ea       0x18 Output/ds_twr_init nrf52832_xxaa/Obj/app_uart_fifo.o
 *fill*         0x0000000000003602        0x2 
 .text.uart_event_handler
                0x0000000000003604       0xf8 Output/ds_twr_init nrf52832_xxaa/Obj/app_uart_fifo.o
 .text.app_uart_init
                0x00000000000036fc      0x128 Output/ds_twr_init nrf52832_xxaa/Obj/app_uart_fifo.o
                0x00000000000036fc                app_uart_init
 .text.app_uart_put
                0x0000000000003824       0x60 Output/ds_twr_init nrf52832_xxaa/Obj/app_uart_fifo.o
                0x0000000000003824                app_uart_put
 .text.__putchar
                0x0000000000003884       0x1c Output/ds_twr_init nrf52832_xxaa/Obj/retarget.o
                0x0000000000003884                __putchar
 .text.dwt_initialise
                0x00000000000038a0      0x184 Output/ds_twr_init nrf52832_xxaa/Obj/deca_device.o
                0x00000000000038a0                dwt_initialise
 .text.dwt_readdevid
                0x0000000000003a24       0x10 Output/ds_twr_init nrf52832_xxaa/Obj/deca_device.o
                0x0000000000003a24                dwt_readdevid
 .text.dwt_configure
                0x0000000000003a34      0x304 Output/ds_twr_init nrf52832_xxaa/Obj/deca_device.o
                0x0000000000003a34                dwt_configure
 .text.dwt_setrxantennadelay
                0x0000000000003d38       0x22 Output/ds_twr_init nrf52832_xxaa/Obj/deca_device.o
                0x0000000000003d38                dwt_setrxantennadelay
 .text.dwt_settxantennadelay
                0x0000000000003d5a       0x20 Output/ds_twr_init nrf52832_xxaa/Obj/deca_device.o
                0x0000000000003d5a                dwt_settxantennadelay
 .text.dwt_writetxdata
                0x0000000000003d7a       0x46 Output/ds_twr_init nrf52832_xxaa/Obj/deca_device.o
                0x0000000000003d7a                dwt_writetxdata
 .text.dwt_writetxfctrl
                0x0000000000003dc0       0x44 Output/ds_twr_init nrf52832_xxaa/Obj/deca_device.o
                0x0000000000003dc0                dwt_writetxfctrl
 .text.dwt_readrxdata
                0x0000000000003e04       0x2a Output/ds_twr_init nrf52832_xxaa/Obj/deca_device.o
                0x0000000000003e04                dwt_readrxdata
 .text.dwt_readcarrierintegrator
                0x0000000000003e2e       0x60 Output/ds_twr_init nrf52832_xxaa/Obj/deca_device.o
                0x0000000000003e2e                dwt_readcarrierintegrator
 .text.dwt_readtxtimestamplo32
                0x0000000000003e8e       0x10 Output/ds_twr_init nrf52832_xxaa/Obj/deca_device.o
                0x0000000000003e8e                dwt_readtxtimestamplo32
 .text.dwt_readrxtimestamp
                0x0000000000003e9e       0x1a Output/ds_twr_init nrf52832_xxaa/Obj/deca_device.o
                0x0000000000003e9e                dwt_readrxtimestamp
 .text.dwt_readrxtimestamplo32
                0x0000000000003eb8       0x10 Output/ds_twr_init nrf52832_xxaa/Obj/deca_device.o
                0x0000000000003eb8                dwt_readrxtimestamplo32
 .text.dwt_writetodevice
                0x0000000000003ec8       0xbc Output/ds_twr_init nrf52832_xxaa/Obj/deca_device.o
                0x0000000000003ec8                dwt_writetodevice
 .text.dwt_readfromdevice
                0x0000000000003f84       0xb6 Output/ds_twr_init nrf52832_xxaa/Obj/deca_device.o
                0x0000000000003f84                dwt_readfromdevice
 .text.dwt_read32bitoffsetreg
                0x000000000000403a       0x48 Output/ds_twr_init nrf52832_xxaa/Obj/deca_device.o
                0x000000000000403a                dwt_read32bitoffsetreg
 .text.dwt_read16bitoffsetreg
                0x0000000000004082       0x40 Output/ds_twr_init nrf52832_xxaa/Obj/deca_device.o
                0x0000000000004082                dwt_read16bitoffsetreg
 .text.dwt_read8bitoffsetreg
                0x00000000000040c2       0x26 Output/ds_twr_init nrf52832_xxaa/Obj/deca_device.o
                0x00000000000040c2                dwt_read8bitoffsetreg
 .text.dwt_write8bitoffsetreg
                0x00000000000040e8       0x28 Output/ds_twr_init nrf52832_xxaa/Obj/deca_device.o
                0x00000000000040e8                dwt_write8bitoffsetreg
 .text.dwt_write16bitoffsetreg
                0x0000000000004110       0x3e Output/ds_twr_init nrf52832_xxaa/Obj/deca_device.o
                0x0000000000004110                dwt_write16bitoffsetreg
 .text.dwt_write32bitoffsetreg
                0x000000000000414e       0x48 Output/ds_twr_init nrf52832_xxaa/Obj/deca_device.o
                0x000000000000414e                dwt_write32bitoffsetreg
 .text._dwt_otpread
                0x0000000000004196       0x3c Output/ds_twr_init nrf52832_xxaa/Obj/deca_device.o
                0x0000000000004196                _dwt_otpread
 .text._dwt_aonarrayupload
                0x00000000000041d2       0x1a Output/ds_twr_init nrf52832_xxaa/Obj/deca_device.o
                0x00000000000041d2                _dwt_aonarrayupload
 .text._dwt_configlde
                0x00000000000041ec       0x3e Output/ds_twr_init nrf52832_xxaa/Obj/deca_device.o
                0x00000000000041ec                _dwt_configlde
 .text._dwt_loaducodefromrom
                0x000000000000422a       0x24 Output/ds_twr_init nrf52832_xxaa/Obj/deca_device.o
                0x000000000000422a                _dwt_loaducodefromrom
 .text.dwt_setrxaftertxdelay
                0x000000000000424e       0x36 Output/ds_twr_init nrf52832_xxaa/Obj/deca_device.o
                0x000000000000424e                dwt_setrxaftertxdelay
 .text.dwt_setleds
                0x0000000000004284       0xbe Output/ds_twr_init nrf52832_xxaa/Obj/deca_device.o
                0x0000000000004284                dwt_setleds
 *fill*         0x0000000000004342        0x2 
 .text._dwt_enableclocks
                0x0000000000004344      0x158 Output/ds_twr_init nrf52832_xxaa/Obj/deca_device.o
                0x0000000000004344                _dwt_enableclocks
 .text._dwt_disablesequencing
                0x000000000000449c       0x16 Output/ds_twr_init nrf52832_xxaa/Obj/deca_device.o
                0x000000000000449c                _dwt_disablesequencing
 .text.dwt_setdelayedtrxtime
                0x00000000000044b2       0x18 Output/ds_twr_init nrf52832_xxaa/Obj/deca_device.o
                0x00000000000044b2                dwt_setdelayedtrxtime
 *fill*         0x00000000000044ca        0x2 
 .text.dwt_starttx
                0x00000000000044cc       0xd4 Output/ds_twr_init nrf52832_xxaa/Obj/deca_device.o
                0x00000000000044cc                dwt_starttx
 .text.dwt_forcetrxoff
                0x00000000000045a0       0x60 Output/ds_twr_init nrf52832_xxaa/Obj/deca_device.o
                0x00000000000045a0                dwt_forcetrxoff
 .text.dwt_syncrxbufptrs
                0x0000000000004600       0x38 Output/ds_twr_init nrf52832_xxaa/Obj/deca_device.o
                0x0000000000004600                dwt_syncrxbufptrs
 .text.dwt_rxenable
                0x0000000000004638       0x8e Output/ds_twr_init nrf52832_xxaa/Obj/deca_device.o
                0x0000000000004638                dwt_rxenable
 *fill*         0x00000000000046c6        0x2 
 .text.dwt_setrxtimeout
                0x00000000000046c8       0x90 Output/ds_twr_init nrf52832_xxaa/Obj/deca_device.o
                0x00000000000046c8                dwt_setrxtimeout
 .text.dwt_rxreset
                0x0000000000004758       0x1a Output/ds_twr_init nrf52832_xxaa/Obj/deca_device.o
                0x0000000000004758                dwt_rxreset
 *fill*         0x0000000000004772        0x2 
 .text.dwt_softreset
                0x0000000000004774       0x48 Output/ds_twr_init nrf52832_xxaa/Obj/deca_device.o
                0x0000000000004774                dwt_softreset
 .text.dwt_setxtaltrim
                0x00000000000047bc       0x34 Output/ds_twr_init nrf52832_xxaa/Obj/deca_device.o
                0x00000000000047bc                dwt_setxtaltrim
 .text.nrf_gpio_pin_port_decode
                0x00000000000047f0        0xe Output/ds_twr_init nrf52832_xxaa/Obj/port_platform.o
 .text.nrf_gpio_cfg
                0x00000000000047fe       0x62 Output/ds_twr_init nrf52832_xxaa/Obj/port_platform.o
 .text.nrf_gpio_cfg_output
                0x0000000000004860       0x22 Output/ds_twr_init nrf52832_xxaa/Obj/port_platform.o
 .text.nrf_gpio_cfg_input
                0x0000000000004882       0x2c Output/ds_twr_init nrf52832_xxaa/Obj/port_platform.o
 .text.nrf_gpio_pin_clear
                0x00000000000048ae       0x28 Output/ds_twr_init nrf52832_xxaa/Obj/port_platform.o
 .text.nrf_gpio_port_out_clear
                0x00000000000048d6       0x14 Output/ds_twr_init nrf52832_xxaa/Obj/port_platform.o
 *fill*         0x00000000000048ea        0x2 
 .text.nrf_delay_us
                0x00000000000048ec       0xa0 Output/ds_twr_init nrf52832_xxaa/Obj/port_platform.o
 .text.nrf_delay_ms
                0x000000000000498c       0x1e Output/ds_twr_init nrf52832_xxaa/Obj/port_platform.o
 *fill*         0x00000000000049aa        0x2 
 .text.spi_event_handler
                0x00000000000049ac       0x18 Output/ds_twr_init nrf52832_xxaa/Obj/port_platform.o
                0x00000000000049ac                spi_event_handler
 .text.readfromspi
                0x00000000000049c4      0x138 Output/ds_twr_init nrf52832_xxaa/Obj/port_platform.o
                0x00000000000049c4                readfromspi
 .text.writetospi
                0x0000000000004afc      0x124 Output/ds_twr_init nrf52832_xxaa/Obj/port_platform.o
                0x0000000000004afc                writetospi
 .text.reset_DW1000
                0x0000000000004c20       0x26 Output/ds_twr_init nrf52832_xxaa/Obj/port_platform.o
                0x0000000000004c20                reset_DW1000
 *fill*         0x0000000000004c46        0x2 
 .text.port_set_dw1000_slowrate
                0x0000000000004c48       0x48 Output/ds_twr_init nrf52832_xxaa/Obj/port_platform.o
                0x0000000000004c48                port_set_dw1000_slowrate
 .text.port_set_dw1000_fastrate
                0x0000000000004c90       0x4c Output/ds_twr_init nrf52832_xxaa/Obj/port_platform.o
                0x0000000000004c90                port_set_dw1000_fastrate
 .text.deca_sleep
                0x0000000000004cdc       0x14 Output/ds_twr_init nrf52832_xxaa/Obj/port_platform.o
                0x0000000000004cdc                deca_sleep
 .text.decamutexon
                0x0000000000004cf0        0x6 Output/ds_twr_init nrf52832_xxaa/Obj/port_platform.o
                0x0000000000004cf0                decamutexon
 .text.decamutexoff
                0x0000000000004cf6        0xa Output/ds_twr_init nrf52832_xxaa/Obj/port_platform.o
                0x0000000000004cf6                decamutexoff
 .text.vListInitialise
                0x0000000000004d00       0x36 Output/ds_twr_init nrf52832_xxaa/Obj/list.o
                0x0000000000004d00                vListInitialise
 .text.vListInitialiseItem
                0x0000000000004d36       0x10 Output/ds_twr_init nrf52832_xxaa/Obj/list.o
                0x0000000000004d36                vListInitialiseItem
 .text.vListInsertEnd
                0x0000000000004d46       0x3e Output/ds_twr_init nrf52832_xxaa/Obj/list.o
                0x0000000000004d46                vListInsertEnd
 .text.vListInsert
                0x0000000000004d84       0x68 Output/ds_twr_init nrf52832_xxaa/Obj/list.o
                0x0000000000004d84                vListInsert
 .text.uxListRemove
                0x0000000000004dec       0x4a Output/ds_twr_init nrf52832_xxaa/Obj/list.o
                0x0000000000004dec                uxListRemove
 .text.ulPortRaiseBASEPRI
                0x0000000000004e36       0x1e Output/ds_twr_init nrf52832_xxaa/Obj/queue.o
 .text.xQueueGenericReset
                0x0000000000004e54       0xb4 Output/ds_twr_init nrf52832_xxaa/Obj/queue.o
                0x0000000000004e54                xQueueGenericReset
 .text.xQueueGenericCreate
                0x0000000000004f08       0x7a Output/ds_twr_init nrf52832_xxaa/Obj/queue.o
                0x0000000000004f08                xQueueGenericCreate
 *fill*         0x0000000000004f82        0x2 
 .text.xQueueGenericSend
                0x0000000000004f84      0x148 Output/ds_twr_init nrf52832_xxaa/Obj/queue.o
                0x0000000000004f84                xQueueGenericSend
 .text.xQueueGenericSendFromISR
                0x00000000000050cc       0x8a Output/ds_twr_init nrf52832_xxaa/Obj/queue.o
                0x00000000000050cc                xQueueGenericSendFromISR
 *fill*         0x0000000000005156        0x2 
 .text.xQueueGenericReceive
                0x0000000000005158      0x194 Output/ds_twr_init nrf52832_xxaa/Obj/queue.o
                0x0000000000005158                xQueueGenericReceive
 .text.prvCopyDataToQueue
                0x00000000000052ec       0xd4 Output/ds_twr_init nrf52832_xxaa/Obj/queue.o
 .text.prvCopyDataFromQueue
                0x00000000000053c0       0x4a Output/ds_twr_init nrf52832_xxaa/Obj/queue.o
 .text.prvUnlockQueue
                0x000000000000540a       0x96 Output/ds_twr_init nrf52832_xxaa/Obj/queue.o
 .text.prvIsQueueEmpty
                0x00000000000054a0       0x2a Output/ds_twr_init nrf52832_xxaa/Obj/queue.o
 .text.prvIsQueueFull
                0x00000000000054ca       0x2e Output/ds_twr_init nrf52832_xxaa/Obj/queue.o
 .text.vQueueAddToRegistry
                0x00000000000054f8       0x48 Output/ds_twr_init nrf52832_xxaa/Obj/queue.o
                0x00000000000054f8                vQueueAddToRegistry
 .text.vQueueWaitForMessageRestricted
                0x0000000000005540       0x56 Output/ds_twr_init nrf52832_xxaa/Obj/queue.o
                0x0000000000005540                vQueueWaitForMessageRestricted
 *fill*         0x0000000000005596        0x2 
 .text.xTaskGenericCreate
                0x0000000000005598      0x150 Output/ds_twr_init nrf52832_xxaa/Obj/tasks.o
                0x0000000000005598                xTaskGenericCreate
 .text.vTaskDelay
                0x00000000000056e8       0x64 Output/ds_twr_init nrf52832_xxaa/Obj/tasks.o
                0x00000000000056e8                vTaskDelay
 .text.vTaskStartScheduler
                0x000000000000574c       0x6c Output/ds_twr_init nrf52832_xxaa/Obj/tasks.o
                0x000000000000574c                vTaskStartScheduler
 .text.vTaskSuspendAll
                0x00000000000057b8       0x14 Output/ds_twr_init nrf52832_xxaa/Obj/tasks.o
                0x00000000000057b8                vTaskSuspendAll
 .text.xTaskResumeAll
                0x00000000000057cc      0x10c Output/ds_twr_init nrf52832_xxaa/Obj/tasks.o
                0x00000000000057cc                xTaskResumeAll
 .text.xTaskGetTickCount
                0x00000000000058d8       0x14 Output/ds_twr_init nrf52832_xxaa/Obj/tasks.o
                0x00000000000058d8                xTaskGetTickCount
 .text.xTaskIncrementTick
                0x00000000000058ec      0x13c Output/ds_twr_init nrf52832_xxaa/Obj/tasks.o
                0x00000000000058ec                xTaskIncrementTick
 .text.vTaskSwitchContext
                0x0000000000005a28       0x90 Output/ds_twr_init nrf52832_xxaa/Obj/tasks.o
                0x0000000000005a28                vTaskSwitchContext
 .text.vTaskPlaceOnEventList
                0x0000000000005ab8       0x60 Output/ds_twr_init nrf52832_xxaa/Obj/tasks.o
                0x0000000000005ab8                vTaskPlaceOnEventList
 .text.vTaskPlaceOnEventListRestricted
                0x0000000000005b18       0x44 Output/ds_twr_init nrf52832_xxaa/Obj/tasks.o
                0x0000000000005b18                vTaskPlaceOnEventListRestricted
 .text.xTaskRemoveFromEventList
                0x0000000000005b5c       0xa8 Output/ds_twr_init nrf52832_xxaa/Obj/tasks.o
                0x0000000000005b5c                xTaskRemoveFromEventList
 .text.vTaskSetTimeOutState
                0x0000000000005c04       0x24 Output/ds_twr_init nrf52832_xxaa/Obj/tasks.o
                0x0000000000005c04                vTaskSetTimeOutState
 .text.xTaskCheckForTimeOut
                0x0000000000005c28       0x88 Output/ds_twr_init nrf52832_xxaa/Obj/tasks.o
                0x0000000000005c28                xTaskCheckForTimeOut
 .text.vTaskMissedYield
                0x0000000000005cb0       0x10 Output/ds_twr_init nrf52832_xxaa/Obj/tasks.o
                0x0000000000005cb0                vTaskMissedYield
 .text.prvIdleTask
                0x0000000000005cc0       0x30 Output/ds_twr_init nrf52832_xxaa/Obj/tasks.o
 .text.prvInitialiseTCBVariables
                0x0000000000005cf0       0xa6 Output/ds_twr_init nrf52832_xxaa/Obj/tasks.o
 *fill*         0x0000000000005d96        0x2 
 .text.prvInitialiseTaskLists
                0x0000000000005d98       0x7c Output/ds_twr_init nrf52832_xxaa/Obj/tasks.o
 .text.prvCheckTasksWaitingTermination
                0x0000000000005e14       0x74 Output/ds_twr_init nrf52832_xxaa/Obj/tasks.o
 .text.prvAddCurrentTaskToDelayedList
                0x0000000000005e88       0x6c Output/ds_twr_init nrf52832_xxaa/Obj/tasks.o
 .text.prvAllocateTCBAndStack
                0x0000000000005ef4       0x70 Output/ds_twr_init nrf52832_xxaa/Obj/tasks.o
 .text.prvDeleteTCB
                0x0000000000005f64       0x1e Output/ds_twr_init nrf52832_xxaa/Obj/tasks.o
 *fill*         0x0000000000005f82        0x2 
 .text.prvResetNextTaskUnblockTime
                0x0000000000005f84       0x40 Output/ds_twr_init nrf52832_xxaa/Obj/tasks.o
 .text.xTaskGetSchedulerState
                0x0000000000005fc4       0x34 Output/ds_twr_init nrf52832_xxaa/Obj/tasks.o
                0x0000000000005fc4                xTaskGetSchedulerState
 .text.vTaskPriorityInherit
                0x0000000000005ff8       0xbc Output/ds_twr_init nrf52832_xxaa/Obj/tasks.o
                0x0000000000005ff8                vTaskPriorityInherit
 .text.xTaskPriorityDisinherit
                0x00000000000060b4       0x98 Output/ds_twr_init nrf52832_xxaa/Obj/tasks.o
                0x00000000000060b4                xTaskPriorityDisinherit
 .text.pvTaskIncrementMutexHeldCount
                0x000000000000614c       0x20 Output/ds_twr_init nrf52832_xxaa/Obj/tasks.o
                0x000000000000614c                pvTaskIncrementMutexHeldCount
 .text.xTimerCreateTimerTask
                0x000000000000616c       0x4c Output/ds_twr_init nrf52832_xxaa/Obj/timers.o
                0x000000000000616c                xTimerCreateTimerTask
 .text.xTimerCreate
                0x00000000000061b8       0x5c Output/ds_twr_init nrf52832_xxaa/Obj/timers.o
                0x00000000000061b8                xTimerCreate
 .text.xTimerGenericCommand
                0x0000000000006214       0x78 Output/ds_twr_init nrf52832_xxaa/Obj/timers.o
                0x0000000000006214                xTimerGenericCommand
 .text.prvProcessExpiredTimer
                0x000000000000628c       0x64 Output/ds_twr_init nrf52832_xxaa/Obj/timers.o
 .text.prvTimerTask
                0x00000000000062f0       0x20 Output/ds_twr_init nrf52832_xxaa/Obj/timers.o
 .text.prvProcessTimerOrBlockTask
                0x0000000000006310       0x7c Output/ds_twr_init nrf52832_xxaa/Obj/timers.o
 .text.prvGetNextExpireTime
                0x000000000000638c       0x40 Output/ds_twr_init nrf52832_xxaa/Obj/timers.o
 .text.prvSampleTimeNow
                0x00000000000063cc       0x3c Output/ds_twr_init nrf52832_xxaa/Obj/timers.o
 .text.prvInsertTimerInActiveList
                0x0000000000006408       0x84 Output/ds_twr_init nrf52832_xxaa/Obj/timers.o
 .text.prvProcessReceivedCommands
                0x000000000000648c      0x104 Output/ds_twr_init nrf52832_xxaa/Obj/timers.o
 .text.prvSwitchTimerLists
                0x0000000000006590       0xa4 Output/ds_twr_init nrf52832_xxaa/Obj/timers.o
 .text.prvCheckForValidListAndQueue
                0x0000000000006634       0x6c Output/ds_twr_init nrf52832_xxaa/Obj/timers.o
 .text.pvPortMalloc
                0x00000000000066a0       0x88 Output/ds_twr_init nrf52832_xxaa/Obj/heap_1.o
                0x00000000000066a0                pvPortMalloc
 .text.vPortFree
                0x0000000000006728        0xa Output/ds_twr_init nrf52832_xxaa/Obj/heap_1.o
                0x0000000000006728                vPortFree
 *fill*         0x0000000000006732        0x2 
 .text.__NVIC_SetPriority
                0x0000000000006734       0x50 Output/ds_twr_init nrf52832_xxaa/Obj/port_cmsis.o
 .text.pxPortInitialiseStack
                0x0000000000006784       0x60 Output/ds_twr_init nrf52832_xxaa/Obj/port_cmsis.o
                0x0000000000006784                pxPortInitialiseStack
 .text.prvTaskExitError
                0x00000000000067e4        0xe Output/ds_twr_init nrf52832_xxaa/Obj/port_cmsis.o
 *fill*         0x00000000000067f2        0x2 
 .text.xPortStartScheduler
                0x00000000000067f4       0x4c Output/ds_twr_init nrf52832_xxaa/Obj/port_cmsis.o
                0x00000000000067f4                xPortStartScheduler
 .text.vPortEnterCritical
                0x0000000000006840       0x20 Output/ds_twr_init nrf52832_xxaa/Obj/port_cmsis.o
                0x0000000000006840                vPortEnterCritical
 .text.vPortExitCritical
                0x0000000000006860       0x28 Output/ds_twr_init nrf52832_xxaa/Obj/port_cmsis.o
                0x0000000000006860                vPortExitCritical
 .text.vPortEnableVFP
                0x0000000000006888       0x18 Output/ds_twr_init nrf52832_xxaa/Obj/port_cmsis.o
 .text.__NVIC_EnableIRQ
                0x00000000000068a0       0x34 Output/ds_twr_init nrf52832_xxaa/Obj/port_cmsis_systick.o
 .text.__NVIC_SetPriority
                0x00000000000068d4       0x50 Output/ds_twr_init nrf52832_xxaa/Obj/port_cmsis_systick.o
 .text.ulPortRaiseBASEPRI
                0x0000000000006924       0x1e Output/ds_twr_init nrf52832_xxaa/Obj/port_cmsis_systick.o
 .text.nrf_rtc_int_enable
                0x0000000000006942       0x14 Output/ds_twr_init nrf52832_xxaa/Obj/port_cmsis_systick.o
 .text.nrf_rtc_event_clear
                0x0000000000006956       0x2a Output/ds_twr_init nrf52832_xxaa/Obj/port_cmsis_systick.o
 .text.nrf_rtc_counter_get
                0x0000000000006980       0x10 Output/ds_twr_init nrf52832_xxaa/Obj/port_cmsis_systick.o
 .text.nrf_rtc_prescaler_set
                0x0000000000006990       0x14 Output/ds_twr_init nrf52832_xxaa/Obj/port_cmsis_systick.o
 .text.nrf_rtc_task_trigger
                0x00000000000069a4       0x1e Output/ds_twr_init nrf52832_xxaa/Obj/port_cmsis_systick.o
 .text.nrf_rtc_event_enable
                0x00000000000069c2       0x14 Output/ds_twr_init nrf52832_xxaa/Obj/port_cmsis_systick.o
 *fill*         0x00000000000069d6        0x2 
 .text.RTC1_IRQHandler
                0x00000000000069d8       0x88 Output/ds_twr_init nrf52832_xxaa/Obj/port_cmsis_systick.o
                0x00000000000069d8                RTC1_IRQHandler
 .text.vPortSetupTimerInterrupt
                0x0000000000006a60       0x48 Output/ds_twr_init nrf52832_xxaa/Obj/port_cmsis_systick.o
                0x0000000000006a60                vPortSetupTimerInterrupt
 .text.vPortStartFirstTask
                0x0000000000006aa8       0x20 Output/ds_twr_init nrf52832_xxaa/Obj/port.o
                0x0000000000006aa8                vPortStartFirstTask
 .text.SVC_Handler
                0x0000000000006ac8       0x24 Output/ds_twr_init nrf52832_xxaa/Obj/port.o
                0x0000000000006ac8                SVC_Handler
 .text.PendSV_Handler
                0x0000000000006aec       0x64 Output/ds_twr_init nrf52832_xxaa/Obj/port.o
                0x0000000000006aec                PendSV_Handler
 .text.boUART_Init
                0x0000000000006b50       0x48 Output/ds_twr_init nrf52832_xxaa/Obj/UART.o
                0x0000000000006b50                boUART_Init
 .text.vUartErrorHandle
                0x0000000000006b98       0x34 Output/ds_twr_init nrf52832_xxaa/Obj/UART.o
 .text.vHandleUartInternalErrors
                0x0000000000006bcc        0xa Output/ds_twr_init nrf52832_xxaa/Obj/UART.o
 .text.libc.__int32_to_float64
                0x0000000000006bd6       0x2e C:/Program Files/SEGGER/SEGGER Embedded Studio for ARM 4.12/lib/libm_v7em_fpv4_sp_d16_hard_t_le_eabi.a(libm_asm.o)
                0x0000000000006bd6                __aeabi_i2d
                0x0000000000006bd6                __int32_to_float64
                0x0000000000006bd6                __floatsidf
 .text.libc.__float32_to_float64
                0x0000000000006c04       0x38 C:/Program Files/SEGGER/SEGGER Embedded Studio for ARM 4.12/lib/libm_v7em_fpv4_sp_d16_hard_t_le_eabi.a(libm_asm.o)
                0x0000000000006c04                __float32_to_float64
                0x0000000000006c04                __aeabi_f2d
                0x0000000000006c04                __extendsfdf2
 .text.libc.__float64_to_float32
                0x0000000000006c3c       0x6e C:/Program Files/SEGGER/SEGGER Embedded Studio for ARM 4.12/lib/libm_v7em_fpv4_sp_d16_hard_t_le_eabi.a(libm_asm.o)
                0x0000000000006c3c                __truncdfsf2
                0x0000000000006c3c                __float64_to_float32
                0x0000000000006c3c                __aeabi_d2f
 *fill*         0x0000000000006caa        0x2 
 .text.libc.__float64_mul
                0x0000000000006cac      0x16c C:/Program Files/SEGGER/SEGGER Embedded Studio for ARM 4.12/lib/libm_v7em_fpv4_sp_d16_hard_t_le_eabi.a(libm_asm.o)
                0x0000000000006cac                __float64_mul
                0x0000000000006cac                __muldf3
                0x0000000000006cac                __aeabi_dmul
 .text.libc.__float32_signbit
                0x0000000000006e18        0xa C:/Program Files/SEGGER/SEGGER Embedded Studio for ARM 4.12/lib/libm_v7em_fpv4_sp_d16_hard_t_le_eabi.a(libm_asm.o)
                0x0000000000006e18                __float32_signbit
 .text.libc.__float32_isinf
                0x0000000000006e22       0x14 C:/Program Files/SEGGER/SEGGER Embedded Studio for ARM 4.12/lib/libm_v7em_fpv4_sp_d16_hard_t_le_eabi.a(libm_asm.o)
                0x0000000000006e22                __float32_isinf
 .text.libc.__float32_isnan
                0x0000000000006e36       0x14 C:/Program Files/SEGGER/SEGGER Embedded Studio for ARM 4.12/lib/libm_v7em_fpv4_sp_d16_hard_t_le_eabi.a(libm_asm.o)
                0x0000000000006e36                __float32_isnan
 *fill*         0x0000000000006e4a        0x2 
 .text.libc.__RAL_pow10f
                0x0000000000006e4c       0x50 C:/Program Files/SEGGER/SEGGER Embedded Studio for ARM 4.12/lib/libc_v7em_fpv4_sp_d16_hard_t_le_eabi.a(libc2.o)
                0x0000000000006e4c                __RAL_pow10f
 .text.libc.__putc
                0x0000000000006e9c       0x34 C:/Program Files/SEGGER/SEGGER Embedded Studio for ARM 4.12/lib/libc_v7em_fpv4_sp_d16_hard_t_le_eabi.a(libc2.o)
                0x0000000000006e9c                __putc
 .text.libc.__RAL_print_padding
                0x0000000000006ed0       0x1c C:/Program Files/SEGGER/SEGGER Embedded Studio for ARM 4.12/lib/libc_v7em_fpv4_sp_d16_hard_t_le_eabi.a(libc2.o)
                0x0000000000006ed0                __RAL_print_padding
 .text.libc.__RAL_pre_padding
                0x0000000000006eec       0x1c C:/Program Files/SEGGER/SEGGER Embedded Studio for ARM 4.12/lib/libc_v7em_fpv4_sp_d16_hard_t_le_eabi.a(libc2.o)
                0x0000000000006eec                __RAL_pre_padding
 .text.libc.abs
                0x0000000000006f08        0x8 C:/Program Files/SEGGER/SEGGER Embedded Studio for ARM 4.12/lib/libc_v7em_fpv4_sp_d16_hard_t_le_eabi.a(libc2.o)
                0x0000000000006f08                abs
 .text.libc.__aeabi_errno_addr
                0x0000000000006f10       0x14 C:/Program Files/SEGGER/SEGGER Embedded Studio for ARM 4.12/lib/libc_v7em_fpv4_sp_d16_hard_t_le_eabi.a(libc2.o)
                0x0000000000006f10                __aeabi_errno_addr
 .text.libc.memcmp
                0x0000000000006f24       0x6c C:/Program Files/SEGGER/SEGGER Embedded Studio for ARM 4.12/lib/libc_v7em_fpv4_sp_d16_hard_t_le_eabi.a(libc2.o)
                0x0000000000006f24                memcmp
 .text.libc.printf
                0x0000000000006f90       0x40 C:/Program Files/SEGGER/SEGGER Embedded Studio for ARM 4.12/lib/libc_v7em_fpv4_sp_d16_hard_t_le_eabi.a(libc2.o)
                0x0000000000006f90                printf
 .text.libc.strnlen
                0x0000000000006fd0       0x20 C:/Program Files/SEGGER/SEGGER Embedded Studio for ARM 4.12/lib/libc_v7em_fpv4_sp_d16_hard_t_le_eabi.a(libc2.o)
                0x0000000000006fd0                strnlen
 .text.libc.memcpy
                0x0000000000006ff0       0x52 C:/Program Files/SEGGER/SEGGER Embedded Studio for ARM 4.12/lib/libc_v7em_fpv4_sp_d16_hard_t_le_eabi.a(libc2_asm.o)
                0x0000000000006ff0                __aeabi_memcpy
                0x0000000000006ff0                memcpy
                0x0000000000006ffc                __aeabi_memcpy8
                0x0000000000006ffc                __aeabi_memcpy4
 .text.libc.memset
                0x0000000000007042       0x66 C:/Program Files/SEGGER/SEGGER Embedded Studio for ARM 4.12/lib/libc_v7em_fpv4_sp_d16_hard_t_le_eabi.a(libc2_asm.o)
                0x0000000000007042                memset
 .text.libc.strlen
                0x00000000000070a8       0x60 C:/Program Files/SEGGER/SEGGER Embedded Studio for ARM 4.12/lib/libc_v7em_fpv4_sp_d16_hard_t_le_eabi.a(libc2_asm.o)
                0x00000000000070a8                strlen
 .text.libc.__vfprintf_short_float_long
                0x0000000000007108      0xec8 C:/Program Files/SEGGER/SEGGER Embedded Studio for ARM 4.12/lib/libvfprintf_v7em_fpv4_sp_d16_hard_t_le_eabi.o
                0x0000000000007108                __vfprintf_short_float_long
 .text.libc.modff
                0x0000000000007fd0       0x58 C:/Program Files/SEGGER/SEGGER Embedded Studio for ARM 4.12/lib/libm_v7em_fpv4_sp_d16_hard_t_le_eabi.a(libm2.o)
                0x0000000000007fd0                modf(float, float*)
                0x0000000000007fd0                modff
 .text.libc.fmodf
                0x0000000000008028       0xf4 C:/Program Files/SEGGER/SEGGER Embedded Studio for ARM 4.12/lib/libm_v7em_fpv4_sp_d16_hard_t_le_eabi.a(libm2.o)
                0x0000000000008028                fmod(float, float)
                0x0000000000008028                fmodf
 .text.libc.fabsf
                0x000000000000811c        0x6 C:/Program Files/SEGGER/SEGGER Embedded Studio for ARM 4.12/lib/libm_v7em_fpv4_sp_d16_hard_t_le_eabi.a(libm2_asm.o)
                0x000000000000811c                fabsf
                0x000000000000811c                fabs(float)
 *fill*         0x0000000000008122        0x2 
 .text.libc.floorf
                0x0000000000008124       0x6c C:/Program Files/SEGGER/SEGGER Embedded Studio for ARM 4.12/lib/libm_v7em_fpv4_sp_d16_hard_t_le_eabi.a(libm2_asm.o)
                0x0000000000008124                floorf
                0x0000000000008124                floor(float)
 .text.libc.ldexpf
                0x0000000000008190       0x48 C:/Program Files/SEGGER/SEGGER Embedded Studio for ARM 4.12/lib/libm_v7em_fpv4_sp_d16_hard_t_le_eabi.a(libm2_asm.o)
                0x0000000000008190                ldexp(float, int)
                0x0000000000008190                ldexpf
 .text.libc.frexpf
                0x00000000000081d8       0x3c C:/Program Files/SEGGER/SEGGER Embedded Studio for ARM 4.12/lib/libm_v7em_fpv4_sp_d16_hard_t_le_eabi.a(libm2_asm.o)
                0x00000000000081d8                frexpf
                0x00000000000081d8                frexp(float, int*)
                0x0000000000008214                __text_end__ = (__text_start__ + SIZEOF (.text))
                0x0000000000007f64                __text_size__ = SIZEOF (.text)
                0x0000000000008214                __text_load_end__ = __text_end__

.vfp11_veneer   0x0000000100000000        0x0
 .vfp11_veneer  0x0000000100000000        0x0 linker stubs

.v4_bx          0x0000000100000000        0x0
 .v4_bx         0x0000000100000000        0x0 linker stubs

.iplt           0x0000000100000000        0x0
 .iplt          0x0000000100000000        0x0 Output/ds_twr_init nrf52832_xxaa/Obj/thumb_crt0.o
                0x0000000000000001                . = ASSERT (((__text_start__ == __text_end__) || ((__text_end__ >= __FLASH_segment_start__) && (__text_end__ <= __FLASH_segment_end__))), error: .text is too large to fit in FLASH memory segment)
                0x0000000000008214                __dtors_load_start__ = ALIGN (__text_end__, 0x4)

.dtors          0x0000000000008214        0x0
                0x0000000000008214                __dtors_start__ = .
 *(SORT_BY_NAME(.dtors.*))
 *(.dtors)
 *(.fini_array)
 *(SORT_BY_NAME(.fini_array.*))
                0x0000000000008214                __dtors_end__ = (__dtors_start__ + SIZEOF (.dtors))
                0x0000000000000000                __dtors_size__ = SIZEOF (.dtors)
                0x0000000000008214                __dtors_load_end__ = __dtors_end__
                0x0000000000000001                . = ASSERT (((__dtors_start__ == __dtors_end__) || ((__dtors_end__ >= __FLASH_segment_start__) && (__dtors_end__ <= __FLASH_segment_end__))), error: .dtors is too large to fit in FLASH memory segment)
                0x0000000000008214                __ctors_load_start__ = ALIGN (__dtors_end__, 0x4)

.ctors          0x0000000000008214        0x0
                0x0000000000008214                __ctors_start__ = .
 *(SORT_BY_NAME(.ctors.*))
 *(.ctors)
 *(.init_array)
 *(SORT_BY_NAME(.init_array.*))
                0x0000000000008214                __ctors_end__ = (__ctors_start__ + SIZEOF (.ctors))
                0x0000000000000000                __ctors_size__ = SIZEOF (.ctors)
                0x0000000000008214                __ctors_load_end__ = __ctors_end__
                0x0000000000000001                . = ASSERT (((__ctors_start__ == __ctors_end__) || ((__ctors_end__ >= __FLASH_segment_start__) && (__ctors_end__ <= __FLASH_segment_end__))), error: .ctors is too large to fit in FLASH memory segment)
                0x0000000000008214                __rodata_load_start__ = ALIGN (__ctors_end__, 0x4)

.rodata         0x0000000000008214      0x2e4
                0x0000000000008214                __rodata_start__ = .
 *(.rodata .rodata.* .gnu.linkonce.r.*)
 .rodata        0x0000000000008214       0x4f Output/ds_twr_init nrf52832_xxaa/Obj/main.o
 *fill*         0x0000000000008263        0x1 
 .rodata        0x0000000000008264       0x54 Output/ds_twr_init nrf52832_xxaa/Obj/ds_init_main.o
 .rodata        0x00000000000082b8       0x20 Output/ds_twr_init nrf52832_xxaa/Obj/app_uart_fifo.o
 .rodata.chan_idx
                0x00000000000082d8        0x8 Output/ds_twr_init nrf52832_xxaa/Obj/deca_params_init.o
                0x00000000000082d8                chan_idx
 .rodata.tx_config
                0x00000000000082e0       0x18 Output/ds_twr_init nrf52832_xxaa/Obj/deca_params_init.o
                0x00000000000082e0                tx_config
 .rodata.fs_pll_cfg
                0x00000000000082f8       0x18 Output/ds_twr_init nrf52832_xxaa/Obj/deca_params_init.o
                0x00000000000082f8                fs_pll_cfg
 .rodata.fs_pll_tune
                0x0000000000008310        0x6 Output/ds_twr_init nrf52832_xxaa/Obj/deca_params_init.o
                0x0000000000008310                fs_pll_tune
 *fill*         0x0000000000008316        0x2 
 .rodata.rx_config
                0x0000000000008318        0x2 Output/ds_twr_init nrf52832_xxaa/Obj/deca_params_init.o
                0x0000000000008318                rx_config
 *fill*         0x000000000000831a        0x2 
 .rodata.agc_config
                0x000000000000831c        0x8 Output/ds_twr_init nrf52832_xxaa/Obj/deca_params_init.o
                0x000000000000831c                agc_config
 .rodata.dwnsSFDlen
                0x0000000000008324        0x3 Output/ds_twr_init nrf52832_xxaa/Obj/deca_params_init.o
                0x0000000000008324                dwnsSFDlen
 *fill*         0x0000000000008327        0x1 
 .rodata.sftsh  0x0000000000008328        0xc Output/ds_twr_init nrf52832_xxaa/Obj/deca_params_init.o
                0x0000000000008328                sftsh
 .rodata.dtune1
                0x0000000000008334        0x4 Output/ds_twr_init nrf52832_xxaa/Obj/deca_params_init.o
                0x0000000000008334                dtune1
 .rodata.digital_bb_config
                0x0000000000008338       0x20 Output/ds_twr_init nrf52832_xxaa/Obj/deca_params_init.o
                0x0000000000008338                digital_bb_config
 .rodata.lde_replicaCoeff
                0x0000000000008358       0x32 Output/ds_twr_init nrf52832_xxaa/Obj/deca_params_init.o
                0x0000000000008358                lde_replicaCoeff
 *fill*         0x000000000000838a        0x2 
 .rodata.spi    0x000000000000838c        0x8 Output/ds_twr_init nrf52832_xxaa/Obj/port_platform.o
 .rodata        0x0000000000008394       0x20 Output/ds_twr_init nrf52832_xxaa/Obj/port_platform.o
 .rodata        0x00000000000083b4        0x5 Output/ds_twr_init nrf52832_xxaa/Obj/tasks.o
 *fill*         0x00000000000083b9        0x3 
 .rodata        0x00000000000083bc        0xd Output/ds_twr_init nrf52832_xxaa/Obj/timers.o
 *fill*         0x00000000000083c9        0x3 
 .rodata.comm_params
                0x00000000000083cc       0x18 Output/ds_twr_init nrf52832_xxaa/Obj/UART.o
                0x00000000000083cc                comm_params
 .rodata.libc.__float32_nan
                0x00000000000083e4        0x4 C:/Program Files/SEGGER/SEGGER Embedded Studio for ARM 4.12/lib/libm_v7em_fpv4_sp_d16_hard_t_le_eabi.a(libm_asm.o)
                0x00000000000083e4                __float32_nan
 .rodata.libc.__RAL_hex_lc
                0x00000000000083e8       0x10 C:/Program Files/SEGGER/SEGGER Embedded Studio for ARM 4.12/lib/libc_v7em_fpv4_sp_d16_hard_t_le_eabi.a(libc2.o)
                0x00000000000083e8                __RAL_hex_lc
 .rodata.libc.__RAL_hex_uc
                0x00000000000083f8       0x10 C:/Program Files/SEGGER/SEGGER Embedded Studio for ARM 4.12/lib/libc_v7em_fpv4_sp_d16_hard_t_le_eabi.a(libc2.o)
                0x00000000000083f8                __RAL_hex_uc
 .rodata.libc.__aeabi_EDOM
                0x0000000000008408        0x4 C:/Program Files/SEGGER/SEGGER Embedded Studio for ARM 4.12/lib/libc_v7em_fpv4_sp_d16_hard_t_le_eabi.a(libc2.o)
                0x0000000000008408                __aeabi_EDOM
 .rodata.libc.powerf
                0x000000000000840c       0x18 C:/Program Files/SEGGER/SEGGER Embedded Studio for ARM 4.12/lib/libc_v7em_fpv4_sp_d16_hard_t_le_eabi.a(libc2.o)
 .rodata.libc.__vfprintf_float_long.str1.4
                0x0000000000008424       0x28 C:/Program Files/SEGGER/SEGGER Embedded Studio for ARM 4.12/lib/libvfprintf_v7em_fpv4_sp_d16_hard_t_le_eabi.o
 .rodata.libc.__vfprintf_int.str1.4
                0x000000000000844c        0x8 C:/Program Files/SEGGER/SEGGER Embedded Studio for ARM 4.12/lib/libvfprintf_v7em_fpv4_sp_d16_hard_t_le_eabi.o
                                          0x7 (size before relaxing)
 *fill*         0x0000000000008454        0x4 
 .rodata.libc.ipow10
                0x0000000000008458       0xa0 C:/Program Files/SEGGER/SEGGER Embedded Studio for ARM 4.12/lib/libvfprintf_v7em_fpv4_sp_d16_hard_t_le_eabi.o
                0x00000000000084f8                __rodata_end__ = (__rodata_start__ + SIZEOF (.rodata))
                0x00000000000002e4                __rodata_size__ = SIZEOF (.rodata)
                0x00000000000084f8                __rodata_load_end__ = __rodata_end__

.rel.dyn        0x0000000000000000        0x0
 .rel.iplt      0x0000000000000000        0x0 Output/ds_twr_init nrf52832_xxaa/Obj/thumb_crt0.o
                0x0000000000000001                . = ASSERT (((__rodata_start__ == __rodata_end__) || ((__rodata_end__ >= __FLASH_segment_start__) && (__rodata_end__ <= __FLASH_segment_end__))), error: .rodata is too large to fit in FLASH memory segment)
                0x00000000000084f8                __ARM.exidx_load_start__ = ALIGN (__rodata_end__, 0x4)

.ARM.exidx      0x00000000000084f8        0x0
                0x00000000000084f8                __ARM.exidx_start__ = .
                0x00000000000084f8                __exidx_start = __ARM.exidx_start__
 *(.ARM.exidx .ARM.exidx.*)
                0x00000000000084f8                __ARM.exidx_end__ = (__ARM.exidx_start__ + SIZEOF (.ARM.exidx))
                0x0000000000000000                __ARM.exidx_size__ = SIZEOF (.ARM.exidx)
                0x00000000000084f8                __exidx_end = __ARM.exidx_end__
                0x00000000000084f8                __ARM.exidx_load_end__ = __ARM.exidx_end__
                0x0000000000000001                . = ASSERT (((__ARM.exidx_start__ == __ARM.exidx_end__) || ((__ARM.exidx_end__ >= __FLASH_segment_start__) && (__ARM.exidx_end__ <= __FLASH_segment_end__))), error: .ARM.exidx is too large to fit in FLASH memory segment)
                0x00000000000084f8                __fast_load_start__ = ALIGN (__ARM.exidx_end__, 0x4)

.fast           0x0000000020000000        0x0 load address 0x00000000000084f8
                0x0000000020000000                __fast_start__ = .
 *(.fast .fast.*)
                0x0000000020000000                __fast_end__ = (__fast_start__ + SIZEOF (.fast))
                0x0000000000000000                __fast_size__ = SIZEOF (.fast)
                0x00000000000084f8                __fast_load_end__ = (__fast_load_start__ + SIZEOF (.fast))
                0x0000000000000001                . = ASSERT (((__fast_load_start__ == __fast_load_end__) || ((__fast_load_end__ >= __FLASH_segment_start__) && (__fast_load_end__ <= __FLASH_segment_end__))), error: .fast is too large to fit in FLASH memory segment)

.fast_run       0x0000000020000000        0x0
                0x0000000020000000                __fast_run_start__ = .
                0x0000000020000000                . = MAX ((__fast_run_start__ + SIZEOF (.fast)), .)
                0x0000000020000000                __fast_run_end__ = (__fast_run_start__ + SIZEOF (.fast_run))
                0x0000000000000000                __fast_run_size__ = SIZEOF (.fast_run)
                0x0000000020000000                __fast_run_load_end__ = __fast_run_end__
                0x0000000000000001                . = ASSERT (((__fast_run_start__ == __fast_run_end__) || ((__fast_run_end__ >= __SRAM_segment_start__) && (__fast_run_end__ <= __SRAM_segment_end__))), error: .fast_run is too large to fit in SRAM memory segment)
                0x00000000000084f8                __data_load_start__ = ALIGN ((__fast_load_start__ + SIZEOF (.fast)), 0x4)

.data           0x0000000020000000       0x60 load address 0x00000000000084f8
                0x0000000020000000                __data_start__ = .
 *(.data .data.* .gnu.linkonce.d.*)
 .data.SystemCoreClock
                0x0000000020000000        0x4 Output/ds_twr_init nrf52832_xxaa/Obj/system_nrf52.o
                0x0000000020000000                SystemCoreClock
 .data.config   0x0000000020000004        0xc Output/ds_twr_init nrf52832_xxaa/Obj/main.o
 .data.tx_poll_msg
                0x0000000020000010        0xc Output/ds_twr_init nrf52832_xxaa/Obj/ds_init_main.o
 .data.rx_resp_msg
                0x000000002000001c       0x14 Output/ds_twr_init nrf52832_xxaa/Obj/ds_init_main.o
 .data.rx_poll_msg
                0x0000000020000030        0xc Output/ds_twr_init nrf52832_xxaa/Obj/ds_init_main.o
 .data.tx_resp_msg
                0x000000002000003c       0x14 Output/ds_twr_init nrf52832_xxaa/Obj/ds_init_main.o
 .data.app_uart_inst
                0x0000000020000050        0x8 Output/ds_twr_init nrf52832_xxaa/Obj/app_uart_fifo.o
 .data.pdw1000local
                0x0000000020000058        0x4 Output/ds_twr_init nrf52832_xxaa/Obj/deca_device.o
 .data.xNextTaskUnblockTime
                0x000000002000005c        0x4 Output/ds_twr_init nrf52832_xxaa/Obj/tasks.o
                0x0000000020000060                __data_end__ = (__data_start__ + SIZEOF (.data))
                0x0000000000000060                __data_size__ = SIZEOF (.data)
                0x0000000000008558                __data_load_end__ = (__data_load_start__ + SIZEOF (.data))

.igot.plt       0x0000000100000000        0x0
 .igot.plt      0x0000000100000000        0x0 Output/ds_twr_init nrf52832_xxaa/Obj/thumb_crt0.o
                0x0000000000000001                . = ASSERT (((__data_load_start__ == __data_load_end__) || ((__data_load_end__ >= __FLASH_segment_start__) && (__data_load_end__ <= __FLASH_segment_end__))), error: .data is too large to fit in FLASH memory segment)

.data_run       0x0000000020000000       0x60 load address 0x00000000000084f8
                0x0000000020000000                __data_run_start__ = .
                0x0000000020000060                . = MAX ((__data_run_start__ + SIZEOF (.data)), .)
 *fill*         0x0000000020000000       0x60 
                0x0000000020000060                __data_run_end__ = (__data_run_start__ + SIZEOF (.data_run))
                0x0000000000000060                __data_run_size__ = SIZEOF (.data_run)
                0x0000000020000060                __data_run_load_end__ = __data_run_end__
                0x0000000000000001                . = ASSERT (((__data_run_start__ == __data_run_end__) || ((__data_run_end__ >= __SRAM_segment_start__) && (__data_run_end__ <= __SRAM_segment_end__))), error: .data_run is too large to fit in SRAM memory segment)
                0x0000000000008558                __tdata_load_start__ = ALIGN ((__data_load_start__ + SIZEOF (.data)), 0x4)

.tdata          0x0000000020000060        0x0 load address 0x0000000000008558
                0x0000000020000060                __tdata_start__ = .
 *(.tdata .tdata.*)
                0x0000000020000060                __tdata_end__ = (__tdata_start__ + SIZEOF (.tdata))
                0x0000000000000000                __tdata_size__ = SIZEOF (.tdata)
                0x0000000000008558                __tdata_load_end__ = (__tdata_load_start__ + SIZEOF (.tdata))
                0x0000000000000001                . = ASSERT (((__tdata_load_start__ == __tdata_load_end__) || ((__tdata_load_end__ >= __FLASH_segment_start__) && (__tdata_load_end__ <= __FLASH_segment_end__))), error: .tdata is too large to fit in FLASH memory segment)

.tdata_run      0x0000000020000060        0x0
                0x0000000020000060                __tdata_run_start__ = .
                0x0000000020000060                . = MAX ((__tdata_run_start__ + SIZEOF (.tdata)), .)
                0x0000000020000060                __tdata_run_end__ = (__tdata_run_start__ + SIZEOF (.tdata_run))
                0x0000000000000000                __tdata_run_size__ = SIZEOF (.tdata_run)
                0x0000000020000060                __tdata_run_load_end__ = __tdata_run_end__
                0x0000000000000001                . = ASSERT (((__tdata_run_start__ == __tdata_run_end__) || ((__tdata_run_end__ >= __SRAM_segment_start__) && (__tdata_run_end__ <= __SRAM_segment_end__))), error: .tdata_run is too large to fit in SRAM memory segment)
                0x0000000020000060                __nrf_sections_run_load_start__ = ALIGN (__tdata_run_end__, 0x4)

.nrf_sections_run
                0x0000000020000060        0x0
                0x0000000020000060                __nrf_sections_run_start__ = .
                0x0000000020000060                __start_nrf_sections_run = __nrf_sections_run_start__
 *(.nrf_sections_run .nrf_sections_run.*)
                0x0000000020000060                __nrf_sections_run_end__ = (__nrf_sections_run_start__ + SIZEOF (.nrf_sections_run))
                0x0000000000000000                __nrf_sections_run_size__ = SIZEOF (.nrf_sections_run)
                0x0000000020000060                __nrf_sections_run_load_end__ = __nrf_sections_run_end__
                0x0000000000000001                . = ASSERT (((__nrf_sections_run_start__ == __nrf_sections_run_end__) || ((__nrf_sections_run_end__ >= __SRAM_segment_start__) && (__nrf_sections_run_end__ <= __SRAM_segment_end__))), error: .nrf_sections_run is too large to fit in SRAM memory segment)
                0x0000000000008558                __dfu_trans_load_start__ = ALIGN ((__tdata_load_start__ + SIZEOF (.tdata)), 0x4)

.dfu_trans      0x0000000000008558        0x0
                0x0000000000008558                __dfu_trans_start__ = .
                0x0000000000008558                __start_dfu_trans = __dfu_trans_start__
 *(SORT_BY_NAME(.dfu_trans*))
                0x0000000000008558                __dfu_trans_end__ = (__dfu_trans_start__ + SIZEOF (.dfu_trans))
                0x0000000000000000                __dfu_trans_size__ = SIZEOF (.dfu_trans)
                0x0000000000008558                __stop_dfu_trans = __dfu_trans_end__
                0x0000000000008558                __dfu_trans_load_end__ = __dfu_trans_end__
                0x0000000000000001                . = ASSERT (((__dfu_trans_start__ == __dfu_trans_end__) || ((__dfu_trans_end__ >= __FLASH_segment_start__) && (__dfu_trans_end__ <= __FLASH_segment_end__))), error: .dfu_trans is too large to fit in FLASH memory segment)
                0x0000000000008558                __log_const_data_load_start__ = ALIGN (__dfu_trans_end__, 0x4)

.log_const_data
                0x0000000000008558        0x0
                0x0000000000008558                __log_const_data_start__ = .
                0x0000000000008558                __start_log_const_data = __log_const_data_start__
 *(.log_const_data*)
                0x0000000000008558                __log_const_data_end__ = (__log_const_data_start__ + SIZEOF (.log_const_data))
                0x0000000000000000                __log_const_data_size__ = SIZEOF (.log_const_data)
                0x0000000000008558                __stop_log_const_data = __log_const_data_end__
                0x0000000000008558                __log_const_data_load_end__ = __log_const_data_end__
                0x0000000000000001                . = ASSERT (((__log_const_data_start__ == __log_const_data_end__) || ((__log_const_data_end__ >= __FLASH_segment_start__) && (__log_const_data_end__ <= __FLASH_segment_end__))), error: .log_const_data is too large to fit in FLASH memory segment)
                0x0000000000008558                __svc_data_load_start__ = ALIGN (__log_const_data_end__, 0x4)

.svc_data       0x0000000000008558        0x0
                0x0000000000008558                __svc_data_start__ = .
                0x0000000000008558                __start_svc_data = __svc_data_start__
 *(.svc_data*)
                0x0000000000008558                __svc_data_end__ = (__svc_data_start__ + SIZEOF (.svc_data))
                0x0000000000000000                __svc_data_size__ = SIZEOF (.svc_data)
                0x0000000000008558                __stop_svc_data = __svc_data_end__
                0x0000000000008558                __svc_data_load_end__ = __svc_data_end__
                0x0000000000000001                . = ASSERT (((__svc_data_start__ == __svc_data_end__) || ((__svc_data_end__ >= __FLASH_segment_start__) && (__svc_data_end__ <= __FLASH_segment_end__))), error: .svc_data is too large to fit in FLASH memory segment)
                0x0000000000008558                __sdh_ble_observers_load_start__ = ALIGN (__svc_data_end__, 0x4)

.sdh_ble_observers
                0x0000000000008558        0x0
                0x0000000000008558                __sdh_ble_observers_start__ = .
                0x0000000000008558                __start_sdh_ble_observers = __sdh_ble_observers_start__
 *(SORT_BY_NAME(.sdh_ble_observers*))
                0x0000000000008558                __sdh_ble_observers_end__ = (__sdh_ble_observers_start__ + SIZEOF (.sdh_ble_observers))
                0x0000000000000000                __sdh_ble_observers_size__ = SIZEOF (.sdh_ble_observers)
                0x0000000000008558                __stop_sdh_ble_observers = __sdh_ble_observers_end__
                0x0000000000008558                __sdh_ble_observers_load_end__ = __sdh_ble_observers_end__
                0x0000000000000001                . = ASSERT (((__sdh_ble_observers_start__ == __sdh_ble_observers_end__) || ((__sdh_ble_observers_end__ >= __FLASH_segment_start__) && (__sdh_ble_observers_end__ <= __FLASH_segment_end__))), error: .sdh_ble_observers is too large to fit in FLASH memory segment)
                0x0000000000008558                __sdh_req_observers_load_start__ = ALIGN (__sdh_ble_observers_end__, 0x4)

.sdh_req_observers
                0x0000000000008558        0x0
                0x0000000000008558                __sdh_req_observers_start__ = .
                0x0000000000008558                __start_sdh_req_observers = __sdh_req_observers_start__
 *(SORT_BY_NAME(.sdh_req_observers*))
                0x0000000000008558                __sdh_req_observers_end__ = (__sdh_req_observers_start__ + SIZEOF (.sdh_req_observers))
                0x0000000000000000                __sdh_req_observers_size__ = SIZEOF (.sdh_req_observers)
                0x0000000000008558                __stop_sdh_req_observers = __sdh_req_observers_end__
                0x0000000000008558                __sdh_req_observers_load_end__ = __sdh_req_observers_end__
                0x0000000000000001                . = ASSERT (((__sdh_req_observers_start__ == __sdh_req_observers_end__) || ((__sdh_req_observers_end__ >= __FLASH_segment_start__) && (__sdh_req_observers_end__ <= __FLASH_segment_end__))), error: .sdh_req_observers is too large to fit in FLASH memory segment)
                0x0000000000008558                __sdh_state_observers_load_start__ = ALIGN (__sdh_req_observers_end__, 0x4)

.sdh_state_observers
                0x0000000000008558        0x0
                0x0000000000008558                __sdh_state_observers_start__ = .
                0x0000000000008558                __start_sdh_state_observers = __sdh_state_observers_start__
 *(SORT_BY_NAME(.sdh_state_observers*))
                0x0000000000008558                __sdh_state_observers_end__ = (__sdh_state_observers_start__ + SIZEOF (.sdh_state_observers))
                0x0000000000000000                __sdh_state_observers_size__ = SIZEOF (.sdh_state_observers)
                0x0000000000008558                __stop_sdh_state_observers = __sdh_state_observers_end__
                0x0000000000008558                __sdh_state_observers_load_end__ = __sdh_state_observers_end__
                0x0000000000000001                . = ASSERT (((__sdh_state_observers_start__ == __sdh_state_observers_end__) || ((__sdh_state_observers_end__ >= __FLASH_segment_start__) && (__sdh_state_observers_end__ <= __FLASH_segment_end__))), error: .sdh_state_observers is too large to fit in FLASH memory segment)
                0x0000000000008558                __sdh_stack_observers_load_start__ = ALIGN (__sdh_state_observers_end__, 0x4)

.sdh_stack_observers
                0x0000000000008558        0x0
                0x0000000000008558                __sdh_stack_observers_start__ = .
                0x0000000000008558                __start_sdh_stack_observers = __sdh_stack_observers_start__
 *(SORT_BY_NAME(.sdh_stack_observers*))
                0x0000000000008558                __sdh_stack_observers_end__ = (__sdh_stack_observers_start__ + SIZEOF (.sdh_stack_observers))
                0x0000000000000000                __sdh_stack_observers_size__ = SIZEOF (.sdh_stack_observers)
                0x0000000000008558                __stop_sdh_stack_observers = __sdh_stack_observers_end__
                0x0000000000008558                __sdh_stack_observers_load_end__ = __sdh_stack_observers_end__
                0x0000000000000001                . = ASSERT (((__sdh_stack_observers_start__ == __sdh_stack_observers_end__) || ((__sdh_stack_observers_end__ >= __FLASH_segment_start__) && (__sdh_stack_observers_end__ <= __FLASH_segment_end__))), error: .sdh_stack_observers is too large to fit in FLASH memory segment)
                0x0000000000008558                __sdh_soc_observers_load_start__ = ALIGN (__sdh_stack_observers_end__, 0x4)

.sdh_soc_observers
                0x0000000000008558        0x0
                0x0000000000008558                __sdh_soc_observers_start__ = .
                0x0000000000008558                __start_sdh_soc_observers = __sdh_soc_observers_start__
 *(SORT_BY_NAME(.sdh_soc_observers*))
                0x0000000000008558                __sdh_soc_observers_end__ = (__sdh_soc_observers_start__ + SIZEOF (.sdh_soc_observers))
                0x0000000000000000                __sdh_soc_observers_size__ = SIZEOF (.sdh_soc_observers)
                0x0000000000008558                __stop_sdh_soc_observers = __sdh_soc_observers_end__
                0x0000000000008558                __sdh_soc_observers_load_end__ = __sdh_soc_observers_end__
                0x0000000000000001                . = ASSERT (((__sdh_soc_observers_start__ == __sdh_soc_observers_end__) || ((__sdh_soc_observers_end__ >= __FLASH_segment_start__) && (__sdh_soc_observers_end__ <= __FLASH_segment_end__))), error: .sdh_soc_observers is too large to fit in FLASH memory segment)
                0x0000000000008558                __nrf_sections_load_start__ = ALIGN (__sdh_soc_observers_end__, 0x4)

.nrf_sections   0x0000000000008558        0x0
                0x0000000000008558                __nrf_sections_start__ = .
                0x0000000000008558                __start_nrf_sections = __nrf_sections_start__
 *(.nrf_sections .nrf_sections.*)
                0x0000000000008558                __nrf_sections_end__ = (__nrf_sections_start__ + SIZEOF (.nrf_sections))
                0x0000000000000000                __nrf_sections_size__ = SIZEOF (.nrf_sections)
                0x0000000000008558                __nrf_sections_load_end__ = __nrf_sections_end__
                0x0000000000000001                . = ASSERT (((__nrf_sections_start__ == __nrf_sections_end__) || ((__nrf_sections_end__ >= __FLASH_segment_start__) && (__nrf_sections_end__ <= __FLASH_segment_end__))), error: .nrf_sections is too large to fit in FLASH memory segment)
                0x0000000000008558                __log_dynamic_data_load_start__ = ALIGN (__nrf_sections_end__, 0x4)

.log_dynamic_data
                0x0000000020000060        0x0 load address 0x0000000000008558
                0x0000000020000060                __log_dynamic_data_start__ = .
 *(.log_dynamic_data*)
                0x0000000020000060                __log_dynamic_data_end__ = (__log_dynamic_data_start__ + SIZEOF (.log_dynamic_data))
                0x0000000000000000                __log_dynamic_data_size__ = SIZEOF (.log_dynamic_data)
                0x0000000000008558                __log_dynamic_data_load_end__ = (__log_dynamic_data_load_start__ + SIZEOF (.log_dynamic_data))
                0x0000000000000001                . = ASSERT (((__log_dynamic_data_load_start__ == __log_dynamic_data_load_end__) || ((__log_dynamic_data_load_end__ >= __FLASH_segment_start__) && (__log_dynamic_data_load_end__ <= __FLASH_segment_end__))), error: .log_dynamic_data is too large to fit in FLASH memory segment)

.log_dynamic_data_run
                0x0000000020000060        0x0
                0x0000000020000060                __log_dynamic_data_run_start__ = .
                0x0000000020000060                __start_log_dynamic_data = __log_dynamic_data_run_start__
                0x0000000020000060                . = MAX ((__log_dynamic_data_run_start__ + SIZEOF (.log_dynamic_data)), .)
                0x0000000020000060                __log_dynamic_data_run_end__ = (__log_dynamic_data_run_start__ + SIZEOF (.log_dynamic_data_run))
                0x0000000000000000                __log_dynamic_data_run_size__ = SIZEOF (.log_dynamic_data_run)
                0x0000000020000060                __stop_log_dynamic_data = __log_dynamic_data_run_end__
                0x0000000020000060                __log_dynamic_data_run_load_end__ = __log_dynamic_data_run_end__
                0x0000000000000001                . = ASSERT (((__log_dynamic_data_run_start__ == __log_dynamic_data_run_end__) || ((__log_dynamic_data_run_end__ >= __SRAM_segment_start__) && (__log_dynamic_data_run_end__ <= __SRAM_segment_end__))), error: .log_dynamic_data_run is too large to fit in SRAM memory segment)
                0x0000000000008558                __fs_data_load_start__ = ALIGN ((__log_dynamic_data_load_start__ + SIZEOF (.log_dynamic_data)), 0x4)

.fs_data        0x0000000020000060        0x0 load address 0x0000000000008558
                0x0000000020000060                __fs_data_start__ = .
 *(.fs_data*)
                0x0000000020000060                __fs_data_end__ = (__fs_data_start__ + SIZEOF (.fs_data))
                0x0000000000000000                __fs_data_size__ = SIZEOF (.fs_data)
                0x0000000000008558                __fs_data_load_end__ = (__fs_data_load_start__ + SIZEOF (.fs_data))
                0x0000000000008558                __FLASH_segment_used_end__ = (ALIGN ((__log_dynamic_data_load_start__ + SIZEOF (.log_dynamic_data)), 0x4) + SIZEOF (.fs_data))
                0x0000000000008558                __FLASH_segment_used_size__ = (__FLASH_segment_used_end__ - __FLASH_segment_start__)
                0x0000000000000001                . = ASSERT (((__fs_data_load_start__ == __fs_data_load_end__) || ((__fs_data_load_end__ >= __FLASH_segment_start__) && (__fs_data_load_end__ <= __FLASH_segment_end__))), error: .fs_data is too large to fit in FLASH memory segment)

.fs_data_run    0x0000000020000060        0x0
                0x0000000020000060                __fs_data_run_start__ = .
                0x0000000020000060                __start_fs_data = __fs_data_run_start__
                0x0000000020000060                . = MAX ((__fs_data_run_start__ + SIZEOF (.fs_data)), .)
                0x0000000020000060                __fs_data_run_end__ = (__fs_data_run_start__ + SIZEOF (.fs_data_run))
                0x0000000000000000                __fs_data_run_size__ = SIZEOF (.fs_data_run)
                0x0000000020000060                __stop_fs_data = __fs_data_run_end__
                0x0000000020000060                __fs_data_run_load_end__ = __fs_data_run_end__
                0x0000000000000001                . = ASSERT (((__fs_data_run_start__ == __fs_data_run_end__) || ((__fs_data_run_end__ >= __SRAM_segment_start__) && (__fs_data_run_end__ <= __SRAM_segment_end__))), error: .fs_data_run is too large to fit in SRAM memory segment)
                0x0000000020000060                __nrf_sections_run_end_load_start__ = ALIGN (__fs_data_run_end__, 0x4)

.nrf_sections_run_end
                0x0000000020000060        0x0
                0x0000000020000060                __nrf_sections_run_end_start__ = .
                0x0000000020000060                __end_nrf_sections_run = __nrf_sections_run_end_start__
 *(.nrf_sections_run_end .nrf_sections_run_end.*)
                0x0000000020000060                __nrf_sections_run_end_end__ = (__nrf_sections_run_end_start__ + SIZEOF (.nrf_sections_run_end))
                0x0000000000000000                __nrf_sections_run_end_size__ = SIZEOF (.nrf_sections_run_end)
                0x0000000020000060                __nrf_sections_run_end_load_end__ = __nrf_sections_run_end_end__