Archive member included to satisfy reference by file (symbol)

/usr/share/segger_embedded_studio_for_arm_4.10a/lib/libm_v7em_fpv4_sp_d16_hard_t_le_eabi.a(libm_asm.o)
                              Output/ss_twr_resp nrf52832_xxaa/Obj/ss_resp_main.o (__aeabi_i2d)
/usr/share/segger_embedded_studio_for_arm_4.10a/lib/libc_v7em_fpv4_sp_d16_hard_t_le_eabi.a(libc2.o)
                              Output/ss_twr_resp nrf52832_xxaa/Obj/deca_device.o (abs)
/usr/share/segger_embedded_studio_for_arm_4.10a/lib/libc_v7em_fpv4_sp_d16_hard_t_le_eabi.a(libc2_asm.o)
                              Output/ss_twr_resp nrf52832_xxaa/Obj/nrf_memobj.o (memcpy)
/usr/share/segger_embedded_studio_for_arm_4.10a/lib/libc_v7em_fpv4_sp_d16_hard_t_le_eabi.a(libc_asm.o)
                              /usr/share/segger_embedded_studio_for_arm_4.10a/lib/libc_v7em_fpv4_sp_d16_hard_t_le_eabi.a(libc2.o) (__aeabi_uldivmod)
/usr/share/segger_embedded_studio_for_arm_4.10a/lib/libdebugio_v7em_fpv4_sp_d16_hard_t_le_eabi.a(libdebugio.o)
                              Output/ss_twr_resp nrf52832_xxaa/Obj/thumb_crt0.o (debug_fopen)
/usr/share/segger_embedded_studio_for_arm_4.10a/lib/libdebugio_mempoll_v7em_fpv4_sp_d16_hard_t_le_eabi.a(mempoll_debug_operations.o)
                              /usr/share/segger_embedded_studio_for_arm_4.10a/lib/libdebugio_v7em_fpv4_sp_d16_hard_t_le_eabi.a(libdebugio.o) (__do_debug_operation)
/usr/share/segger_embedded_studio_for_arm_4.10a/lib/libdebugio_mempoll_v7em_fpv4_sp_d16_hard_t_le_eabi.a(do_nv_debug_operation.o)
                              /usr/share/segger_embedded_studio_for_arm_4.10a/lib/libdebugio_v7em_fpv4_sp_d16_hard_t_le_eabi.a(libdebugio.o) (__do_nvdebug_operation)
/usr/share/segger_embedded_studio_for_arm_4.10a/lib/libm_v7em_fpv4_sp_d16_hard_t_le_eabi.a(libm2.o)
                              /usr/share/segger_embedded_studio_for_arm_4.10a/lib/libvfprintf_v7em_fpv4_sp_d16_hard_t_le_eabi.o (frexp)
/usr/share/segger_embedded_studio_for_arm_4.10a/lib/libm_v7em_fpv4_sp_d16_hard_t_le_eabi.a(libm2_asm.o)
                              /usr/share/segger_embedded_studio_for_arm_4.10a/lib/libm_v7em_fpv4_sp_d16_hard_t_le_eabi.a(libm2.o) (fabs)

Discarded input sections

 .text          0x0000000000000000        0x0 Output/ss_twr_resp nrf52832_xxaa/Obj/thumb_crt0.o
 .data          0x0000000000000000        0x0 Output/ss_twr_resp nrf52832_xxaa/Obj/thumb_crt0.o
 .bss           0x0000000000000000        0x0 Output/ss_twr_resp nrf52832_xxaa/Obj/thumb_crt0.o
 .text.__heap_lock
                0x0000000000000000        0x2 Output/ss_twr_resp nrf52832_xxaa/Obj/thumb_crt0.o
 .text.__heap_unlock
                0x0000000000000000        0x2 Output/ss_twr_resp nrf52832_xxaa/Obj/thumb_crt0.o
 .text.__scanf_lock
                0x0000000000000000        0x2 Output/ss_twr_resp nrf52832_xxaa/Obj/thumb_crt0.o
 .text.__scanf_unlock
                0x0000000000000000        0x2 Output/ss_twr_resp nrf52832_xxaa/Obj/thumb_crt0.o
 .text.__debug_io_lock
                0x0000000000000000        0x2 Output/ss_twr_resp nrf52832_xxaa/Obj/thumb_crt0.o
 .text.__debug_io_unlock
                0x0000000000000000        0x2 Output/ss_twr_resp nrf52832_xxaa/Obj/thumb_crt0.o
 .text.abort    0x0000000000000000        0x2 Output/ss_twr_resp nrf52832_xxaa/Obj/thumb_crt0.o
 .text.__assert
                0x0000000000000000        0x2 Output/ss_twr_resp nrf52832_xxaa/Obj/thumb_crt0.o
 .text.__aeabi_assert
                0x0000000000000000        0x2 Output/ss_twr_resp nrf52832_xxaa/Obj/thumb_crt0.o
 .text.__cxa_pure_virtual
                0x0000000000000000        0x2 Output/ss_twr_resp nrf52832_xxaa/Obj/thumb_crt0.o
 .text.__cxa_guard_acquire
                0x0000000000000000       0x10 Output/ss_twr_resp nrf52832_xxaa/Obj/thumb_crt0.o
 .text.__cxa_guard_release
                0x0000000000000000        0x6 Output/ss_twr_resp nrf52832_xxaa/Obj/thumb_crt0.o
 .text.__cxa_guard_abort
                0x0000000000000000        0x2 Output/ss_twr_resp nrf52832_xxaa/Obj/thumb_crt0.o
 .text.__sync_synchronize
                0x0000000000000000        0x2 Output/ss_twr_resp nrf52832_xxaa/Obj/thumb_crt0.o
 .text.__open   0x0000000000000000        0x4 Output/ss_twr_resp nrf52832_xxaa/Obj/thumb_crt0.o
 .text.__close  0x0000000000000000        0x4 Output/ss_twr_resp nrf52832_xxaa/Obj/thumb_crt0.o
 .text.__write  0x0000000000000000        0xa Output/ss_twr_resp nrf52832_xxaa/Obj/thumb_crt0.o
 .text.__read   0x0000000000000000        0xa Output/ss_twr_resp nrf52832_xxaa/Obj/thumb_crt0.o
 .text.__seek   0x0000000000000000       0x1a Output/ss_twr_resp nrf52832_xxaa/Obj/thumb_crt0.o
 .bss.__user_locale_name_buffer
                0x0000000000000000        0x4 Output/ss_twr_resp nrf52832_xxaa/Obj/thumb_crt0.o
 .stack         0x0000000000000000        0x0 Output/ss_twr_resp nrf52832_xxaa/Obj/thumb_crt0.o
 .stack_process
                0x0000000000000000        0x0 Output/ss_twr_resp nrf52832_xxaa/Obj/thumb_crt0.o
[...]
Memory Configuration

Name             Origin             Length             Attributes
UNPLACED_SECTIONS 0x0000000100000000 0x0000000000000000 xw
FLASH            0x0000000000000000 0x0000000000080000 xr
SRAM             0x0000000020000000 0x0000000000010000 xw
*default*        0x0000000000000000 0xffffffffffffffff

Linker script and memory map

                0x0000000000005e60                __vfprintf = __vfprintf_short_float_long
                0x0000000000000000                __vfscanf = __vfscanf_int
                0x0000000000000000                __FLASH_segment_start__ = 0x0
                0x0000000000080000                __FLASH_segment_end__ = 0x80000
                0x0000000000080000                __FLASH_segment_size__ = 0x80000
                0x0000000020000000                __SRAM_segment_start__ = 0x20000000
                0x0000000020010000                __SRAM_segment_end__ = 0x20010000
                0x0000000000010000                __SRAM_segment_size__ = 0x10000
                0x0000000000000400                __HEAPSIZE__ = 0x400
                0x0000000000000000                __STACKSIZE_PROCESS__ = 0x0
                0x0000000000000400                __STACKSIZE__ = 0x400
                0x0000000020000000                __vectors_ram_load_start__ = ALIGN (__SRAM_segment_start__, 0x100)

.vectors_ram    0x0000000020000000        0x0
                0x0000000020000000                __vectors_ram_start__ = .
 *(.vectors_ram .vectors_ram.*)
                0x0000000020000000                __vectors_ram_end__ = (__vectors_ram_start__ + SIZEOF (.vectors_ram))
                0x0000000000000000                __vectors_ram_size__ = SIZEOF (.vectors_ram)
                0x0000000020000000                __vectors_ram_load_end__ = __vectors_ram_end__
                0x0000000000000001                . = ASSERT (((__vectors_ram_start__ == __vectors_ram_end__) || ((__vectors_ram_end__ >= __SRAM_segment_start__) && (__vectors_ram_end__ <= __SRAM_segment_end__))), error: .vectors_ram is too large to fit in SRAM memory segment)
                0x0000000000000000                __vectors_load_start__ = ALIGN (__FLASH_segment_start__, 0x100)

.vectors        0x0000000000000000       0xd8
                0x0000000000000000                __vectors_start__ = .
 *(.vectors .vectors.*)
 .vectors       0x0000000000000000       0xd8 Output/ss_twr_resp nrf52832_xxaa/Obj/ses_nrf52_startup.o
                0x0000000000000000                _vectors
                0x00000000000000d8                __vectors_end__ = (__vectors_start__ + SIZEOF (.vectors))
                0x00000000000000d8                __vectors_size__ = SIZEOF (.vectors)
                0x00000000000000d8                __vectors_load_end__ = __vectors_end__
                0x0000000000000001                . = ASSERT (((__vectors_start__ == __vectors_end__) || ((__vectors_end__ >= __FLASH_segment_start__) && (__vectors_end__ <= __FLASH_segment_end__))), error: .vectors is too large to fit in FLASH memory segment)
                0x00000000000000d8                __init_load_start__ = ALIGN (__vectors_end__, 0x4)

.init           0x00000000000000d8      0x1d8
                0x00000000000000d8                __init_start__ = .
 *(.init .init.*)
 .init          0x00000000000000d8      0x16c Output/ss_twr_resp nrf52832_xxaa/Obj/thumb_crt0.o
                0x00000000000000d8                _start
                0x0000000000000194                exit
 .init          0x0000000000000244       0x6c Output/ss_twr_resp nrf52832_xxaa/Obj/ses_nrf52_startup.o
                0x0000000000000244                NMI_Handler
                0x0000000000000246                HardFault_Handler
                0x0000000000000248                MemoryManagement_Handler
                0x000000000000024a                BusFault_Handler
                0x000000000000024c                UsageFault_Handler
                0x0000000000000250                DebugMon_Handler
                0x0000000000000254                SysTick_Handler
                0x0000000000000258                RADIO_IRQHandler
                0x000000000000025c                SPIM0_SPIS0_TWIM0_TWIS0_SPI0_TWI0_IRQHandler
                0x0000000000000260                NFCT_IRQHandler
                0x0000000000000264                SAADC_IRQHandler
                0x0000000000000266                TIMER0_IRQHandler
                0x0000000000000268                TIMER1_IRQHandler
                0x000000000000026a                TIMER2_IRQHandler
                0x000000000000026c                RTC0_IRQHandler
                0x000000000000026e                TEMP_IRQHandler
                0x0000000000000270                RNG_IRQHandler
                0x0000000000000272                ECB_IRQHandler
                0x0000000000000274                CCM_AAR_IRQHandler
                0x0000000000000276                WDT_IRQHandler
                0x000000000000027a                QDEC_IRQHandler
                0x000000000000027c                COMP_LPCOMP_IRQHandler
                0x000000000000027e                SWI0_EGU0_IRQHandler
                0x0000000000000280                SWI1_EGU1_IRQHandler
                0x0000000000000282                SWI2_EGU2_IRQHandler
                0x0000000000000284                SWI3_EGU3_IRQHandler
                0x0000000000000286                SWI4_EGU4_IRQHandler
                0x0000000000000288                SWI5_EGU5_IRQHandler
                0x000000000000028a                TIMER3_IRQHandler
                0x000000000000028c                TIMER4_IRQHandler
                0x000000000000028e                PWM0_IRQHandler
                0x0000000000000290                PDM_IRQHandler
                0x0000000000000292                MWU_IRQHandler
                0x0000000000000294                PWM1_IRQHandler
                0x0000000000000296                PWM2_IRQHandler
                0x0000000000000298                SPIM2_SPIS2_SPI2_IRQHandler
                0x000000000000029a                RTC2_IRQHandler
                0x000000000000029c                I2S_IRQHandler
                0x000000000000029e                reset_handler
                0x00000000000002b0                __init_end__ = (__init_start__ + SIZEOF (.init))
                0x00000000000001d8                __init_size__ = SIZEOF (.init)
                0x00000000000002b0                __init_load_end__ = __init_end__
                0x0000000000000001                . = ASSERT (((__init_start__ == __init_end__) || ((__init_end__ >= __FLASH_segment_start__) && (__init_end__ <= __FLASH_segment_end__))), error: .init is too large to fit in FLASH memory segment)
                0x00000000000002b0                __init_rodata_load_start__ = ALIGN (__init_end__, 0x4)

.init_rodata    0x00000000000002b0        0x0
                0x00000000000002b0                __init_rodata_start__ = .
 *(.init_rodata .init_rodata.*)
                0x00000000000002b0                __init_rodata_end__ = (__init_rodata_start__ + SIZEOF (.init_rodata))
                0x0000000000000000                __init_rodata_size__ = SIZEOF (.init_rodata)
                0x00000000000002b0                __init_rodata_load_end__ = __init_rodata_end__
                0x0000000000000001                . = ASSERT (((__init_rodata_start__ == __init_rodata_end__) || ((__init_rodata_end__ >= __FLASH_segment_start__) && (__init_rodata_end__ <= __FLASH_segment_end__))), error: .init_rodata is too large to fit in FLASH memory segment)
                0x00000000000002b0                __text_load_start__ = ALIGN (__init_rodata_end__, 0x4)

.text           0x00000000000002b0     0x6cbc
                0x00000000000002b0                __text_start__ = .
 *(.text .text.* .glue_7t .glue_7 .gnu.linkonce.t.* .gcc_except_table .ARM.extab* .gnu.linkonce.armextab.*)
 .glue_7        0x00000000000002b0        0x0 linker stubs
 .glue_7t       0x00000000000002b0        0x0 linker stubs
 .text.__aeabi_read_tp
                0x00000000000002b0        0x8 Output/ss_twr_resp nrf52832_xxaa/Obj/thumb_crt0.o
                0x00000000000002b0                __aeabi_read_tp
 .text.__printf_lock
                0x00000000000002b8        0x2 Output/ss_twr_resp nrf52832_xxaa/Obj/thumb_crt0.o
                0x00000000000002b8                __printf_lock
 .text.__printf_unlock
                0x00000000000002ba        0x2 Output/ss_twr_resp nrf52832_xxaa/Obj/thumb_crt0.o
                0x00000000000002ba                __printf_unlock
 .text.__NVIC_SystemReset
                0x00000000000002bc       0x24 Output/ss_twr_resp nrf52832_xxaa/Obj/system_nrf52.o
 .text.SystemCoreClockUpdate
                0x00000000000002e0       0x14 Output/ss_twr_resp nrf52832_xxaa/Obj/system_nrf52.o
                0x00000000000002e0                SystemCoreClockUpdate
 .text.SystemInit
                0x00000000000002f4      0x2bc Output/ss_twr_resp nrf52832_xxaa/Obj/system_nrf52.o
                0x00000000000002f4                SystemInit
 .text.errata_12
                0x00000000000005b0       0x58 Output/ss_twr_resp nrf52832_xxaa/Obj/system_nrf52.o
 .text.errata_16
                0x0000000000000608       0x38 Output/ss_twr_resp nrf52832_xxaa/Obj/system_nrf52.o
 .text.errata_31
                0x0000000000000640       0x58 Output/ss_twr_resp nrf52832_xxaa/Obj/system_nrf52.o
 .text.errata_32
                0x0000000000000698       0x38 Output/ss_twr_resp nrf52832_xxaa/Obj/system_nrf52.o
 .text.errata_36
                0x00000000000006d0       0x58 Output/ss_twr_resp nrf52832_xxaa/Obj/system_nrf52.o
 .text.errata_37
                0x0000000000000728       0x38 Output/ss_twr_resp nrf52832_xxaa/Obj/system_nrf52.o
 .text.errata_57
                0x0000000000000760       0x38 Output/ss_twr_resp nrf52832_xxaa/Obj/system_nrf52.o
 .text.errata_66
                0x0000000000000798       0x38 Output/ss_twr_resp nrf52832_xxaa/Obj/system_nrf52.o
 .text.errata_108
                0x00000000000007d0       0x58 Output/ss_twr_resp nrf52832_xxaa/Obj/system_nrf52.o
 .text.errata_136
                0x0000000000000828       0x58 Output/ss_twr_resp nrf52832_xxaa/Obj/system_nrf52.o
 .text.nrf_gpio_pin_port_decode
                0x0000000000000880        0xe Output/ss_twr_resp nrf52832_xxaa/Obj/main.o
 .text.nrf_gpio_cfg
                0x000000000000088e       0x62 Output/ss_twr_resp nrf52832_xxaa/Obj/main.o
 .text.nrf_gpio_cfg_output
                0x00000000000008f0       0x22 Output/ss_twr_resp nrf52832_xxaa/Obj/main.o
 .text.nrf_gpio_cfg_input
                0x0000000000000912       0x2c Output/ss_twr_resp nrf52832_xxaa/Obj/main.o
 .text.led_toggle_task_function
                0x000000000000093e       0x36 Output/ss_twr_resp nrf52832_xxaa/Obj/main.o
 .text.led_toggle_timer_callback
                0x0000000000000974       0x32 Output/ss_twr_resp nrf52832_xxaa/Obj/main.o
 *fill*         0x00000000000009a6        0x2 
 .text.main     0x00000000000009a8      0x11c Output/ss_twr_resp nrf52832_xxaa/Obj/main.o
                0x00000000000009a8                main
 *fill*         0x0000000000000ac4        0x4 
 .text.ss_resp_run
                0x0000000000000ac8      0x3a8 Output/ss_twr_resp nrf52832_xxaa/Obj/ss_resp_main.o
                0x0000000000000ac8                ss_resp_run
 .text.get_rx_timestamp_u64
                0x0000000000000e70       0x72 Output/ss_twr_resp nrf52832_xxaa/Obj/ss_resp_main.o
 .text.resp_msg_set_ts
                0x0000000000000ee2       0x52 Output/ss_twr_resp nrf52832_xxaa/Obj/ss_resp_main.o
 .text.resp_msg_get_ts
                0x0000000000000f34       0x40 Output/ss_twr_resp nrf52832_xxaa/Obj/ss_resp_main.o
 .text.ss_responder_task_function
                0x0000000000000f74       0x18 Output/ss_twr_resp nrf52832_xxaa/Obj/ss_resp_main.o
                0x0000000000000f74                ss_responder_task_function
 .text.__NVIC_EnableIRQ
                0x0000000000000f8c       0x34 Output/ss_twr_resp nrf52832_xxaa/Obj/nrf_drv_common.o
 .text.__NVIC_ClearPendingIRQ
                0x0000000000000fc0       0x38 Output/ss_twr_resp nrf52832_xxaa/Obj/nrf_drv_common.o
 .text.__NVIC_SetPriority
                0x0000000000000ff8       0x50 Output/ss_twr_resp nrf52832_xxaa/Obj/nrf_drv_common.o
 .text.nrf_drv_common_irq_enable
                0x0000000000001048       0x3e Output/ss_twr_resp nrf52832_xxaa/Obj/nrf_drv_common.o
                0x0000000000001048                nrf_drv_common_irq_enable
 .text.nrf_gpiote_event_is_set
                0x0000000000001086       0x2a Output/ss_twr_resp nrf52832_xxaa/Obj/nrf_drv_gpiote.o
 .text.nrf_gpiote_event_clear
                0x00000000000010b0       0x36 Output/ss_twr_resp nrf52832_xxaa/Obj/nrf_drv_gpiote.o
 .text.nrf_gpiote_event_addr_get
                0x00000000000010e6       0x1a Output/ss_twr_resp nrf52832_xxaa/Obj/nrf_drv_gpiote.o
 .text.nrf_gpiote_int_is_enabled
                0x0000000000001100       0x18 Output/ss_twr_resp nrf52832_xxaa/Obj/nrf_drv_gpiote.o
 .text.nrf_gpiote_event_pin_get
                0x0000000000001118       0x20 Output/ss_twr_resp nrf52832_xxaa/Obj/nrf_drv_gpiote.o
 .text.nrf_gpiote_event_polarity_get
                0x0000000000001138       0x24 Output/ss_twr_resp nrf52832_xxaa/Obj/nrf_drv_gpiote.o
 .text.nrf_gpio_pin_port_decode
                0x000000000000115c        0xe Output/ss_twr_resp nrf52832_xxaa/Obj/nrf_drv_gpiote.o
 .text.nrf_gpio_cfg_sense_set
                0x000000000000116a       0x5c Output/ss_twr_resp nrf52832_xxaa/Obj/nrf_drv_gpiote.o
 .text.nrf_gpio_pin_sense_get
                0x00000000000011c6       0x2c Output/ss_twr_resp nrf52832_xxaa/Obj/nrf_drv_gpiote.o
 .text.nrf_gpio_port_in_read
                0x00000000000011f2       0x10 Output/ss_twr_resp nrf52832_xxaa/Obj/nrf_drv_gpiote.o
 .text.nrf_gpio_ports_read
                0x0000000000001202       0x4e Output/ss_twr_resp nrf52832_xxaa/Obj/nrf_drv_gpiote.o
 .text.nrf_bitmask_bit_is_set
                0x0000000000001250       0x30 Output/ss_twr_resp nrf52832_xxaa/Obj/nrf_drv_gpiote.o
 .text.nrf_bitmask_bit_set
                0x0000000000001280       0x40 Output/ss_twr_resp nrf52832_xxaa/Obj/nrf_drv_gpiote.o
 .text.channel_port_get
                0x00000000000012c0       0x1c Output/ss_twr_resp nrf52832_xxaa/Obj/nrf_drv_gpiote.o
 .text.channel_handler_get
                0x00000000000012dc       0x18 Output/ss_twr_resp nrf52832_xxaa/Obj/nrf_drv_gpiote.o
 .text.GPIOTE_IRQHandler
                0x00000000000012f4      0x2e0 Output/ss_twr_resp nrf52832_xxaa/Obj/nrf_drv_gpiote.o
                0x00000000000012f4                GPIOTE_IRQHandler
 .text.__NVIC_DisableIRQ
                0x00000000000015d4       0x40 Output/ss_twr_resp nrf52832_xxaa/Obj/nrf_drv_spi.o
 .text.nrf_spi_event_clear
                0x0000000000001614       0x2a Output/ss_twr_resp nrf52832_xxaa/Obj/nrf_drv_spi.o
 .text.nrf_spi_event_check
                0x000000000000163e       0x24 Output/ss_twr_resp nrf52832_xxaa/Obj/nrf_drv_spi.o
 .text.nrf_spi_int_enable
                0x0000000000001662       0x14 Output/ss_twr_resp nrf52832_xxaa/Obj/nrf_drv_spi.o
 .text.nrf_spi_int_disable
                0x0000000000001676       0x14 Output/ss_twr_resp nrf52832_xxaa/Obj/nrf_drv_spi.o
 .text.nrf_spi_enable
                0x000000000000168a       0x12 Output/ss_twr_resp nrf52832_xxaa/Obj/nrf_drv_spi.o
 .text.nrf_spi_disable
                0x000000000000169c       0x12 Output/ss_twr_resp nrf52832_xxaa/Obj/nrf_drv_spi.o
 .text.nrf_spi_pins_set
                0x00000000000016ae       0x28 Output/ss_twr_resp nrf52832_xxaa/Obj/nrf_drv_spi.o
 .text.nrf_spi_txd_set
                0x00000000000016d6       0x1a Output/ss_twr_resp nrf52832_xxaa/Obj/nrf_drv_spi.o
 .text.nrf_spi_rxd_get
                0x00000000000016f0       0x12 Output/ss_twr_resp nrf52832_xxaa/Obj/nrf_drv_spi.o
 .text.nrf_spi_frequency_set
                0x0000000000001702       0x14 Output/ss_twr_resp nrf52832_xxaa/Obj/nrf_drv_spi.o
 .text.nrf_spi_configure
                0x0000000000001716       0x5e Output/ss_twr_resp nrf52832_xxaa/Obj/nrf_drv_spi.o
 .text.nrf_drv_common_irq_disable
                0x0000000000001774       0x1c Output/ss_twr_resp nrf52832_xxaa/Obj/nrf_drv_spi.o
 .text.nrf_gpio_pin_port_decode
                0x0000000000001790        0xe Output/ss_twr_resp nrf52832_xxaa/Obj/nrf_drv_spi.o
 .text.nrf_gpio_cfg
                0x000000000000179e       0x62 Output/ss_twr_resp nrf52832_xxaa/Obj/nrf_drv_spi.o
 .text.nrf_gpio_cfg_output
                0x0000000000001800       0x22 Output/ss_twr_resp nrf52832_xxaa/Obj/nrf_drv_spi.o
 .text.nrf_gpio_cfg_input
                0x0000000000001822       0x2c Output/ss_twr_resp nrf52832_xxaa/Obj/nrf_drv_spi.o
 .text.nrf_gpio_pin_set
                0x000000000000184e       0x28 Output/ss_twr_resp nrf52832_xxaa/Obj/nrf_drv_spi.o
 .text.nrf_gpio_pin_clear
                0x0000000000001876       0x28 Output/ss_twr_resp nrf52832_xxaa/Obj/nrf_drv_spi.o
 .text.nrf_gpio_port_out_set
                0x000000000000189e       0x14 Output/ss_twr_resp nrf52832_xxaa/Obj/nrf_drv_spi.o
 .text.nrf_gpio_port_out_clear
                0x00000000000018b2       0x14 Output/ss_twr_resp nrf52832_xxaa/Obj/nrf_drv_spi.o
 *fill*         0x00000000000018c6        0x2 
 .text.nrf_drv_spi_init
                0x00000000000018c8      0x188 Output/ss_twr_resp nrf52832_xxaa/Obj/nrf_drv_spi.o
                0x00000000000018c8                nrf_drv_spi_init
 .text.nrf_drv_spi_uninit
                0x0000000000001a50       0x60 Output/ss_twr_resp nrf52832_xxaa/Obj/nrf_drv_spi.o
                0x0000000000001a50                nrf_drv_spi_uninit
 .text.nrf_drv_spi_transfer
                0x0000000000001ab0       0x3e Output/ss_twr_resp nrf52832_xxaa/Obj/nrf_drv_spi.o
                0x0000000000001ab0                nrf_drv_spi_transfer
 .text.finish_transfer
                0x0000000000001aee       0x3e Output/ss_twr_resp nrf52832_xxaa/Obj/nrf_drv_spi.o
 .text.transfer_byte
                0x0000000000001b2c      0x108 Output/ss_twr_resp nrf52832_xxaa/Obj/nrf_drv_spi.o
 .text.spi_xfer
                0x0000000000001c34       0xca Output/ss_twr_resp nrf52832_xxaa/Obj/nrf_drv_spi.o
 *fill*         0x0000000000001cfe        0x2 
 .text.nrf_drv_spi_xfer
                0x0000000000001d00       0xc4 Output/ss_twr_resp nrf52832_xxaa/Obj/nrf_drv_spi.o
                0x0000000000001d00                nrf_drv_spi_xfer
 .text.irq_handler_spi
                0x0000000000001dc4       0x34 Output/ss_twr_resp nrf52832_xxaa/Obj/nrf_drv_spi.o
 .text.SPIM1_SPIS1_TWIM1_TWIS1_SPI1_TWI1_IRQHandler
                0x0000000000001df8       0x20 Output/ss_twr_resp nrf52832_xxaa/Obj/nrf_drv_spi.o
                0x0000000000001df8                SPIM1_SPIS1_TWIM1_TWIS1_SPI1_TWI1_IRQHandler
 .text.nrf_uart_event_clear
                0x0000000000001e18       0x2a Output/ss_twr_resp nrf52832_xxaa/Obj/nrf_drv_uart.o
 .text.nrf_uart_event_check
                0x0000000000001e42       0x24 Output/ss_twr_resp nrf52832_xxaa/Obj/nrf_drv_uart.o
 .text.nrf_uart_int_enable_check
                0x0000000000001e66       0x20 Output/ss_twr_resp nrf52832_xxaa/Obj/nrf_drv_uart.o
 .text.nrf_uart_int_disable
                0x0000000000001e86       0x14 Output/ss_twr_resp nrf52832_xxaa/Obj/nrf_drv_uart.o
 .text.nrf_uart_errorsrc_get_and_clear
                0x0000000000001e9a       0x1c Output/ss_twr_resp nrf52832_xxaa/Obj/nrf_drv_uart.o
 .text.nrf_uart_rxd_get
                0x0000000000001eb6       0x12 Output/ss_twr_resp nrf52832_xxaa/Obj/nrf_drv_uart.o
 .text.nrf_uart_txd_set
                0x0000000000001ec8       0x1a Output/ss_twr_resp nrf52832_xxaa/Obj/nrf_drv_uart.o
 .text.nrf_uart_task_trigger
                0x0000000000001ee2       0x1c Output/ss_twr_resp nrf52832_xxaa/Obj/nrf_drv_uart.o
 .text.nrf_uarte_event_clear
                0x0000000000001efe       0x2a Output/ss_twr_resp nrf52832_xxaa/Obj/nrf_drv_uart.o
 .text.nrf_uarte_event_check
                0x0000000000001f28       0x24 Output/ss_twr_resp nrf52832_xxaa/Obj/nrf_drv_uart.o
 .text.nrf_uarte_shorts_disable
                0x0000000000001f4c       0x1e Output/ss_twr_resp nrf52832_xxaa/Obj/nrf_drv_uart.o
 .text.nrf_uarte_errorsrc_get_and_clear
                0x0000000000001f6a       0x1c Output/ss_twr_resp nrf52832_xxaa/Obj/nrf_drv_uart.o
 .text.nrf_uarte_tx_amount_get
                0x0000000000001f86       0x10 Output/ss_twr_resp nrf52832_xxaa/Obj/nrf_drv_uart.o
 .text.nrf_uarte_rx_amount_get
                0x0000000000001f96       0x10 Output/ss_twr_resp nrf52832_xxaa/Obj/nrf_drv_uart.o
 .text.tx_byte  0x0000000000001fa6       0x46 Output/ss_twr_resp nrf52832_xxaa/Obj/nrf_drv_uart.o
 .text.rx_byte  0x0000000000001fec       0x54 Output/ss_twr_resp nrf52832_xxaa/Obj/nrf_drv_uart.o
 .text.rx_done_event
                0x0000000000002040       0x36 Output/ss_twr_resp nrf52832_xxaa/Obj/nrf_drv_uart.o
 .text.tx_done_event
                0x0000000000002076       0x3c Output/ss_twr_resp nrf52832_xxaa/Obj/nrf_drv_uart.o
 .text.uart_irq_handler
                0x00000000000020b2      0x1d4 Output/ss_twr_resp nrf52832_xxaa/Obj/nrf_drv_uart.o
 .text.uarte_irq_handler
                0x0000000000002286      0x160 Output/ss_twr_resp nrf52832_xxaa/Obj/nrf_drv_uart.o
 *fill*         0x00000000000023e6        0x2 
 .text.UARTE0_UART0_IRQHandler
                0x00000000000023e8       0x28 Output/ss_twr_resp nrf52832_xxaa/Obj/nrf_drv_uart.o
                0x00000000000023e8                UARTE0_UART0_IRQHandler
 .text.nrf_clock_int_enable
                0x0000000000002410       0x14 Output/ss_twr_resp nrf52832_xxaa/Obj/nrf_drv_clock.o
 .text.nrf_clock_int_disable
                0x0000000000002424       0x14 Output/ss_twr_resp nrf52832_xxaa/Obj/nrf_drv_clock.o
 .text.nrf_clock_task_trigger
                0x0000000000002438       0x1a Output/ss_twr_resp nrf52832_xxaa/Obj/nrf_drv_clock.o
 .text.nrf_clock_event_clear
                0x0000000000002452       0x28 Output/ss_twr_resp nrf52832_xxaa/Obj/nrf_drv_clock.o
 .text.nrf_clock_event_check
                0x000000000000247a       0x22 Output/ss_twr_resp nrf52832_xxaa/Obj/nrf_drv_clock.o
 .text.lfclk_start
                0x000000000000249c       0x1a Output/ss_twr_resp nrf52832_xxaa/Obj/nrf_drv_clock.o
 .text.item_enqueue
                0x00000000000024b6       0x38 Output/ss_twr_resp nrf52832_xxaa/Obj/nrf_drv_clock.o
 .text.item_dequeue
                0x00000000000024ee       0x20 Output/ss_twr_resp nrf52832_xxaa/Obj/nrf_drv_clock.o
 *fill*         0x000000000000250e        0x2 
 .text.nrf_drv_clock_lfclk_request
                0x0000000000002510       0x78 Output/ss_twr_resp nrf52832_xxaa/Obj/nrf_drv_clock.o
                0x0000000000002510                nrf_drv_clock_lfclk_request
 .text.clock_clk_started_notify
                0x0000000000002588       0x4c Output/ss_twr_resp nrf52832_xxaa/Obj/nrf_drv_clock.o
 .text.POWER_CLOCK_IRQHandler
                0x00000000000025d4       0x5c Output/ss_twr_resp nrf52832_xxaa/Obj/nrf_drv_clock.o
                0x00000000000025d4                POWER_CLOCK_IRQHandler
 .text.app_error_handler_bare
                0x0000000000002630       0x2a Output/ss_twr_resp nrf52832_xxaa/Obj/app_error.o
                0x0000000000002630                app_error_handler_bare
 *fill*         0x000000000000265a        0x2 
 .text.__NVIC_SystemReset
                0x000000000000265c       0x24 Output/ss_twr_resp nrf52832_xxaa/Obj/app_error_weak.o
 .text.app_error_fault_handler
                0x0000000000002680       0x28 Output/ss_twr_resp nrf52832_xxaa/Obj/app_error_weak.o
                0x0000000000002680                app_error_fault_handler
 .text.app_util_disable_irq
                0x00000000000026a8       0x14 Output/ss_twr_resp nrf52832_xxaa/Obj/app_util_platform.o
                0x00000000000026a8                app_util_disable_irq
 .text.app_util_enable_irq
                0x00000000000026bc       0x1c Output/ss_twr_resp nrf52832_xxaa/Obj/app_util_platform.o
                0x00000000000026bc                app_util_enable_irq
 .text.app_util_critical_region_enter
                0x00000000000026d8       0x12 Output/ss_twr_resp nrf52832_xxaa/Obj/app_util_platform.o
                0x00000000000026d8                app_util_critical_region_enter
 .text.app_util_critical_region_exit
                0x00000000000026ea       0x16 Output/ss_twr_resp nrf52832_xxaa/Obj/app_util_platform.o
                0x00000000000026ea                app_util_critical_region_exit
 .text.dwt_initialise
                0x0000000000002700      0x184 Output/ss_twr_resp nrf52832_xxaa/Obj/deca_device.o
                0x0000000000002700                dwt_initialise
 .text.dwt_readdevid
                0x0000000000002884       0x10 Output/ss_twr_resp nrf52832_xxaa/Obj/deca_device.o
                0x0000000000002884                dwt_readdevid
 .text.dwt_configure
                0x0000000000002894      0x304 Output/ss_twr_resp nrf52832_xxaa/Obj/deca_device.o
                0x0000000000002894                dwt_configure
 .text.dwt_setrxantennadelay
                0x0000000000002b98       0x22 Output/ss_twr_resp nrf52832_xxaa/Obj/deca_device.o
                0x0000000000002b98                dwt_setrxantennadelay
 .text.dwt_settxantennadelay
                0x0000000000002bba       0x20 Output/ss_twr_resp nrf52832_xxaa/Obj/deca_device.o
                0x0000000000002bba                dwt_settxantennadelay
 .text.dwt_writetxdata
                0x0000000000002bda       0x46 Output/ss_twr_resp nrf52832_xxaa/Obj/deca_device.o
                0x0000000000002bda                dwt_writetxdata
 .text.dwt_writetxfctrl
                0x0000000000002c20       0x44 Output/ss_twr_resp nrf52832_xxaa/Obj/deca_device.o
                0x0000000000002c20                dwt_writetxfctrl
 .text.dwt_readrxdata
                0x0000000000002c64       0x2a Output/ss_twr_resp nrf52832_xxaa/Obj/deca_device.o
                0x0000000000002c64                dwt_readrxdata
 .text.dwt_readcarrierintegrator
                0x0000000000002c8e       0x60 Output/ss_twr_resp nrf52832_xxaa/Obj/deca_device.o
                0x0000000000002c8e                dwt_readcarrierintegrator
 .text.dwt_readrxtimestamp
                0x0000000000002cee       0x1a Output/ss_twr_resp nrf52832_xxaa/Obj/deca_device.o
                0x0000000000002cee                dwt_readrxtimestamp
 .text.dwt_readrxtimestamplo32
                0x0000000000002d08       0x10 Output/ss_twr_resp nrf52832_xxaa/Obj/deca_device.o
                0x0000000000002d08                dwt_readrxtimestamplo32
 .text.dwt_writetodevice
                0x0000000000002d18       0xbc Output/ss_twr_resp nrf52832_xxaa/Obj/deca_device.o
                0x0000000000002d18                dwt_writetodevice
 .text.dwt_readfromdevice
                0x0000000000002dd4       0xb6 Output/ss_twr_resp nrf52832_xxaa/Obj/deca_device.o
                0x0000000000002dd4                dwt_readfromdevice
 .text.dwt_read32bitoffsetreg
                0x0000000000002e8a       0x48 Output/ss_twr_resp nrf52832_xxaa/Obj/deca_device.o
                0x0000000000002e8a                dwt_read32bitoffsetreg
 .text.dwt_read16bitoffsetreg
                0x0000000000002ed2       0x40 Output/ss_twr_resp nrf52832_xxaa/Obj/deca_device.o
                0x0000000000002ed2                dwt_read16bitoffsetreg
 .text.dwt_read8bitoffsetreg
                0x0000000000002f12       0x26 Output/ss_twr_resp nrf52832_xxaa/Obj/deca_device.o
                0x0000000000002f12                dwt_read8bitoffsetreg
 .text.dwt_write8bitoffsetreg
                0x0000000000002f38       0x28 Output/ss_twr_resp nrf52832_xxaa/Obj/deca_device.o
                0x0000000000002f38                dwt_write8bitoffsetreg
 .text.dwt_write16bitoffsetreg
                0x0000000000002f60       0x3e Output/ss_twr_resp nrf52832_xxaa/Obj/deca_device.o
                0x0000000000002f60                dwt_write16bitoffsetreg
 .text.dwt_write32bitoffsetreg
                0x0000000000002f9e       0x48 Output/ss_twr_resp nrf52832_xxaa/Obj/deca_device.o
                0x0000000000002f9e                dwt_write32bitoffsetreg
 .text._dwt_otpread
                0x0000000000002fe6       0x3c Output/ss_twr_resp nrf52832_xxaa/Obj/deca_device.o
                0x0000000000002fe6                _dwt_otpread
 .text._dwt_aonarrayupload
                0x0000000000003022       0x1a Output/ss_twr_resp nrf52832_xxaa/Obj/deca_device.o
                0x0000000000003022                _dwt_aonarrayupload
 .text._dwt_configlde
                0x000000000000303c       0x3e Output/ss_twr_resp nrf52832_xxaa/Obj/deca_device.o
                0x000000000000303c                _dwt_configlde
 .text._dwt_loaducodefromrom
                0x000000000000307a       0x24 Output/ss_twr_resp nrf52832_xxaa/Obj/deca_device.o
                0x000000000000307a                _dwt_loaducodefromrom
 .text.dwt_setleds
                0x000000000000309e       0xbe Output/ss_twr_resp nrf52832_xxaa/Obj/deca_device.o
                0x000000000000309e                dwt_setleds
 .text._dwt_enableclocks
                0x000000000000315c      0x158 Output/ss_twr_resp nrf52832_xxaa/Obj/deca_device.o
                0x000000000000315c                _dwt_enableclocks
 .text._dwt_disablesequencing
                0x00000000000032b4       0x16 Output/ss_twr_resp nrf52832_xxaa/Obj/deca_device.o
                0x00000000000032b4                _dwt_disablesequencing
 .text.dwt_setdelayedtrxtime
                0x00000000000032ca       0x18 Output/ss_twr_resp nrf52832_xxaa/Obj/deca_device.o
                0x00000000000032ca                dwt_setdelayedtrxtime
 *fill*         0x00000000000032e2        0x2 
 .text.dwt_starttx
                0x00000000000032e4       0xd4 Output/ss_twr_resp nrf52832_xxaa/Obj/deca_device.o
                0x00000000000032e4                dwt_starttx
 .text.dwt_forcetrxoff
                0x00000000000033b8       0x60 Output/ss_twr_resp nrf52832_xxaa/Obj/deca_device.o
                0x00000000000033b8                dwt_forcetrxoff
 .text.dwt_syncrxbufptrs
                0x0000000000003418       0x38 Output/ss_twr_resp nrf52832_xxaa/Obj/deca_device.o
                0x0000000000003418                dwt_syncrxbufptrs
 .text.dwt_rxenable
                0x0000000000003450       0x8e Output/ss_twr_resp nrf52832_xxaa/Obj/deca_device.o
                0x0000000000003450                dwt_rxenable
 *fill*         0x00000000000034de        0x2 
 .text.dwt_setrxtimeout
                0x00000000000034e0       0x90 Output/ss_twr_resp nrf52832_xxaa/Obj/deca_device.o
                0x00000000000034e0                dwt_setrxtimeout
 .text.dwt_rxreset
                0x0000000000003570       0x1a Output/ss_twr_resp nrf52832_xxaa/Obj/deca_device.o
                0x0000000000003570                dwt_rxreset
 *fill*         0x000000000000358a        0x2 
 .text.dwt_softreset
                0x000000000000358c       0x48 Output/ss_twr_resp nrf52832_xxaa/Obj/deca_device.o
                0x000000000000358c                dwt_softreset
 .text.dwt_setxtaltrim
                0x00000000000035d4       0x34 Output/ss_twr_resp nrf52832_xxaa/Obj/deca_device.o
                0x00000000000035d4                dwt_setxtaltrim
 .text.nrf_gpio_pin_port_decode
                0x0000000000003608        0xe Output/ss_twr_resp nrf52832_xxaa/Obj/port_platform.o
 .text.nrf_gpio_cfg
                0x0000000000003616       0x62 Output/ss_twr_resp nrf52832_xxaa/Obj/port_platform.o
 .text.nrf_gpio_cfg_output
                0x0000000000003678       0x22 Output/ss_twr_resp nrf52832_xxaa/Obj/port_platform.o
 .text.nrf_gpio_cfg_input
                0x000000000000369a       0x2c Output/ss_twr_resp nrf52832_xxaa/Obj/port_platform.o
 .text.nrf_gpio_pin_clear
                0x00000000000036c6       0x28 Output/ss_twr_resp nrf52832_xxaa/Obj/port_platform.o
 .text.nrf_gpio_port_out_clear
                0x00000000000036ee       0x14 Output/ss_twr_resp nrf52832_xxaa/Obj/port_platform.o
 *fill*         0x0000000000003702        0x2 
 .text.nrf_delay_us
                0x0000000000003704       0xa0 Output/ss_twr_resp nrf52832_xxaa/Obj/port_platform.o
 .text.nrf_delay_ms
                0x00000000000037a4       0x1e Output/ss_twr_resp nrf52832_xxaa/Obj/port_platform.o
 *fill*         0x00000000000037c2        0x2 
 .text.spi_event_handler
                0x00000000000037c4       0x18 Output/ss_twr_resp nrf52832_xxaa/Obj/port_platform.o
                0x00000000000037c4                spi_event_handler
 .text.readfromspi
                0x00000000000037dc      0x138 Output/ss_twr_resp nrf52832_xxaa/Obj/port_platform.o
                0x00000000000037dc                readfromspi
 .text.writetospi
                0x0000000000003914      0x124 Output/ss_twr_resp nrf52832_xxaa/Obj/port_platform.o
                0x0000000000003914                writetospi
 .text.reset_DW1000
                0x0000000000003a38       0x26 Output/ss_twr_resp nrf52832_xxaa/Obj/port_platform.o
                0x0000000000003a38                reset_DW1000
 *fill*         0x0000000000003a5e        0x2 
 .text.port_set_dw1000_slowrate
                0x0000000000003a60       0x48 Output/ss_twr_resp nrf52832_xxaa/Obj/port_platform.o
                0x0000000000003a60                port_set_dw1000_slowrate
 .text.port_set_dw1000_fastrate
                0x0000000000003aa8       0x4c Output/ss_twr_resp nrf52832_xxaa/Obj/port_platform.o
                0x0000000000003aa8                port_set_dw1000_fastrate
 .text.deca_sleep
                0x0000000000003af4       0x14 Output/ss_twr_resp nrf52832_xxaa/Obj/port_platform.o
                0x0000000000003af4                deca_sleep
 .text.decamutexon
                0x0000000000003b08        0x6 Output/ss_twr_resp nrf52832_xxaa/Obj/port_platform.o
                0x0000000000003b08                decamutexon
 .text.decamutexoff
                0x0000000000003b0e        0xa Output/ss_twr_resp nrf52832_xxaa/Obj/port_platform.o
                0x0000000000003b0e                decamutexoff
 .text.vListInitialise
                0x0000000000003b18       0x36 Output/ss_twr_resp nrf52832_xxaa/Obj/list.o
                0x0000000000003b18                vListInitialise
 .text.vListInitialiseItem
                0x0000000000003b4e       0x10 Output/ss_twr_resp nrf52832_xxaa/Obj/list.o
                0x0000000000003b4e                vListInitialiseItem
 .text.vListInsertEnd
                0x0000000000003b5e       0x3e Output/ss_twr_resp nrf52832_xxaa/Obj/list.o
                0x0000000000003b5e                vListInsertEnd
 .text.vListInsert
                0x0000000000003b9c       0x68 Output/ss_twr_resp nrf52832_xxaa/Obj/list.o
                0x0000000000003b9c                vListInsert
 .text.uxListRemove
                0x0000000000003c04       0x4a Output/ss_twr_resp nrf52832_xxaa/Obj/list.o
                0x0000000000003c04                uxListRemove
 .text.ulPortRaiseBASEPRI
                0x0000000000003c4e       0x1e Output/ss_twr_resp nrf52832_xxaa/Obj/queue.o
 .text.xQueueGenericReset
                0x0000000000003c6c       0xb4 Output/ss_twr_resp nrf52832_xxaa/Obj/queue.o
                0x0000000000003c6c                xQueueGenericReset
 .text.xQueueGenericCreate
                0x0000000000003d20       0x7a Output/ss_twr_resp nrf52832_xxaa/Obj/queue.o
                0x0000000000003d20                xQueueGenericCreate
 *fill*         0x0000000000003d9a        0x2 
 .text.xQueueGenericSend
                0x0000000000003d9c      0x148 Output/ss_twr_resp nrf52832_xxaa/Obj/queue.o
                0x0000000000003d9c                xQueueGenericSend
 .text.xQueueGenericSendFromISR
                0x0000000000003ee4       0x8a Output/ss_twr_resp nrf52832_xxaa/Obj/queue.o
                0x0000000000003ee4                xQueueGenericSendFromISR
 *fill*         0x0000000000003f6e        0x2 
 .text.xQueueGenericReceive
                0x0000000000003f70      0x194 Output/ss_twr_resp nrf52832_xxaa/Obj/queue.o
                0x0000000000003f70                xQueueGenericReceive
 .text.prvCopyDataToQueue
                0x0000000000004104       0xd4 Output/ss_twr_resp nrf52832_xxaa/Obj/queue.o
 .text.prvCopyDataFromQueue
                0x00000000000041d8       0x4a Output/ss_twr_resp nrf52832_xxaa/Obj/queue.o
 .text.prvUnlockQueue
                0x0000000000004222       0x96 Output/ss_twr_resp nrf52832_xxaa/Obj/queue.o
 .text.prvIsQueueEmpty
                0x00000000000042b8       0x2a Output/ss_twr_resp nrf52832_xxaa/Obj/queue.o
 .text.prvIsQueueFull
                0x00000000000042e2       0x2e Output/ss_twr_resp nrf52832_xxaa/Obj/queue.o
 .text.vQueueAddToRegistry
                0x0000000000004310       0x48 Output/ss_twr_resp nrf52832_xxaa/Obj/queue.o
                0x0000000000004310                vQueueAddToRegistry
 .text.vQueueWaitForMessageRestricted
                0x0000000000004358       0x56 Output/ss_twr_resp nrf52832_xxaa/Obj/queue.o
                0x0000000000004358                vQueueWaitForMessageRestricted
 *fill*         0x00000000000043ae        0x2 
 .text.xTaskGenericCreate
                0x00000000000043b0      0x150 Output/ss_twr_resp nrf52832_xxaa/Obj/tasks.o
                0x00000000000043b0                xTaskGenericCreate
 .text.vTaskDelay
                0x0000000000004500       0x64 Output/ss_twr_resp nrf52832_xxaa/Obj/tasks.o
                0x0000000000004500                vTaskDelay
 .text.vTaskStartScheduler
                0x0000000000004564       0x6c Output/ss_twr_resp nrf52832_xxaa/Obj/tasks.o
                0x0000000000004564                vTaskStartScheduler
 .text.vTaskSuspendAll
                0x00000000000045d0       0x14 Output/ss_twr_resp nrf52832_xxaa/Obj/tasks.o
                0x00000000000045d0                vTaskSuspendAll
 .text.xTaskResumeAll
                0x00000000000045e4      0x10c Output/ss_twr_resp nrf52832_xxaa/Obj/tasks.o
                0x00000000000045e4                xTaskResumeAll
 .text.xTaskGetTickCount
                0x00000000000046f0       0x14 Output/ss_twr_resp nrf52832_xxaa/Obj/tasks.o
                0x00000000000046f0                xTaskGetTickCount
 .text.xTaskIncrementTick
                0x0000000000004704      0x13c Output/ss_twr_resp nrf52832_xxaa/Obj/tasks.o
                0x0000000000004704                xTaskIncrementTick
 .text.vTaskSwitchContext
                0x0000000000004840       0x90 Output/ss_twr_resp nrf52832_xxaa/Obj/tasks.o
                0x0000000000004840                vTaskSwitchContext
 .text.vTaskPlaceOnEventList
                0x00000000000048d0       0x60 Output/ss_twr_resp nrf52832_xxaa/Obj/tasks.o
                0x00000000000048d0                vTaskPlaceOnEventList
 .text.vTaskPlaceOnEventListRestricted
                0x0000000000004930       0x44 Output/ss_twr_resp nrf52832_xxaa/Obj/tasks.o
                0x0000000000004930                vTaskPlaceOnEventListRestricted
 .text.xTaskRemoveFromEventList
                0x0000000000004974       0xa8 Output/ss_twr_resp nrf52832_xxaa/Obj/tasks.o
                0x0000000000004974                xTaskRemoveFromEventList
 .text.vTaskSetTimeOutState
                0x0000000000004a1c       0x24 Output/ss_twr_resp nrf52832_xxaa/Obj/tasks.o
                0x0000000000004a1c                vTaskSetTimeOutState
 .text.xTaskCheckForTimeOut
                0x0000000000004a40       0x88 Output/ss_twr_resp nrf52832_xxaa/Obj/tasks.o
                0x0000000000004a40                xTaskCheckForTimeOut
 .text.vTaskMissedYield
                0x0000000000004ac8       0x10 Output/ss_twr_resp nrf52832_xxaa/Obj/tasks.o
                0x0000000000004ac8                vTaskMissedYield
 .text.prvIdleTask
                0x0000000000004ad8       0x30 Output/ss_twr_resp nrf52832_xxaa/Obj/tasks.o
 .text.prvInitialiseTCBVariables
                0x0000000000004b08       0xa6 Output/ss_twr_resp nrf52832_xxaa/Obj/tasks.o
 *fill*         0x0000000000004bae        0x2 
 .text.prvInitialiseTaskLists
                0x0000000000004bb0       0x7c Output/ss_twr_resp nrf52832_xxaa/Obj/tasks.o
 .text.prvCheckTasksWaitingTermination
                0x0000000000004c2c       0x74 Output/ss_twr_resp nrf52832_xxaa/Obj/tasks.o
 .text.prvAddCurrentTaskToDelayedList
                0x0000000000004ca0       0x6c Output/ss_twr_resp nrf52832_xxaa/Obj/tasks.o
 .text.prvAllocateTCBAndStack
                0x0000000000004d0c       0x70 Output/ss_twr_resp nrf52832_xxaa/Obj/tasks.o
 .text.prvDeleteTCB
                0x0000000000004d7c       0x1e Output/ss_twr_resp nrf52832_xxaa/Obj/tasks.o
 *fill*         0x0000000000004d9a        0x2 
 .text.prvResetNextTaskUnblockTime
                0x0000000000004d9c       0x40 Output/ss_twr_resp nrf52832_xxaa/Obj/tasks.o
 .text.xTaskGetSchedulerState
                0x0000000000004ddc       0x34 Output/ss_twr_resp nrf52832_xxaa/Obj/tasks.o
                0x0000000000004ddc                xTaskGetSchedulerState
 .text.vTaskPriorityInherit
                0x0000000000004e10       0xbc Output/ss_twr_resp nrf52832_xxaa/Obj/tasks.o
                0x0000000000004e10                vTaskPriorityInherit
 .text.xTaskPriorityDisinherit
                0x0000000000004ecc       0x98 Output/ss_twr_resp nrf52832_xxaa/Obj/tasks.o
                0x0000000000004ecc                xTaskPriorityDisinherit
 .text.pvTaskIncrementMutexHeldCount
                0x0000000000004f64       0x20 Output/ss_twr_resp nrf52832_xxaa/Obj/tasks.o
                0x0000000000004f64                pvTaskIncrementMutexHeldCount
 .text.xTimerCreateTimerTask
                0x0000000000004f84       0x4c Output/ss_twr_resp nrf52832_xxaa/Obj/timers.o
                0x0000000000004f84                xTimerCreateTimerTask
 .text.xTimerCreate
                0x0000000000004fd0       0x5c Output/ss_twr_resp nrf52832_xxaa/Obj/timers.o
                0x0000000000004fd0                xTimerCreate
 .text.xTimerGenericCommand
                0x000000000000502c       0x78 Output/ss_twr_resp nrf52832_xxaa/Obj/timers.o
                0x000000000000502c                xTimerGenericCommand
 .text.prvProcessExpiredTimer
                0x00000000000050a4       0x64 Output/ss_twr_resp nrf52832_xxaa/Obj/timers.o
 .text.prvTimerTask
                0x0000000000005108       0x20 Output/ss_twr_resp nrf52832_xxaa/Obj/timers.o
 .text.prvProcessTimerOrBlockTask
                0x0000000000005128       0x7c Output/ss_twr_resp nrf52832_xxaa/Obj/timers.o
 .text.prvGetNextExpireTime
                0x00000000000051a4       0x40 Output/ss_twr_resp nrf52832_xxaa/Obj/timers.o
 .text.prvSampleTimeNow
                0x00000000000051e4       0x3c Output/ss_twr_resp nrf52832_xxaa/Obj/timers.o
 .text.prvInsertTimerInActiveList
                0x0000000000005220       0x84 Output/ss_twr_resp nrf52832_xxaa/Obj/timers.o
 .text.prvProcessReceivedCommands
                0x00000000000052a4      0x104 Output/ss_twr_resp nrf52832_xxaa/Obj/timers.o
 .text.prvSwitchTimerLists
                0x00000000000053a8       0xa4 Output/ss_twr_resp nrf52832_xxaa/Obj/timers.o
 .text.prvCheckForValidListAndQueue
                0x000000000000544c       0x6c Output/ss_twr_resp nrf52832_xxaa/Obj/timers.o
 .text.pvPortMalloc
                0x00000000000054b8       0x88 Output/ss_twr_resp nrf52832_xxaa/Obj/heap_1.o
                0x00000000000054b8                pvPortMalloc
 .text.vPortFree
                0x0000000000005540        0xa Output/ss_twr_resp nrf52832_xxaa/Obj/heap_1.o
                0x0000000000005540                vPortFree
 *fill*         0x000000000000554a        0x2 
 .text.__NVIC_SetPriority
                0x000000000000554c       0x50 Output/ss_twr_resp nrf52832_xxaa/Obj/port_cmsis.o
 .text.pxPortInitialiseStack
                0x000000000000559c       0x60 Output/ss_twr_resp nrf52832_xxaa/Obj/port_cmsis.o
                0x000000000000559c                pxPortInitialiseStack
 .text.prvTaskExitError
                0x00000000000055fc        0xe Output/ss_twr_resp nrf52832_xxaa/Obj/port_cmsis.o
 *fill*         0x000000000000560a        0x2 
 .text.xPortStartScheduler
                0x000000000000560c       0x4c Output/ss_twr_resp nrf52832_xxaa/Obj/port_cmsis.o
                0x000000000000560c                xPortStartScheduler
 .text.vPortEnterCritical
                0x0000000000005658       0x20 Output/ss_twr_resp nrf52832_xxaa/Obj/port_cmsis.o
                0x0000000000005658                vPortEnterCritical
 .text.vPortExitCritical
                0x0000000000005678       0x28 Output/ss_twr_resp nrf52832_xxaa/Obj/port_cmsis.o
                0x0000000000005678                vPortExitCritical
 .text.vPortEnableVFP
                0x00000000000056a0       0x18 Output/ss_twr_resp nrf52832_xxaa/Obj/port_cmsis.o
 .text.__NVIC_EnableIRQ
                0x00000000000056b8       0x34 Output/ss_twr_resp nrf52832_xxaa/Obj/port_cmsis_systick.o
 .text.__NVIC_SetPriority
                0x00000000000056ec       0x50 Output/ss_twr_resp nrf52832_xxaa/Obj/port_cmsis_systick.o
 .text.ulPortRaiseBASEPRI
                0x000000000000573c       0x1e Output/ss_twr_resp nrf52832_xxaa/Obj/port_cmsis_systick.o
 .text.nrf_rtc_int_enable
                0x000000000000575a       0x14 Output/ss_twr_resp nrf52832_xxaa/Obj/port_cmsis_systick.o
 .text.nrf_rtc_event_clear
                0x000000000000576e       0x2a Output/ss_twr_resp nrf52832_xxaa/Obj/port_cmsis_systick.o
 .text.nrf_rtc_counter_get
                0x0000000000005798       0x10 Output/ss_twr_resp nrf52832_xxaa/Obj/port_cmsis_systick.o
 .text.nrf_rtc_prescaler_set
                0x00000000000057a8       0x14 Output/ss_twr_resp nrf52832_xxaa/Obj/port_cmsis_systick.o
 .text.nrf_rtc_task_trigger
                0x00000000000057bc       0x1e Output/ss_twr_resp nrf52832_xxaa/Obj/port_cmsis_systick.o
 .text.nrf_rtc_event_enable
                0x00000000000057da       0x14 Output/ss_twr_resp nrf52832_xxaa/Obj/port_cmsis_systick.o
 *fill*         0x00000000000057ee        0x2 
 .text.RTC1_IRQHandler
                0x00000000000057f0       0x88 Output/ss_twr_resp nrf52832_xxaa/Obj/port_cmsis_systick.o
                0x00000000000057f0                RTC1_IRQHandler
 .text.vPortSetupTimerInterrupt
                0x0000000000005878       0x48 Output/ss_twr_resp nrf52832_xxaa/Obj/port_cmsis_systick.o
                0x0000000000005878                vPortSetupTimerInterrupt
 .text.vPortStartFirstTask
                0x00000000000058c0       0x20 Output/ss_twr_resp nrf52832_xxaa/Obj/port.o
                0x00000000000058c0                vPortStartFirstTask
 .text.SVC_Handler
                0x00000000000058e0       0x24 Output/ss_twr_resp nrf52832_xxaa/Obj/port.o
                0x00000000000058e0                SVC_Handler
 .text.PendSV_Handler
                0x0000000000005904       0x64 Output/ss_twr_resp nrf52832_xxaa/Obj/port.o
                0x0000000000005904                PendSV_Handler
 .text.libc.__int32_to_float64
                0x0000000000005968       0x2e /usr/share/segger_embedded_studio_for_arm_4.10a/lib/libm_v7em_fpv4_sp_d16_hard_t_le_eabi.a(libm_asm.o)
                0x0000000000005968                __floatsidf
                0x0000000000005968                __aeabi_i2d
                0x0000000000005968                __int32_to_float64
 .text.libc.__float64_to_float32
                0x0000000000005996       0x6e /usr/share/segger_embedded_studio_for_arm_4.10a/lib/libm_v7em_fpv4_sp_d16_hard_t_le_eabi.a(libm_asm.o)
                0x0000000000005996                __aeabi_d2f
                0x0000000000005996                __truncdfsf2
                0x0000000000005996                __float64_to_float32
 .text.libc.__float64_mul
                0x0000000000005a04      0x16c /usr/share/segger_embedded_studio_for_arm_4.10a/lib/libm_v7em_fpv4_sp_d16_hard_t_le_eabi.a(libm_asm.o)
                0x0000000000005a04                __aeabi_dmul
                0x0000000000005a04                __float64_mul
                0x0000000000005a04                __muldf3
 .text.libc.__float32_signbit
                0x0000000000005b70        0xa /usr/share/segger_embedded_studio_for_arm_4.10a/lib/libm_v7em_fpv4_sp_d16_hard_t_le_eabi.a(libm_asm.o)
                0x0000000000005b70                __float32_signbit
 .text.libc.__float32_isinf
                0x0000000000005b7a       0x14 /usr/share/segger_embedded_studio_for_arm_4.10a/lib/libm_v7em_fpv4_sp_d16_hard_t_le_eabi.a(libm_asm.o)
                0x0000000000005b7a                __float32_isinf
 .text.libc.__float32_isnan
                0x0000000000005b8e       0x14 /usr/share/segger_embedded_studio_for_arm_4.10a/lib/libm_v7em_fpv4_sp_d16_hard_t_le_eabi.a(libm_asm.o)
                0x0000000000005b8e                __float32_isnan
 *fill*         0x0000000000005ba2        0x2 
 .text.libc.__RAL_pow10f
                0x0000000000005ba4       0x50 /usr/share/segger_embedded_studio_for_arm_4.10a/lib/libc_v7em_fpv4_sp_d16_hard_t_le_eabi.a(libc2.o)
                0x0000000000005ba4                __RAL_pow10f
 .text.libc.__putc
                0x0000000000005bf4       0x34 /usr/share/segger_embedded_studio_for_arm_4.10a/lib/libc_v7em_fpv4_sp_d16_hard_t_le_eabi.a(libc2.o)
                0x0000000000005bf4                __putc
 .text.libc.__RAL_print_padding
                0x0000000000005c28       0x1c /usr/share/segger_embedded_studio_for_arm_4.10a/lib/libc_v7em_fpv4_sp_d16_hard_t_le_eabi.a(libc2.o)
                0x0000000000005c28                __RAL_print_padding
 .text.libc.__RAL_pre_padding
                0x0000000000005c44       0x1c /usr/share/segger_embedded_studio_for_arm_4.10a/lib/libc_v7em_fpv4_sp_d16_hard_t_le_eabi.a(libc2.o)
                0x0000000000005c44                __RAL_pre_padding
 .text.libc.abs
                0x0000000000005c60        0x8 /usr/share/segger_embedded_studio_for_arm_4.10a/lib/libc_v7em_fpv4_sp_d16_hard_t_le_eabi.a(libc2.o)
                0x0000000000005c60                abs
 .text.libc.__aeabi_errno_addr
                0x0000000000005c68       0x14 /usr/share/segger_embedded_studio_for_arm_4.10a/lib/libc_v7em_fpv4_sp_d16_hard_t_le_eabi.a(libc2.o)
                0x0000000000005c68                __aeabi_errno_addr
 .text.libc.memcmp
                0x0000000000005c7c       0x6c /usr/share/segger_embedded_studio_for_arm_4.10a/lib/libc_v7em_fpv4_sp_d16_hard_t_le_eabi.a(libc2.o)
                0x0000000000005c7c                memcmp
 .text.libc.printf
                0x0000000000005ce8       0x40 /usr/share/segger_embedded_studio_for_arm_4.10a/lib/libc_v7em_fpv4_sp_d16_hard_t_le_eabi.a(libc2.o)
                0x0000000000005ce8                printf
 .text.libc.strnlen
                0x0000000000005d28       0x20 /usr/share/segger_embedded_studio_for_arm_4.10a/lib/libc_v7em_fpv4_sp_d16_hard_t_le_eabi.a(libc2.o)
                0x0000000000005d28                strnlen
 .text.libc.memcpy
                0x0000000000005d48       0x52 /usr/share/segger_embedded_studio_for_arm_4.10a/lib/libc_v7em_fpv4_sp_d16_hard_t_le_eabi.a(libc2_asm.o)
                0x0000000000005d48                memcpy
                0x0000000000005d48                __aeabi_memcpy
                0x0000000000005d54                __aeabi_memcpy4
                0x0000000000005d54                __aeabi_memcpy8
 .text.libc.memset
                0x0000000000005d9a       0x66 /usr/share/segger_embedded_studio_for_arm_4.10a/lib/libc_v7em_fpv4_sp_d16_hard_t_le_eabi.a(libc2_asm.o)
                0x0000000000005d9a                memset
 .text.libc.strlen
                0x0000000000005e00       0x60 /usr/share/segger_embedded_studio_for_arm_4.10a/lib/libc_v7em_fpv4_sp_d16_hard_t_le_eabi.a(libc2_asm.o)
                0x0000000000005e00                strlen
 .text.libc.__vfprintf_short_float_long
                0x0000000000005e60      0xec8 /usr/share/segger_embedded_studio_for_arm_4.10a/lib/libvfprintf_v7em_fpv4_sp_d16_hard_t_le_eabi.o
                0x0000000000005e60                __vfprintf_short_float_long
 .text.libc.modff
                0x0000000000006d28       0x58 /usr/share/segger_embedded_studio_for_arm_4.10a/lib/libm_v7em_fpv4_sp_d16_hard_t_le_eabi.a(libm2.o)
                0x0000000000006d28                modff
                0x0000000000006d28                modf(float, float*)
 .text.libc.fmodf
                0x0000000000006d80       0xf4 /usr/share/segger_embedded_studio_for_arm_4.10a/lib/libm_v7em_fpv4_sp_d16_hard_t_le_eabi.a(libm2.o)
                0x0000000000006d80                fmodf
                0x0000000000006d80                fmod(float, float)
 .text.libc.fabsf
                0x0000000000006e74        0x6 /usr/share/segger_embedded_studio_for_arm_4.10a/lib/libm_v7em_fpv4_sp_d16_hard_t_le_eabi.a(libm2_asm.o)
                0x0000000000006e74                fabs(float)
                0x0000000000006e74                fabsf
 *fill*         0x0000000000006e7a        0x2 
 .text.libc.floorf
                0x0000000000006e7c       0x6c /usr/share/segger_embedded_studio_for_arm_4.10a/lib/libm_v7em_fpv4_sp_d16_hard_t_le_eabi.a(libm2_asm.o)
                0x0000000000006e7c                floor(float)
                0x0000000000006e7c                floorf
 .text.libc.ldexpf
                0x0000000000006ee8       0x48 /usr/share/segger_embedded_studio_for_arm_4.10a/lib/libm_v7em_fpv4_sp_d16_hard_t_le_eabi.a(libm2_asm.o)
                0x0000000000006ee8                ldexpf
                0x0000000000006ee8                ldexp(float, int)
 .text.libc.frexpf
                0x0000000000006f30       0x3c /usr/share/segger_embedded_studio_for_arm_4.10a/lib/libm_v7em_fpv4_sp_d16_hard_t_le_eabi.a(libm2_asm.o)
                0x0000000000006f30                frexp(float, int*)
                0x0000000000006f30                frexpf
                0x0000000000006f6c                __text_end__ = (__text_start__ + SIZEOF (.text))
                0x0000000000006cbc                __text_size__ = SIZEOF (.text)
                0x0000000000006f6c                __text_load_end__ = __text_end__

.vfp11_veneer   0x0000000100000000        0x0
 .vfp11_veneer  0x0000000100000000        0x0 linker stubs

.v4_bx          0x0000000100000000        0x0
 .v4_bx         0x0000000100000000        0x0 linker stubs

.iplt           0x0000000100000000        0x0
 .iplt          0x0000000100000000        0x0 Output/ss_twr_resp nrf52832_xxaa/Obj/thumb_crt0.o
                0x0000000000000001                . = ASSERT (((__text_start__ == __text_end__) || ((__text_end__ >= __FLASH_segment_start__) && (__text_end__ <= __FLASH_segment_end__))), error: .text is too large to fit in FLASH memory segment)
                0x0000000000006f6c                __dtors_load_start__ = ALIGN (__text_end__, 0x4)

.dtors          0x0000000000006f6c        0x0
                0x0000000000006f6c                __dtors_start__ = .
 *(SORT_BY_NAME(.dtors.*))
 *(.dtors)
 *(.fini_array)
 *(SORT_BY_NAME(.fini_array.*))
                0x0000000000006f6c                __dtors_end__ = (__dtors_start__ + SIZEOF (.dtors))
                0x0000000000000000                __dtors_size__ = SIZEOF (.dtors)
                0x0000000000006f6c                __dtors_load_end__ = __dtors_end__
                0x0000000000000001                . = ASSERT (((__dtors_start__ == __dtors_end__) || ((__dtors_end__ >= __FLASH_segment_start__) && (__dtors_end__ <= __FLASH_segment_end__))), error: .dtors is too large to fit in FLASH memory segment)
                0x0000000000006f6c                __ctors_load_start__ = ALIGN (__dtors_end__, 0x4)

.ctors          0x0000000000006f6c        0x0
                0x0000000000006f6c                __ctors_start__ = .
 *(SORT_BY_NAME(.ctors.*))
 *(.ctors)
 *(.init_array)
 *(SORT_BY_NAME(.init_array.*))
                0x0000000000006f6c                __ctors_end__ = (__ctors_start__ + SIZEOF (.ctors))
                0x0000000000000000                __ctors_size__ = SIZEOF (.ctors)
                0x0000000000006f6c                __ctors_load_end__ = __ctors_end__
                0x0000000000000001                . = ASSERT (((__ctors_start__ == __ctors_end__) || ((__ctors_end__ >= __FLASH_segment_start__) && (__ctors_end__ <= __FLASH_segment_end__))), error: .ctors is too large to fit in FLASH memory segment)
                0x0000000000006f6c                __rodata_load_start__ = ALIGN (__ctors_end__, 0x4)

.rodata         0x0000000000006f6c      0x224
                0x0000000000006f6c                __rodata_start__ = .
 *(.rodata .rodata.* .gnu.linkonce.r.*)
 .rodata        0x0000000000006f6c       0x1b Output/ss_twr_resp nrf52832_xxaa/Obj/main.o
 *fill*         0x0000000000006f87        0x1 
 .rodata        0x0000000000006f88        0x1 Output/ss_twr_resp nrf52832_xxaa/Obj/ss_resp_main.o
 *fill*         0x0000000000006f89        0x3 
 .rodata.chan_idx
                0x0000000000006f8c        0x8 Output/ss_twr_resp nrf52832_xxaa/Obj/deca_params_init.o
                0x0000000000006f8c                chan_idx
 .rodata.tx_config
                0x0000000000006f94       0x18 Output/ss_twr_resp nrf52832_xxaa/Obj/deca_params_init.o
                0x0000000000006f94                tx_config
 .rodata.fs_pll_cfg
                0x0000000000006fac       0x18 Output/ss_twr_resp nrf52832_xxaa/Obj/deca_params_init.o
                0x0000000000006fac                fs_pll_cfg
 .rodata.fs_pll_tune
                0x0000000000006fc4        0x6 Output/ss_twr_resp nrf52832_xxaa/Obj/deca_params_init.o
                0x0000000000006fc4                fs_pll_tune
 *fill*         0x0000000000006fca        0x2 
 .rodata.rx_config
                0x0000000000006fcc        0x2 Output/ss_twr_resp nrf52832_xxaa/Obj/deca_params_init.o
                0x0000000000006fcc                rx_config
 *fill*         0x0000000000006fce        0x2 
 .rodata.agc_config
                0x0000000000006fd0        0x8 Output/ss_twr_resp nrf52832_xxaa/Obj/deca_params_init.o
                0x0000000000006fd0                agc_config
 .rodata.dwnsSFDlen
                0x0000000000006fd8        0x3 Output/ss_twr_resp nrf52832_xxaa/Obj/deca_params_init.o
                0x0000000000006fd8                dwnsSFDlen
 *fill*         0x0000000000006fdb        0x1 
 .rodata.sftsh  0x0000000000006fdc        0xc Output/ss_twr_resp nrf52832_xxaa/Obj/deca_params_init.o
                0x0000000000006fdc                sftsh
 .rodata.dtune1
                0x0000000000006fe8        0x4 Output/ss_twr_resp nrf52832_xxaa/Obj/deca_params_init.o
                0x0000000000006fe8                dtune1
 .rodata.digital_bb_config
                0x0000000000006fec       0x20 Output/ss_twr_resp nrf52832_xxaa/Obj/deca_params_init.o
                0x0000000000006fec                digital_bb_config
 .rodata.lde_replicaCoeff
                0x000000000000700c       0x32 Output/ss_twr_resp nrf52832_xxaa/Obj/deca_params_init.o
                0x000000000000700c                lde_replicaCoeff
 *fill*         0x000000000000703e        0x2 
 .rodata.spi    0x0000000000007040        0x8 Output/ss_twr_resp nrf52832_xxaa/Obj/port_platform.o
 .rodata        0x0000000000007048       0x20 Output/ss_twr_resp nrf52832_xxaa/Obj/port_platform.o
 .rodata        0x0000000000007068        0x5 Output/ss_twr_resp nrf52832_xxaa/Obj/tasks.o
 *fill*         0x000000000000706d        0x3 
 .rodata        0x0000000000007070        0xd Output/ss_twr_resp nrf52832_xxaa/Obj/timers.o
 *fill*         0x000000000000707d        0x3 
 .rodata.libc.__float32_nan
                0x0000000000007080        0x4 /usr/share/segger_embedded_studio_for_arm_4.10a/lib/libm_v7em_fpv4_sp_d16_hard_t_le_eabi.a(libm_asm.o)
                0x0000000000007080                __float32_nan
 .rodata.libc.__RAL_hex_lc
                0x0000000000007084       0x10 /usr/share/segger_embedded_studio_for_arm_4.10a/lib/libc_v7em_fpv4_sp_d16_hard_t_le_eabi.a(libc2.o)
                0x0000000000007084                __RAL_hex_lc
 .rodata.libc.__RAL_hex_uc
                0x0000000000007094       0x10 /usr/share/segger_embedded_studio_for_arm_4.10a/lib/libc_v7em_fpv4_sp_d16_hard_t_le_eabi.a(libc2.o)
                0x0000000000007094                __RAL_hex_uc
 .rodata.libc.__aeabi_EDOM
                0x00000000000070a4        0x4 /usr/share/segger_embedded_studio_for_arm_4.10a/lib/libc_v7em_fpv4_sp_d16_hard_t_le_eabi.a(libc2.o)
                0x00000000000070a4                __aeabi_EDOM
 .rodata.libc.powerf
                0x00000000000070a8       0x18 /usr/share/segger_embedded_studio_for_arm_4.10a/lib/libc_v7em_fpv4_sp_d16_hard_t_le_eabi.a(libc2.o)
 .rodata.libc.__vfprintf_float_long.str1.4
                0x00000000000070c0       0x28 /usr/share/segger_embedded_studio_for_arm_4.10a/lib/libvfprintf_v7em_fpv4_sp_d16_hard_t_le_eabi.o
 .rodata.libc.__vfprintf_int.str1.4
                0x00000000000070e8        0x8 /usr/share/segger_embedded_studio_for_arm_4.10a/lib/libvfprintf_v7em_fpv4_sp_d16_hard_t_le_eabi.o
                                          0x7 (size before relaxing)
 .rodata.libc.ipow10
                0x00000000000070f0       0xa0 /usr/share/segger_embedded_studio_for_arm_4.10a/lib/libvfprintf_v7em_fpv4_sp_d16_hard_t_le_eabi.o
                0x0000000000007190                __rodata_end__ = (__rodata_start__ + SIZEOF (.rodata))
                0x0000000000000224                __rodata_size__ = SIZEOF (.rodata)
                0x0000000000007190                __rodata_load_end__ = __rodata_end__

.rel.dyn        0x0000000000000000        0x0
 .rel.iplt      0x0000000000000000        0x0 Output/ss_twr_resp nrf52832_xxaa/Obj/thumb_crt0.o
                0x0000000000000001                . = ASSERT (((__rodata_start__ == __rodata_end__) || ((__rodata_end__ >= __FLASH_segment_start__) && (__rodata_end__ <= __FLASH_segment_end__))), error: .rodata is too large to fit in FLASH memory segment)
                0x0000000000007190                __ARM.exidx_load_start__ = ALIGN (__rodata_end__, 0x4)

.ARM.exidx      0x0000000000007190        0x0
                0x0000000000007190                __ARM.exidx_start__ = .
                0x0000000000007190                __exidx_start = __ARM.exidx_start__
 *(.ARM.exidx .ARM.exidx.*)
                0x0000000000007190                __ARM.exidx_end__ = (__ARM.exidx_start__ + SIZEOF (.ARM.exidx))
                0x0000000000000000                __ARM.exidx_size__ = SIZEOF (.ARM.exidx)
                0x0000000000007190                __exidx_end = __ARM.exidx_end__
                0x0000000000007190                __ARM.exidx_load_end__ = __ARM.exidx_end__
                0x0000000000000001                . = ASSERT (((__ARM.exidx_start__ == __ARM.exidx_end__) || ((__ARM.exidx_end__ >= __FLASH_segment_start__) && (__ARM.exidx_end__ <= __FLASH_segment_end__))), error: .ARM.exidx is too large to fit in FLASH memory segment)
                0x0000000000007190                __fast_load_start__ = ALIGN (__ARM.exidx_end__, 0x4)

.fast           0x0000000020000000        0x0 load address 0x0000000000007190
                0x0000000020000000                __fast_start__ = .
 *(.fast .fast.*)
                0x0000000020000000                __fast_end__ = (__fast_start__ + SIZEOF (.fast))
                0x0000000000000000                __fast_size__ = SIZEOF (.fast)
                0x0000000000007190                __fast_load_end__ = (__fast_load_start__ + SIZEOF (.fast))
                0x0000000000000001                . = ASSERT (((__fast_load_start__ == __fast_load_end__) || ((__fast_load_end__ >= __FLASH_segment_start__) && (__fast_load_end__ <= __FLASH_segment_end__))), error: .fast is too large to fit in FLASH memory segment)

.fast_run       0x0000000020000000        0x0
                0x0000000020000000                __fast_run_start__ = .
                0x0000000020000000                . = MAX ((__fast_run_start__ + SIZEOF (.fast)), .)
                0x0000000020000000                __fast_run_end__ = (__fast_run_start__ + SIZEOF (.fast_run))
                0x0000000000000000                __fast_run_size__ = SIZEOF (.fast_run)
                0x0000000020000000                __fast_run_load_end__ = __fast_run_end__
                0x0000000000000001                . = ASSERT (((__fast_run_start__ == __fast_run_end__) || ((__fast_run_end__ >= __SRAM_segment_start__) && (__fast_run_end__ <= __SRAM_segment_end__))), error: .fast_run is too large to fit in SRAM memory segment)
                0x0000000000007190                __data_load_start__ = ALIGN ((__fast_load_start__ + SIZEOF (.fast)), 0x4)

.data           0x0000000020000000       0x38 load address 0x0000000000007190
                0x0000000020000000                __data_start__ = .
 *(.data .data.* .gnu.linkonce.d.*)
 .data.SystemCoreClock
                0x0000000020000000        0x4 Output/ss_twr_resp nrf52832_xxaa/Obj/system_nrf52.o
                0x0000000020000000                SystemCoreClock
 .data.config   0x0000000020000004        0xc Output/ss_twr_resp nrf52832_xxaa/Obj/main.o
 .data.rx_poll_msg
                0x0000000020000010        0xc Output/ss_twr_resp nrf52832_xxaa/Obj/ss_resp_main.o
 .data.tx_resp_msg
                0x000000002000001c       0x14 Output/ss_twr_resp nrf52832_xxaa/Obj/ss_resp_main.o
 .data.pdw1000local
                0x0000000020000030        0x4 Output/ss_twr_resp nrf52832_xxaa/Obj/deca_device.o
 .data.xNextTaskUnblockTime
                0x0000000020000034        0x4 Output/ss_twr_resp nrf52832_xxaa/Obj/tasks.o
                0x0000000020000038                __data_end__ = (__data_start__ + SIZEOF (.data))
                0x0000000000000038                __data_size__ = SIZEOF (.data)
                0x00000000000071c8                __data_load_end__ = (__data_load_start__ + SIZEOF (.data))

.igot.plt       0x0000000100000000        0x0
 .igot.plt      0x0000000100000000        0x0 Output/ss_twr_resp nrf52832_xxaa/Obj/thumb_crt0.o
                0x0000000000000001                . = ASSERT (((__data_load_start__ == __data_load_end__) || ((__data_load_end__ >= __FLASH_segment_start__) && (__data_load_end__ <= __FLASH_segment_end__))), error: .data is too large to fit in FLASH memory segment)

.data_run       0x0000000020000000       0x38 load address 0x0000000000007190
                0x0000000020000000                __data_run_start__ = .
                0x0000000020000038                . = MAX ((__data_run_start__ + SIZEOF (.data)), .)
 *fill*         0x0000000020000000       0x38 
                0x0000000020000038                __data_run_end__ = (__data_run_start__ + SIZEOF (.data_run))
                0x0000000000000038                __data_run_size__ = SIZEOF (.data_run)
                0x0000000020000038                __data_run_load_end__ = __data_run_end__
                0x0000000000000001                . = ASSERT (((__data_run_start__ == __data_run_end__) || ((__data_run_end__ >= __SRAM_segment_start__) && (__data_run_end__ <= __SRAM_segment_end__))), error: .data_run is too large to fit in SRAM memory segment)
                0x00000000000071c8                __tdata_load_start__ = ALIGN ((__data_load_start__ + SIZEOF (.data)), 0x4)

.tdata          0x0000000020000038        0x0 load address 0x00000000000071c8
                0x0000000020000038                __tdata_start__ = .
 *(.tdata .tdata.*)
                0x0000000020000038                __tdata_end__ = (__tdata_start__ + SIZEOF (.tdata))
                0x0000000000000000                __tdata_size__ = SIZEOF (.tdata)
                0x00000000000071c8                __tdata_load_end__ = (__tdata_load_start__ + SIZEOF (.tdata))
                0x0000000000000001                . = ASSERT (((__tdata_load_start__ == __tdata_load_end__) || ((__tdata_load_end__ >= __FLASH_segment_start__) && (__tdata_load_end__ <= __FLASH_segment_end__))), error: .tdata is too large to fit in FLASH memory segment)

.tdata_run      0x0000000020000038        0x0
                0x0000000020000038                __tdata_run_start__ = .
                0x0000000020000038                . = MAX ((__tdata_run_start__ + SIZEOF (.tdata)), .)
                0x0000000020000038                __tdata_run_end__ = (__tdata_run_start__ + SIZEOF (.tdata_run))
                0x0000000000000000                __tdata_run_size__ = SIZEOF (.tdata_run)
                0x0000000020000038                __tdata_run_load_end__ = __tdata_run_end__
                0x0000000000000001                . = ASSERT (((__tdata_run_start__ == __tdata_run_end__) || ((__tdata_run_end__ >= __SRAM_segment_start__) && (__tdata_run_end__ <= __SRAM_segment_end__))), error: .tdata_run is too large to fit in SRAM memory segment)
                0x0000000020000038                __nrf_sections_run_load_start__ = ALIGN (__tdata_run_end__, 0x4)

.nrf_sections_run
                0x0000000020000038        0x0
                0x0000000020000038                __nrf_sections_run_start__ = .
                0x0000000020000038                __start_nrf_sections_run = __nrf_sections_run_start__
 *(.nrf_sections_run .nrf_sections_run.*)
                0x0000000020000038                __nrf_sections_run_end__ = (__nrf_sections_run_start__ + SIZEOF (.nrf_sections_run))
                0x0000000000000000                __nrf_sections_run_size__ = SIZEOF (.nrf_sections_run)
                0x0000000020000038                __nrf_sections_run_load_end__ = __nrf_sections_run_end__
                0x0000000000000001                . = ASSERT (((__nrf_sections_run_start__ == __nrf_sections_run_end__) || ((__nrf_sections_run_end__ >= __SRAM_segment_start__) && (__nrf_sections_run_end__ <= __SRAM_segment_end__))), error: .nrf_sections_run is too large to fit in SRAM memory segment)
                0x00000000000071c8                __dfu_trans_load_start__ = ALIGN ((__tdata_load_start__ + SIZEOF (.tdata)), 0x4)

.dfu_trans      0x00000000000071c8        0x0
                0x00000000000071c8                __dfu_trans_start__ = .
                0x00000000000071c8                __start_dfu_trans = __dfu_trans_start__
 *(SORT_BY_NAME(.dfu_trans*))
                0x00000000000071c8                __dfu_trans_end__ = (__dfu_trans_start__ + SIZEOF (.dfu_trans))
                0x0000000000000000                __dfu_trans_size__ = SIZEOF (.dfu_trans)
                0x00000000000071c8                __stop_dfu_trans = __dfu_trans_end__
                0x00000000000071c8                __dfu_trans_load_end__ = __dfu_trans_end__
                0x0000000000000001                . = ASSERT (((__dfu_trans_start__ == __dfu_trans_end__) || ((__dfu_trans_end__ >= __FLASH_segment_start__) && (__dfu_trans_end__ <= __FLASH_segment_end__))), error: .dfu_trans is too large to fit in FLASH memory segment)
                0x00000000000071c8                __log_const_data_load_start__ = ALIGN (__dfu_trans_end__, 0x4)

.log_const_data
                0x00000000000071c8        0x0
                0x00000000000071c8                __log_const_data_start__ = .
                0x00000000000071c8                __start_log_const_data = __log_const_data_start__
 *(.log_const_data*)
                0x00000000000071c8                __log_const_data_end__ = (__log_const_data_start__ + SIZEOF (.log_const_data))
                0x0000000000000000                __log_const_data_size__ = SIZEOF (.log_const_data)
                0x00000000000071c8                __stop_log_const_data = __log_const_data_end__
                0x00000000000071c8                __log_const_data_load_end__ = __log_const_data_end__
                0x0000000000000001                . = ASSERT (((__log_const_data_start__ == __log_const_data_end__) || ((__log_const_data_end__ >= __FLASH_segment_start__) && (__log_const_data_end__ <= __FLASH_segment_end__))), error: .log_const_data is too large to fit in FLASH memory segment)
                0x00000000000071c8                __svc_data_load_start__ = ALIGN (__log_const_data_end__, 0x4)

.svc_data       0x00000000000071c8        0x0
                0x00000000000071c8                __svc_data_start__ = .
                0x00000000000071c8                __start_svc_data = __svc_data_start__
 *(.svc_data*)
                0x00000000000071c8                __svc_data_end__ = (__svc_data_start__ + SIZEOF (.svc_data))
                0x0000000000000000                __svc_data_size__ = SIZEOF (.svc_data)
                0x00000000000071c8                __stop_svc_data = __svc_data_end__
                0x00000000000071c8                __svc_data_load_end__ = __svc_data_end__
                0x0000000000000001                . = ASSERT (((__svc_data_start__ == __svc_data_end__) || ((__svc_data_end__ >= __FLASH_segment_start__) && (__svc_data_end__ <= __FLASH_segment_end__))), error: .svc_data is too large to fit in FLASH memory segment)
                0x00000000000071c8                __sdh_ble_observers_load_start__ = ALIGN (__svc_data_end__, 0x4)

.sdh_ble_observers
                0x00000000000071c8        0x0
                0x00000000000071c8                __sdh_ble_observers_start__ = .
                0x00000000000071c8                __start_sdh_ble_observers = __sdh_ble_observers_start__
 *(SORT_BY_NAME(.sdh_ble_observers*))
                0x00000000000071c8                __sdh_ble_observers_end__ = (__sdh_ble_observers_start__ + SIZEOF (.sdh_ble_observers))
                0x0000000000000000                __sdh_ble_observers_size__ = SIZEOF (.sdh_ble_observers)
                0x00000000000071c8                __stop_sdh_ble_observers = __sdh_ble_observers_end__
                0x00000000000071c8                __sdh_ble_observers_load_end__ = __sdh_ble_observers_end__
                0x0000000000000001                . = ASSERT (((__sdh_ble_observers_start__ == __sdh_ble_observers_end__) || ((__sdh_ble_observers_end__ >= __FLASH_segment_start__) && (__sdh_ble_observers_end__ <= __FLASH_segment_end__))), error: .sdh_ble_observers is too large to fit in FLASH memory segment)
                0x00000000000071c8                __sdh_req_observers_load_start__ = ALIGN (__sdh_ble_observers_end__, 0x4)

.sdh_req_observers
                0x00000000000071c8        0x0
                0x00000000000071c8                __sdh_req_observers_start__ = .
                0x00000000000071c8                __start_sdh_req_observers = __sdh_req_observers_start__
 *(SORT_BY_NAME(.sdh_req_observers*))
                0x00000000000071c8                __sdh_req_observers_end__ = (__sdh_req_observers_start__ + SIZEOF (.sdh_req_observers))
                0x0000000000000000                __sdh_req_observers_size__ = SIZEOF (.sdh_req_observers)
                0x00000000000071c8                __stop_sdh_req_observers = __sdh_req_observers_end__
                0x00000000000071c8                __sdh_req_observers_load_end__ = __sdh_req_observers_end__
                0x0000000000000001                . = ASSERT (((__sdh_req_observers_start__ == __sdh_req_observers_end__) || ((__sdh_req_observers_end__ >= __FLASH_segment_start__) && (__sdh_req_observers_end__ <= __FLASH_segment_end__))), error: .sdh_req_observers is too large to fit in FLASH memory segment)
                0x00000000000071c8                __sdh_state_observers_load_start__ = ALIGN (__sdh_req_observers_end__, 0x4)

.sdh_state_observers
                0x00000000000071c8        0x0
                0x00000000000071c8                __sdh_state_observers_start__ = .
                0x00000000000071c8                __start_sdh_state_observers = __sdh_state_observers_start__
 *(SORT_BY_NAME(.sdh_state_observers*))
                0x00000000000071c8                __sdh_state_observers_end__ = (__sdh_state_observers_start__ + SIZEOF (.sdh_state_observers))
                0x0000000000000000                __sdh_state_observers_size__ = SIZEOF (.sdh_state_observers)
                0x00000000000071c8                __stop_sdh_state_observers = __sdh_state_observers_end__
                0x00000000000071c8                __sdh_state_observers_load_end__ = __sdh_state_observers_end__
                0x0000000000000001                . = ASSERT (((__sdh_state_observers_start__ == __sdh_state_observers_end__) || ((__sdh_state_observers_end__ >= __FLASH_segment_start__) && (__sdh_state_observers_end__ <= __FLASH_segment_end__))), error: .sdh_state_observers is too large to fit in FLASH memory segment)
                0x00000000000071c8                __sdh_stack_observers_load_start__ = ALIGN (__sdh_state_observers_end__, 0x4)

.sdh_stack_observers
                0x00000000000071c8        0x0
                0x00000000000071c8                __sdh_stack_observers_start__ = .
                0x00000000000071c8                __start_sdh_stack_observers = __sdh_stack_observers_start__
 *(SORT_BY_NAME(.sdh_stack_observers*))
                0x00000000000071c8                __sdh_stack_observers_end__ = (__sdh_stack_observers_start__ + SIZEOF (.sdh_stack_observers))
                0x0000000000000000                __sdh_stack_observers_size__ = SIZEOF (.sdh_stack_observers)
                0x00000000000071c8                __stop_sdh_stack_observers = __sdh_stack_observers_end__
                0x00000000000071c8                __sdh_stack_observers_load_end__ = __sdh_stack_observers_end__
                0x0000000000000001                . = ASSERT (((__sdh_stack_observers_start__ == __sdh_stack_observers_end__) || ((__sdh_stack_observers_end__ >= __FLASH_segment_start__) && (__sdh_stack_observers_end__ <= __FLASH_segment_end__))), error: .sdh_stack_observers is too large to fit in FLASH memory segment)
                0x00000000000071c8                __sdh_soc_observers_load_start__ = ALIGN (__sdh_stack_observers_end__, 0x4)

.sdh_soc_observers
                0x00000000000071c8        0x0
                0x00000000000071c8                __sdh_soc_observers_start__ = .
                0x00000000000071c8                __start_sdh_soc_observers = __sdh_soc_observers_start__
 *(SORT_BY_NAME(.sdh_soc_observers*))
                0x00000000000071c8                __sdh_soc_observers_end__ = (__sdh_soc_observers_start__ + SIZEOF (.sdh_soc_observers))
                0x0000000000000000                __sdh_soc_observers_size__ = SIZEOF (.sdh_soc_observers)
                0x00000000000071c8                __stop_sdh_soc_observers = __sdh_soc_observers_end__
                0x00000000000071c8                __sdh_soc_observers_load_end__ = __sdh_soc_observers_end__
                0x0000000000000001                . = ASSERT (((__sdh_soc_observers_start__ == __sdh_soc_observers_end__) || ((__sdh_soc_observers_end__ >= __FLASH_segment_start__) && (__sdh_soc_observers_end__ <= __FLASH_segment_end__))), error: .sdh_soc_observers is too large to fit in FLASH memory segment)
                0x00000000000071c8                __nrf_sections_load_start__ = ALIGN (__sdh_soc_observers_end__, 0x4)

.nrf_sections   0x00000000000071c8        0x0
                0x00000000000071c8                __nrf_sections_start__ = .
                0x00000000000071c8                __start_nrf_sections = __nrf_sections_start__
 *(.nrf_sections .nrf_sections.*)
                0x00000000000071c8                __nrf_sections_end__ = (__nrf_sections_start__ + SIZEOF (.nrf_sections))
                0x0000000000000000                __nrf_sections_size__ = SIZEOF (.nrf_sections)
                0x00000000000071c8                __nrf_sections_load_end__ = __nrf_sections_end__
                0x0000000000000001                . = ASSERT (((__nrf_sections_start__ == __nrf_sections_end__) || ((__nrf_sections_end__ >= __FLASH_segment_start__) && (__nrf_sections_end__ <= __FLASH_segment_end__))), error: .nrf_sections is too large to fit in FLASH memory segment)
                0x00000000000071c8                __log_dynamic_data_load_start__ = ALIGN (__nrf_sections_end__, 0x4)

.log_dynamic_data
                0x0000000020000038        0x0 load address 0x00000000000071c8
                0x0000000020000038                __log_dynamic_data_start__ = .
 *(.log_dynamic_data*)
                0x0000000020000038                __log_dynamic_data_end__ = (__log_dynamic_data_start__ + SIZEOF (.log_dynamic_data))
                0x0000000000000000                __log_dynamic_data_size__ = SIZEOF (.log_dynamic_data)
                0x00000000000071c8                __log_dynamic_data_load_end__ = (__log_dynamic_data_load_start__ + SIZEOF (.log_dynamic_data))
                0x0000000000000001                . = ASSERT (((__log_dynamic_data_load_start__ == __log_dynamic_data_load_end__) || ((__log_dynamic_data_load_end__ >= __FLASH_segment_start__) && (__log_dynamic_data_load_end__ <= __FLASH_segment_end__))), error: .log_dynamic_data is too large to fit in FLASH memory segment)

.log_dynamic_data_run
                0x0000000020000038        0x0
                0x0000000020000038                __log_dynamic_data_run_start__ = .
                0x0000000020000038                __start_log_dynamic_data = __log_dynamic_data_run_start__
                0x0000000020000038                . = MAX ((__log_dynamic_data_run_start__ + SIZEOF (.log_dynamic_data)), .)
                0x0000000020000038                __log_dynamic_data_run_end__ = (__log_dynamic_data_run_start__ + SIZEOF (.log_dynamic_data_run))
                0x0000000000000000                __log_dynamic_data_run_size__ = SIZEOF (.log_dynamic_data_run)
                0x0000000020000038                __stop_log_dynamic_data = __log_dynamic_data_run_end__
                0x0000000020000038                __log_dynamic_data_run_load_end__ = __log_dynamic_data_run_end__
                0x0000000000000001                . = ASSERT (((__log_dynamic_data_run_start__ == __log_dynamic_data_run_end__) || ((__log_dynamic_data_run_end__ >= __SRAM_segment_start__) && (__log_dynamic_data_run_end__ <= __SRAM_segment_end__))), error: .log_dynamic_data_run is too large to fit in SRAM memory segment)
                0x00000000000071c8                __fs_data_load_start__ = ALIGN ((__log_dynamic_data_load_start__ + SIZEOF (.log_dynamic_data)), 0x4)

.fs_data        0x0000000020000038        0x0 load address 0x00000000000071c8
                0x0000000020000038                __fs_data_start__ = .
 *(.fs_data*)
                0x0000000020000038                __fs_data_end__ = (__fs_data_start__ + SIZEOF (.fs_data))
                0x0000000000000000                __fs_data_size__ = SIZEOF (.fs_data)
                0x00000000000071c8                __fs_data_load_end__ = (__fs_data_load_start__ + SIZEOF (.fs_data))
                0x00000000000071c8                __FLASH_segment_used_end__ = (ALIGN ((__log_dynamic_data_load_start__ + SIZEOF (.log_dynamic_data)), 0x4) + SIZEOF (.fs_data))
                0x00000000000071c8                __FLASH_segment_used_size__ = (__FLASH_segment_used_end__ - __FLASH_segment_start__)
                0x0000000000000001                . = ASSERT (((__fs_data_load_start__ == __fs_data_load_end__) || ((__fs_data_load_end__ >= __FLASH_segment_start__) && (__fs_data_load_end__ <= __FLASH_segment_end__))), error: .fs_data is too large to fit in FLASH memory segment)

.fs_data_run    0x0000000020000038        0x0
                0x0000000020000038                __fs_data_run_start__ = .
                0x0000000020000038                __start_fs_data = __fs_data_run_start__
                0x0000000020000038                . = MAX ((__fs_data_run_start__ + SIZEOF (.fs_data)), .)
                0x0000000020000038                __fs_data_run_end__ = (__fs_data_run_start__ + SIZEOF (.fs_data_run))
                0x0000000000000000                __fs_data_run_size__ = SIZEOF (.fs_data_run)
                0x0000000020000038                __stop_fs_data = __fs_data_run_end__
                0x0000000020000038                __fs_data_run_load_end__ = __fs_data_run_end__
                0x0000000000000001                . = ASSERT (((__fs_data_run_start__ == __fs_data_run_end__) || ((__fs_data_run_end__ >= __SRAM_segment_start__) && (__fs_data_run_end__ <= __SRAM_segment_end__))), error: .fs_data_run is too large to fit in SRAM memory segment)
                0x0000000020000038                __nrf_sections_run_end_load_start__ = ALIGN (__fs_data_run_end__, 0x4)

.nrf_sections_run_end
                0x0000000020000038        0x0
                0x0000000020000038                __nrf_sections_run_end_start__ = .
                0x0000000020000038                __end_nrf_sections_run = __nrf_sections_run_end_start__
 *(.nrf_sections_run_end .nrf_sections_run_end.*)
                0x0000000020000038                __nrf_sections_run_end_end__ = (__nrf_sections_run_end_start__ + SIZEOF (.nrf_sections_run_end))
                0x0000000000000000                __nrf_sections_run_end_size__ = SIZEOF (.nrf_sections_run_end)
                0x0000000020000038                __nrf_sections_run_end_load_end__ = __nrf_sections_run_end_end__
                0x0000000000000001                . = ASSERT (((__nrf_sections_run_end_start__ == __nrf_sections_run_end_end__) || ((__nrf_sections_run_end_end__ >= __SRAM_segment_start__) && (__nrf_sections_run_end_end__ <= __SRAM_segment_end__))), error: .nrf_sections_run_end is too large to fit in SRAM memory segment)
                0x0000000020000038                __bss_load_start__ = ALIGN (__nrf_sections_run_end_end__, 0x4)

.bss            0x0000000020000038     0x1278
                0x0000000020000038                __bss_start__ = .
 *(.bss .bss.* .gnu.linkonce.b.*)
 .bss.ss_responder_task_handle
                0x0000000020000038        0x4 Output/ss_twr_resp nrf52832_xxaa/Obj/main.o
                0x0000000020000038                ss_responder_task_handle
 .bss.led_toggle_task_handle
                0x000000002000003c        0x4 Output/ss_twr_resp nrf52832_xxaa/Obj/main.o
                0x000000002000003c                led_toggle_task_handle
 .bss.led_toggle_timer_handle
                0x0000000020000040        0x4 Output/ss_twr_resp nrf52832_xxaa/Obj/main.o
                0x0000000020000040                led_toggle_timer_handle
 .bss.frame_seq_nb
                0x0000000020000044        0x1 Output/ss_twr_resp nrf52832_xxaa/Obj/ss_resp_main.o
 *fill*         0x0000000020000045        0x3 
 .bss.rx_buffer
                0x0000000020000048       0x18 Output/ss_twr_resp nrf52832_xxaa/Obj/ss_resp_main.o
 .bss.status_reg
                0x0000000020000060        0x4 Output/ss_twr_resp nrf52832_xxaa/Obj/ss_resp_main.o
 *fill*         0x0000000020000064        0x4 
 .bss.b1_ts     0x0000000020000068        0x8 Output/ss_twr_resp nrf52832_xxaa/Obj/ss_resp_main.o
 .bss.b2_ts     0x0000000020000070        0x8 Output/ss_twr_resp nrf52832_xxaa/Obj/ss_resp_main.o
 .bss.tof       0x0000000020000078        0x8 Output/ss_twr_resp nrf52832_xxaa/Obj/ss_resp_main.o
 .bss.distance  0x0000000020000080        0x8 Output/ss_twr_resp nrf52832_xxaa/Obj/ss_resp_main.o
 .bss.rx_count  0x0000000020000088        0x4 Output/ss_twr_resp nrf52832_xxaa/Obj/ss_resp_main.o
 .bss.m_cb      0x000000002000008c       0x58 Output/ss_twr_resp nrf52832_xxaa/Obj/nrf_drv_gpiote.o
 .bss.m_cb      0x00000000200000e4       0x24 Output/ss_twr_resp nrf52832_xxaa/Obj/nrf_drv_spi.o
 .bss.m_cb      0x0000000020000108       0x20 Output/ss_twr_resp nrf52832_xxaa/Obj/nrf_drv_uart.o
 .bss.m_clock_cb
                0x0000000020000128       0x14 Output/ss_twr_resp nrf52832_xxaa/Obj/nrf_drv_clock.o
 .bss.m_in_critical_region
                0x000000002000013c        0x4 Output/ss_twr_resp nrf52832_xxaa/Obj/app_util_platform.o
 .bss.dw1000local
                0x0000000020000140       0x38 Output/ss_twr_resp nrf52832_xxaa/Obj/deca_device.o
 .bss.spi_xfer_done
                0x0000000020000178        0x1 Output/ss_twr_resp nrf52832_xxaa/Obj/port_platform.o
 *fill*         0x0000000020000179        0x3 
 .bss.xQueueRegistry
                0x000000002000017c       0x10 Output/ss_twr_resp nrf52832_xxaa/Obj/queue.o
                0x000000002000017c                xQueueRegistry
 .bss.pxCurrentTCB
                0x000000002000018c        0x4 Output/ss_twr_resp nrf52832_xxaa/Obj/tasks.o
                0x000000002000018c                pxCurrentTCB
 .bss.pxReadyTasksLists
                0x0000000020000190       0x3c Output/ss_twr_resp nrf52832_xxaa/Obj/tasks.o
 .bss.xDelayedTaskList1
                0x00000000200001cc       0x14 Output/ss_twr_resp nrf52832_xxaa/Obj/tasks.o
 .bss.xDelayedTaskList2
                0x00000000200001e0       0x14 Output/ss_twr_resp nrf52832_xxaa/Obj/tasks.o
 .bss.pxDelayedTaskList
                0x00000000200001f4        0x4 Output/ss_twr_resp nrf52832_xxaa/Obj/tasks.o
 .bss.pxOverflowDelayedTaskList
                0x00000000200001f8        0x4 Output/ss_twr_resp nrf52832_xxaa/Obj/tasks.o
 .bss.xPendingReadyList
                0x00000000200001fc       0x14 Output/ss_twr_resp nrf52832_xxaa/Obj/tasks.o
 .bss.xTasksWaitingTermination
                0x0000000020000210       0x14 Output/ss_twr_resp nrf52832_xxaa/Obj/tasks.o
 .bss.uxTasksDeleted
                0x0000000020000224        0x4 Output/ss_twr_resp nrf52832_xxaa/Obj/tasks.o
 .bss.xSuspendedTaskList
                0x0000000020000228       0x14 Output/ss_twr_resp nrf52832_xxaa/Obj/tasks.o
 .bss.xIdleTaskHandle
                0x000000002000023c        0x4 Output/ss_twr_resp nrf52832_xxaa/Obj/tasks.o
 .bss.uxCurrentNumberOfTasks
                0x0000000020000240        0x4 Output/ss_twr_resp nrf52832_xxaa/Obj/tasks.o
 .bss.xTickCount
                0x0000000020000244        0x4 Output/ss_twr_resp nrf52832_xxaa/Obj/tasks.o
 .bss.uxTopReadyPriority
                0x0000000020000248        0x4 Output/ss_twr_resp nrf52832_xxaa/Obj/tasks.o
 .bss.xSchedulerRunning
                0x000000002000024c        0x4 Output/ss_twr_resp nrf52832_xxaa/Obj/tasks.o
 .bss.uxPendedTicks
                0x0000000020000250        0x4 Output/ss_twr_resp nrf52832_xxaa/Obj/tasks.o
 .bss.xYieldPending
                0x0000000020000254        0x4 Output/ss_twr_resp nrf52832_xxaa/Obj/tasks.o
 .bss.xNumOfOverflows
                0x0000000020000258        0x4 Output/ss_twr_resp nrf52832_xxaa/Obj/tasks.o
 .bss.uxTaskNumber
                0x000000002000025c        0x4 Output/ss_twr_resp nrf52832_xxaa/Obj/tasks.o
 .bss.uxSchedulerSuspended
                0x0000000020000260        0x4 Output/ss_twr_resp nrf52832_xxaa/Obj/tasks.o
 .bss.xActiveTimerList1
                0x0000000020000264       0x14 Output/ss_twr_resp nrf52832_xxaa/Obj/timers.o
 .bss.xActiveTimerList2
                0x0000000020000278       0x14 Output/ss_twr_resp nrf52832_xxaa/Obj/timers.o
 .bss.pxCurrentTimerList
                0x000000002000028c        0x4 Output/ss_twr_resp nrf52832_xxaa/Obj/timers.o
 .bss.pxOverflowTimerList
                0x0000000020000290        0x4 Output/ss_twr_resp nrf52832_xxaa/Obj/timers.o
 .bss.xTimerQueue
                0x0000000020000294        0x4 Output/ss_twr_resp nrf52832_xxaa/Obj/timers.o
 .bss.xTimerTaskHandle
                0x0000000020000298        0x4 Output/ss_twr_resp nrf52832_xxaa/Obj/timers.o
 .bss.xLastTime.8153
                0x000000002000029c        0x4 Output/ss_twr_resp nrf52832_xxaa/Obj/timers.o
 .bss.ucHeap    0x00000000200002a0     0x1000 Output/ss_twr_resp nrf52832_xxaa/Obj/heap_1.o
 .bss.xNextFreeByte
                0x00000000200012a0        0x4 Output/ss_twr_resp nrf52832_xxaa/Obj/heap_1.o
 .bss.pucAlignedHeap.7897
                0x00000000200012a4        0x4 Output/ss_twr_resp nrf52832_xxaa/Obj/heap_1.o
 .bss.uxCriticalNesting
                0x00000000200012a8        0x4 Output/ss_twr_resp nrf52832_xxaa/Obj/port_cmsis.o
 .bss.libc.__user_format_extender
                0x00000000200012ac        0x4 /usr/share/segger_embedded_studio_for_arm_4.10a/lib/libc_v7em_fpv4_sp_d16_hard_t_le_eabi.a(libc2.o)
                0x00000000200012ac                __user_format_extender
 *(COMMON)
                0x00000000200012b0                __bss_end__ = (__bss_start__ + SIZEOF (.bss))
                0x0000000000001278                __bss_size__ = SIZEOF (.bss)
                0x00000000200012b0                __bss_load_end__ = __bss_end__
                0x0000000000000001                . = ASSERT (((__bss_start__ == __bss_end__) || ((__bss_end__ >= __SRAM_segment_start__) && (__bss_end__ <= __SRAM_segment_end__))), error: .bss is too large to fit in SRAM memory segment)
                0x00000000200012b0                __tbss_load_start__ = ALIGN (__bss_end__, 0x4)

.tbss           0x00000000200012b0        0x4
                0x00000000200012b0                __tbss_start__ = .
 *(.tbss .tbss.*)
 .tbss.errno_val
                0x00000000200012b0        0x4 /usr/share/segger_embedded_studio_for_arm_4.10a/lib/libc_v7em_fpv4_sp_d16_hard_t_le_eabi.a(libc2.o)
                0x00000000200012b4                __tbss_end__ = (__tbss_start__ + SIZEOF (.tbss))
                0x0000000000000004                __tbss_size__ = SIZEOF (.tbss)
                0x00000000200012b4                __tbss_load_end__ = __tbss_end__
                0x0000000000000001                . = ASSERT (((__tbss_start__ == __tbss_end__) || ((__tbss_end__ >= __SRAM_segment_start__) && (__tbss_end__ <= __SRAM_segment_end__))), error: .tbss is too large to fit in SRAM memory segment)
                0x00000000200012b4                __non_init_load_start__ = ALIGN (__tbss_end__, 0x4)

.non_init       0x00000000200012b4        0x0
                0x00000000200012b4                __non_init_start__ = .
 *(.non_init .non_init.*)
                0x00000000200012b4                __non_init_end__ = (__non_init_start__ + SIZEOF (.non_init))
                0x0000000000000000                __non_init_size__ = SIZEOF (.non_init)
                0x00000000200012b4                __non_init_load_end__ = __non_init_end__
                0x0000000000000001                . = ASSERT (((__non_init_start__ == __non_init_end__) || ((__non_init_end__ >= __SRAM_segment_start__) && (__non_init_end__ <= __SRAM_segment_end__))), error: .non_init is too large to fit in SRAM memory segment)
                0x00000000200012b4                __heap_load_start__ = ALIGN (__non_init_end__, 0x4)

.heap           0x00000000200012b4      0x400
                0x00000000200012b4                __heap_start__ = .
 *(.heap .heap.*)
                0x00000000200016b4                . = ALIGN (MAX ((__heap_start__ + __HEAPSIZE__), .), 0x4)
 *fill*         0x00000000200012b4      0x400 